Component: ARM Compiler 5.06 update 5 (build 528) Tool: armlink [4d35e2]

==============================================================================

Section Cross References

    startup_stm32f10x_md.o(STACK) refers (Special) to heapauxi.o(.text) for __use_two_region_memory
    startup_stm32f10x_md.o(HEAP) refers (Special) to heapauxi.o(.text) for __use_two_region_memory
    startup_stm32f10x_md.o(RESET) refers (Special) to heapauxi.o(.text) for __use_two_region_memory
    startup_stm32f10x_md.o(RESET) refers to startup_stm32f10x_md.o(STACK) for __initial_sp
    startup_stm32f10x_md.o(RESET) refers to startup_stm32f10x_md.o(.text) for Reset_Handler
    startup_stm32f10x_md.o(RESET) refers to stm32f10x_it.o(i.NMI_Handler) for NMI_Handler
    startup_stm32f10x_md.o(RESET) refers to stm32f10x_it.o(i.HardFault_Handler) for HardFault_Handler
    startup_stm32f10x_md.o(RESET) refers to stm32f10x_it.o(i.MemManage_Handler) for MemManage_Handler
    startup_stm32f10x_md.o(RESET) refers to stm32f10x_it.o(i.BusFault_Handler) for BusFault_Handler
    startup_stm32f10x_md.o(RESET) refers to stm32f10x_it.o(i.UsageFault_Handler) for UsageFault_Handler
    startup_stm32f10x_md.o(RESET) refers to stm32f10x_it.o(i.SVC_Handler) for SVC_Handler
    startup_stm32f10x_md.o(RESET) refers to stm32f10x_it.o(i.DebugMon_Handler) for DebugMon_Handler
    startup_stm32f10x_md.o(RESET) refers to stm32f10x_it.o(i.PendSV_Handler) for PendSV_Handler
    startup_stm32f10x_md.o(RESET) refers to stm32f10x_it.o(i.SysTick_Handler) for SysTick_Handler
    startup_stm32f10x_md.o(RESET) refers to main.o(i.TIM2_IRQHandler) for TIM2_IRQHandler
    startup_stm32f10x_md.o(.text) refers (Special) to heapauxi.o(.text) for __use_two_region_memory
    startup_stm32f10x_md.o(.text) refers to system_stm32f10x.o(i.SystemInit) for SystemInit
    startup_stm32f10x_md.o(.text) refers to __main.o(!!!main) for __main
    startup_stm32f10x_md.o(.text) refers to startup_stm32f10x_md.o(HEAP) for Heap_Mem
    startup_stm32f10x_md.o(.text) refers to startup_stm32f10x_md.o(STACK) for Stack_Mem
    system_stm32f10x.o(i.SetSysClock) refers to system_stm32f10x.o(i.SetSysClockTo72) for SetSysClockTo72
    system_stm32f10x.o(i.SystemCoreClockUpdate) refers to system_stm32f10x.o(.data) for SystemCoreClock
    system_stm32f10x.o(i.SystemInit) refers to system_stm32f10x.o(i.SetSysClock) for SetSysClock
    stm32f10x_adc.o(i.ADC_DeInit) refers to stm32f10x_rcc.o(i.RCC_APB2PeriphResetCmd) for RCC_APB2PeriphResetCmd
    stm32f10x_bkp.o(i.BKP_DeInit) refers to stm32f10x_rcc.o(i.RCC_BackupResetCmd) for RCC_BackupResetCmd
    stm32f10x_can.o(i.CAN_DeInit) refers to stm32f10x_rcc.o(i.RCC_APB1PeriphResetCmd) for RCC_APB1PeriphResetCmd
    stm32f10x_can.o(i.CAN_GetITStatus) refers to stm32f10x_can.o(i.CheckITStatus) for CheckITStatus
    stm32f10x_cec.o(i.CEC_DeInit) refers to stm32f10x_rcc.o(i.RCC_APB1PeriphResetCmd) for RCC_APB1PeriphResetCmd
    stm32f10x_dac.o(i.DAC_DeInit) refers to stm32f10x_rcc.o(i.RCC_APB1PeriphResetCmd) for RCC_APB1PeriphResetCmd
    stm32f10x_flash.o(i.FLASH_EnableWriteProtection) refers to stm32f10x_flash.o(i.FLASH_WaitForLastOperation) for FLASH_WaitForLastOperation
    stm32f10x_flash.o(i.FLASH_EraseAllBank1Pages) refers to stm32f10x_flash.o(i.FLASH_WaitForLastBank1Operation) for FLASH_WaitForLastBank1Operation
    stm32f10x_flash.o(i.FLASH_EraseAllPages) refers to stm32f10x_flash.o(i.FLASH_WaitForLastOperation) for FLASH_WaitForLastOperation
    stm32f10x_flash.o(i.FLASH_EraseOptionBytes) refers to stm32f10x_flash.o(i.FLASH_GetReadOutProtectionStatus) for FLASH_GetReadOutProtectionStatus
    stm32f10x_flash.o(i.FLASH_EraseOptionBytes) refers to stm32f10x_flash.o(i.FLASH_WaitForLastOperation) for FLASH_WaitForLastOperation
    stm32f10x_flash.o(i.FLASH_ErasePage) refers to stm32f10x_flash.o(i.FLASH_WaitForLastOperation) for FLASH_WaitForLastOperation
    stm32f10x_flash.o(i.FLASH_ProgramHalfWord) refers to stm32f10x_flash.o(i.FLASH_WaitForLastOperation) for FLASH_WaitForLastOperation
    stm32f10x_flash.o(i.FLASH_ProgramOptionByteData) refers to stm32f10x_flash.o(i.FLASH_WaitForLastOperation) for FLASH_WaitForLastOperation
    stm32f10x_flash.o(i.FLASH_ProgramWord) refers to stm32f10x_flash.o(i.FLASH_WaitForLastOperation) for FLASH_WaitForLastOperation
    stm32f10x_flash.o(i.FLASH_ReadOutProtection) refers to stm32f10x_flash.o(i.FLASH_WaitForLastOperation) for FLASH_WaitForLastOperation
    stm32f10x_flash.o(i.FLASH_UserOptionByteConfig) refers to stm32f10x_flash.o(i.FLASH_WaitForLastOperation) for FLASH_WaitForLastOperation
    stm32f10x_flash.o(i.FLASH_WaitForLastBank1Operation) refers to stm32f10x_flash.o(i.FLASH_GetBank1Status) for FLASH_GetBank1Status
    stm32f10x_flash.o(i.FLASH_WaitForLastOperation) refers to stm32f10x_flash.o(i.FLASH_GetBank1Status) for FLASH_GetBank1Status
    stm32f10x_gpio.o(i.GPIO_AFIODeInit) refers to stm32f10x_rcc.o(i.RCC_APB2PeriphResetCmd) for RCC_APB2PeriphResetCmd
[...]
    I2C1_ER_IRQHandler                       0x08000287   Thumb Code     0  startup_stm32f10x_md.o(.text)
    I2C1_EV_IRQHandler                       0x08000287   Thumb Code     0  startup_stm32f10x_md.o(.text)
    I2C2_ER_IRQHandler                       0x08000287   Thumb Code     0  startup_stm32f10x_md.o(.text)
    I2C2_EV_IRQHandler                       0x08000287   Thumb Code     0  startup_stm32f10x_md.o(.text)
    PVD_IRQHandler                           0x08000287   Thumb Code     0  startup_stm32f10x_md.o(.text)
    RCC_IRQHandler                           0x08000287   Thumb Code     0  startup_stm32f10x_md.o(.text)
    RTCAlarm_IRQHandler                      0x08000287   Thumb Code     0  startup_stm32f10x_md.o(.text)
    RTC_IRQHandler                           0x08000287   Thumb Code     0  startup_stm32f10x_md.o(.text)
    SPI1_IRQHandler                          0x08000287   Thumb Code     0  startup_stm32f10x_md.o(.text)
    SPI2_IRQHandler                          0x08000287   Thumb Code     0  startup_stm32f10x_md.o(.text)
    TAMPER_IRQHandler                        0x08000287   Thumb Code     0  startup_stm32f10x_md.o(.text)
    TIM1_BRK_IRQHandler                      0x08000287   Thumb Code     0  startup_stm32f10x_md.o(.text)
    TIM1_CC_IRQHandler                       0x08000287   Thumb Code     0  startup_stm32f10x_md.o(.text)
    TIM1_TRG_COM_IRQHandler                  0x08000287   Thumb Code     0  startup_stm32f10x_md.o(.text)
    TIM1_UP_IRQHandler                       0x08000287   Thumb Code     0  startup_stm32f10x_md.o(.text)
    TIM3_IRQHandler                          0x08000287   Thumb Code     0  startup_stm32f10x_md.o(.text)
    TIM4_IRQHandler                          0x08000287   Thumb Code     0  startup_stm32f10x_md.o(.text)
    USART1_IRQHandler                        0x08000287   Thumb Code     0  startup_stm32f10x_md.o(.text)
    USART2_IRQHandler                        0x08000287   Thumb Code     0  startup_stm32f10x_md.o(.text)
    USART3_IRQHandler                        0x08000287   Thumb Code     0  startup_stm32f10x_md.o(.text)
    USBWakeUp_IRQHandler                     0x08000287   Thumb Code     0  startup_stm32f10x_md.o(.text)
    USB_HP_CAN1_TX_IRQHandler                0x08000287   Thumb Code     0  startup_stm32f10x_md.o(.text)
    USB_LP_CAN1_RX0_IRQHandler               0x08000287   Thumb Code     0  startup_stm32f10x_md.o(.text)
    WWDG_IRQHandler                          0x08000287   Thumb Code     0  startup_stm32f10x_md.o(.text)
    __user_initial_stackheap                 0x08000289   Thumb Code     0  startup_stm32f10x_md.o(.text)
    vsprintf                                 0x080002ad   Thumb Code    32  vsprintf.o(.text)
    srand                                    0x080002d1   Thumb Code    42  rand.o(.text)
    _rand_init                               0x080002fb   Thumb Code     4  rand.o(.text)
    __aeabi_memcpy4                          0x0800030d   Thumb Code     0  rt_memcpy_w.o(.text)
    __aeabi_memcpy8                          0x0800030d   Thumb Code     0  rt_memcpy_w.o(.text)
    __rt_memcpy_w                            0x0800030d   Thumb Code   100  rt_memcpy_w.o(.text)
    _memcpy_lastbytes_aligned                0x08000355   Thumb Code     0  rt_memcpy_w.o(.text)
    strcmp                                   0x08000371   Thumb Code   128  strcmpv7m.o(.text)
    localtime                                0x080003f1   Thumb Code     6  localtime.o(.text)
    mktime                                   0x0800043b   Thumb Code   356  mktime.o(.text)
    __use_two_region_memory                  0x080005a9   Thumb Code     2  heapauxi.o(.text)
    __rt_heap_escrow$2region                 0x080005ab   Thumb Code     2  heapauxi.o(.text)
    __rt_heap_expand$2region                 0x080005ad   Thumb Code     2  heapauxi.o(.text)
    __read_errno                             0x080005af   Thumb Code    10  _rserrno.o(.text)
    __set_errno                              0x080005b9   Thumb Code    12  _rserrno.o(.text)
    _printf_pre_padding                      0x080005c5   Thumb Code    44  _printf_pad.o(.text)
    _printf_post_padding                     0x080005f1   Thumb Code    34  _printf_pad.o(.text)
    _printf_truncate_signed                  0x08000613   Thumb Code    18  _printf_truncate.o(.text)
    _printf_truncate_unsigned                0x08000625   Thumb Code    18  _printf_truncate.o(.text)
    _printf_str                              0x08000637   Thumb Code    82  _printf_str.o(.text)
    _printf_int_dec                          0x08000689   Thumb Code   104  _printf_dec.o(.text)
    _printf_charcount                        0x08000701   Thumb Code    40  _printf_charcount.o(.text)
    _printf_char_common                      0x08000733   Thumb Code    32  _printf_char_common.o(.text)
    _sputc                                   0x08000759   Thumb Code    10  _sputc.o(.text)
    _printf_wctomb                           0x08000765   Thumb Code   182  _printf_wctomb.o(.text)
    _printf_longlong_dec                     0x08000821   Thumb Code   108  _printf_longlong_dec.o(.text)
    _printf_longlong_oct                     0x0800089d   Thumb Code    66  _printf_oct_int_ll.o(.text)
    _printf_int_oct                          0x080008df   Thumb Code    24  _printf_oct_int_ll.o(.text)
    _printf_ll_oct                           0x080008f7   Thumb Code    12  _printf_oct_int_ll.o(.text)
    _printf_longlong_hex                     0x0800090d   Thumb Code    86  _printf_hex_int_ll_ptr.o(.text)
    _printf_int_hex                          0x08000963   Thumb Code    28  _printf_hex_int_ll_ptr.o(.text)
    _printf_ll_hex                           0x0800097f   Thumb Code    12  _printf_hex_int_ll_ptr.o(.text)
    _printf_hex_ptr                          0x0800098b   Thumb Code    18  _printf_hex_int_ll_ptr.o(.text)
    __printf                                 0x080009a1   Thumb Code   388  __printf_flags_ss_wp.o(.text)
    _localtime_r                             0x08000b29   Thumb Code   178  localtime_internal.o(.text)
    _n$localtime_r                           0x08000b29   Thumb Code     0  localtime_internal.o(.text)
    __aeabi_errno_addr                       0x08000be1   Thumb Code     8  rt_errno_addr_intlibspace.o(.text)
    __errno$intlibspace                      0x08000be1   Thumb Code     0  rt_errno_addr_intlibspace.o(.text)
    __rt_errno_addr$intlibspace              0x08000be1   Thumb Code     0  rt_errno_addr_intlibspace.o(.text)
    _ll_udiv10                               0x08000be9   Thumb Code   138  lludiv10.o(.text)
    _printf_int_common                       0x08000c73   Thumb Code   178  _printf_intcommon.o(.text)
    __lib_sel_fp_printf                      0x08000d25   Thumb Code     2  _printf_fp_dec.o(.text)
    _printf_fp_dec_real                      0x08000ed7   Thumb Code   620  _printf_fp_dec.o(.text)
    _printf_fp_hex_real                      0x08001145   Thumb Code   756  _printf_fp_hex.o(.text)
    _printf_cs_common                        0x08001441   Thumb Code    20  _printf_char.o(.text)
    _printf_char                             0x08001455   Thumb Code    16  _printf_char.o(.text)
    _printf_string                           0x08001465   Thumb Code     8  _printf_char.o(.text)
    _printf_lcs_common                       0x0800146d   Thumb Code    20  _printf_wchar.o(.text)
    _printf_wchar                            0x08001481   Thumb Code    16  _printf_wchar.o(.text)
    _printf_wstring                          0x08001491   Thumb Code     8  _printf_wchar.o(.text)
    _wcrtomb                                 0x08001499   Thumb Code    64  _wcrtomb.o(.text)
    __aeabi_memclr4                          0x080014d9   Thumb Code     0  rt_memclr_w.o(.text)
    __aeabi_memclr8                          0x080014d9   Thumb Code     0  rt_memclr_w.o(.text)
    __rt_memclr_w                            0x080014d9   Thumb Code    78  rt_memclr_w.o(.text)
    _memset_w                                0x080014dd   Thumb Code     0  rt_memclr_w.o(.text)
    __user_libspace                          0x08001529   Thumb Code     8  libspace.o(.text)
    __user_perproc_libspace                  0x08001529   Thumb Code     0  libspace.o(.text)
    __user_perthread_libspace                0x08001529   Thumb Code     0  libspace.o(.text)
    __user_setup_stackheap                   0x08001531   Thumb Code    74  sys_stackheap_outer.o(.text)
    __rt_ctype_table                         0x0800157d   Thumb Code    16  rt_ctype_table.o(.text)
    __rt_locale                              0x0800158d   Thumb Code     8  rt_locale_intlibspace.o(.text)
    _printf_fp_infnan                        0x08001595   Thumb Code   112  _printf_fp_infnan.o(.text)
    _btod_etento                             0x08001615   Thumb Code   224  bigflt0.o(.text)
    exit                                     0x080016f9   Thumb Code    18  exit.o(.text)
    __I$use$semihosting                      0x0800170b   Thumb Code     0  use_no_semi.o(.text)
    __use_no_semihosting_swi                 0x0800170b   Thumb Code     2  use_no_semi.o(.text)
    __semihosting_library_function           0x0800170d   Thumb Code     0  indicate_semi.o(.text)
    _sys_exit                                0x0800170d   Thumb Code     8  sys_exit.o(.text)
    _btod_d2e                                0x08001719   Thumb Code    62  btod.o(CL$$btod_d2e)
    _d2e_denorm_low                          0x08001757   Thumb Code    70  btod.o(CL$$btod_d2e_denorm_low)
    _d2e_norm_op1                            0x0800179d   Thumb Code    96  btod.o(CL$$btod_d2e_norm_op1)
    __btod_div_common                        0x080017fd   Thumb Code   696  btod.o(CL$$btod_div_common)
    _e2e                                     0x08001b35   Thumb Code   220  btod.o(CL$$btod_e2e)
    _btod_ediv                               0x08001c11   Thumb Code    42  btod.o(CL$$btod_ediv)
    _btod_emul                               0x08001c3b   Thumb Code    42  btod.o(CL$$btod_emul)
    __btod_mult_common                       0x08001c65   Thumb Code   580  btod.o(CL$$btod_mult_common)
    ADC_Cmd                                  0x08001ea9   Thumb Code    22  stm32f10x_adc.o(i.ADC_Cmd)
    ADC_GetCalibrationStatus                 0x08001ebf   Thumb Code    20  stm32f10x_adc.o(i.ADC_GetCalibrationStatus)
    ADC_GetConversionValue                   0x08001ed3   Thumb Code     8  stm32f10x_adc.o(i.ADC_GetConversionValue)
    ADC_GetFlagStatus                        0x08001edb   Thumb Code    18  stm32f10x_adc.o(i.ADC_GetFlagStatus)
    ADC_GetResetCalibrationStatus            0x08001eed   Thumb Code    20  stm32f10x_adc.o(i.ADC_GetResetCalibrationStatus)
    ADC_Init                                 0x08001f01   Thumb Code    70  stm32f10x_adc.o(i.ADC_Init)
    ADC_RegularChannelConfig                 0x08001f51   Thumb Code   184  stm32f10x_adc.o(i.ADC_RegularChannelConfig)
    ADC_ResetCalibration                     0x08002009   Thumb Code    10  stm32f10x_adc.o(i.ADC_ResetCalibration)
    ADC_SoftwareStartConvCmd                 0x08002013   Thumb Code    22  stm32f10x_adc.o(i.ADC_SoftwareStartConvCmd)
    ADC_StartCalibration                     0x08002029   Thumb Code    10  stm32f10x_adc.o(i.ADC_StartCalibration)
    AD_GetValue                              0x08002035   Thumb Code    32  ad.o(i.AD_GetValue)
    AD_Init                                  0x08002059   Thumb Code   150  ad.o(i.AD_Init)
    BKP_ReadBackupRegister                   0x080020f9   Thumb Code    24  stm32f10x_bkp.o(i.BKP_ReadBackupRegister)
    BKP_WriteBackupRegister                  0x08002115   Thumb Code    22  stm32f10x_bkp.o(i.BKP_WriteBackupRegister)
    BusFault_Handler                         0x08002131   Thumb Code     4  stm32f10x_it.o(i.BusFault_Handler)
    ChangeRTC_Time                           0x08002135   Thumb Code    56  settime.o(i.ChangeRTC_Time)
    DebugMon_Handler                         0x08002171   Thumb Code     2  stm32f10x_it.o(i.DebugMon_Handler)
    Delay_ms                                 0x08002173   Thumb Code    24  delay.o(i.Delay_ms)
    Delay_s                                  0x0800218b   Thumb Code    24  delay.o(i.Delay_s)
    Delay_us                                 0x080021a3   Thumb Code    46  delay.o(i.Delay_us)
    DinoGame                                 0x080021d1   Thumb Code    84  dino.o(i.DinoGame)
    DinoGame_Pos_Init                        0x08002239   Thumb Code    24  dino.o(i.DinoGame_Pos_Init)
    Dino_ShowDino                            0x08002265   Thumb Code   220  dino.o(i.Dino_ShowDino)
    Dino_Show_Barrier                        0x08002369   Thumb Code    94  dino.o(i.Dino_Show_Barrier)
    Dino_Show_Ground                         0x080023d9   Thumb Code    96  dino.o(i.Dino_Show_Ground)
    Dino_Tick                                0x08002445   Thumb Code   150  dino.o(i.Dino_Tick)
    Emoji                                    0x080024fd   Thumb Code    54  menu.o(i.Emoji)
    First_Page_Clock                         0x0800253d   Thumb Code   188  menu.o(i.First_Page_Clock)
    GPIO_Init                                0x08002605   Thumb Code   278  stm32f10x_gpio.o(i.GPIO_Init)
    GPIO_ReadInputDataBit                    0x0800271b   Thumb Code    18  stm32f10x_gpio.o(i.GPIO_ReadInputDataBit)
    GPIO_ResetBits                           0x0800272d   Thumb Code     4  stm32f10x_gpio.o(i.GPIO_ResetBits)
    GPIO_SetBits                             0x08002731   Thumb Code     4  stm32f10x_gpio.o(i.GPIO_SetBits)
    GPIO_WriteBit                            0x08002735   Thumb Code    10  stm32f10x_gpio.o(i.GPIO_WriteBit)
    Gradienter                               0x08002741   Thumb Code    54  menu.o(i.Gradienter)
    HardFault_Handler                        0x08002781   Thumb Code     4  stm32f10x_it.o(i.HardFault_Handler)
    Key3_Tick                                0x08002785   Thumb Code    60  key.o(i.Key3_Tick)
    Key_GetNum                               0x080027cd   Thumb Code    24  key.o(i.Key_GetNum)
    Key_GetState                             0x080027e9   Thumb Code    48  key.o(i.Key_GetState)
    Key_Init                                 0x0800281d   Thumb Code    46  key.o(i.Key_Init)
    Key_Tick                                 0x08002851   Thumb Code    40  key.o(i.Key_Tick)
    LED                                      0x08002885   Thumb Code   222  menu.o(i.LED)
    LED1_OFF                                 0x08002971   Thumb Code    14  led.o(i.LED1_OFF)
    LED1_ON                                  0x08002985   Thumb Code    14  led.o(i.LED1_ON)
    LED_Init                                 0x08002999   Thumb Code    86  led.o(i.LED_Init)
    MPU6050                                  0x080029f9   Thumb Code    86  menu.o(i.MPU6050)
    MPU6050_Calculation                      0x08002a59   Thumb Code   612  menu.o(i.MPU6050_Calculation)
    MPU6050_GetData                          0x08002d19   Thumb Code   172  mpu6050.o(i.MPU6050_GetData)
    MPU6050_Init                             0x08002dc5   Thumb Code    56  mpu6050.o(i.MPU6050_Init)
    MPU6050_ReadReg                          0x08002dfd   Thumb Code    62  mpu6050.o(i.MPU6050_ReadReg)
    MPU6050_WriteReg                         0x08002e3b   Thumb Code    46  mpu6050.o(i.MPU6050_WriteReg)
    MemManage_Handler                        0x08002e69   Thumb Code     4  stm32f10x_it.o(i.MemManage_Handler)
    Menu                                     0x08002e6d   Thumb Code   324  menu.o(i.Menu)
    Menu_Animation                           0x08002fc1   Thumb Code   428  menu.o(i.Menu_Animation)
    MoveToFunction                           0x08003189   Thumb Code   146  menu.o(i.MoveToFunction)
    MyI2C_Init                               0x08003229   Thumb Code    50  myi2c.o(i.MyI2C_Init)
    MyI2C_R_SDA                              0x08003261   Thumb Code    24  myi2c.o(i.MyI2C_R_SDA)
    MyI2C_ReceiveAck                         0x0800327d   Thumb Code    30  myi2c.o(i.MyI2C_ReceiveAck)
    MyI2C_ReceiveByte                        0x0800329b   Thumb Code    50  myi2c.o(i.MyI2C_ReceiveByte)
    MyI2C_SendAck                            0x080032cd   Thumb Code    24  myi2c.o(i.MyI2C_SendAck)
    MyI2C_SendByte                           0x080032e5   Thumb Code    50  myi2c.o(i.MyI2C_SendByte)
    MyI2C_Start                              0x08003317   Thumb Code    28  myi2c.o(i.MyI2C_Start)
    MyI2C_Stop                               0x08003333   Thumb Code    22  myi2c.o(i.MyI2C_Stop)
    MyI2C_W_SCL                              0x08003349   Thumb Code    24  myi2c.o(i.MyI2C_W_SCL)
    MyI2C_W_SDA                              0x08003365   Thumb Code    24  myi2c.o(i.MyI2C_W_SDA)
    MyRTC_Init                               0x08003381   Thumb Code   114  myrtc.o(i.MyRTC_Init)
    MyRTC_ReadTime                           0x080033f5   Thumb Code    68  myrtc.o(i.MyRTC_ReadTime)
    MyRTC_SetTime                            0x0800343d   Thumb Code    70  myrtc.o(i.MyRTC_SetTime)
    NMI_Handler                              0x08003489   Thumb Code     2  stm32f10x_it.o(i.NMI_Handler)
    NVIC_Init                                0x0800348d   Thumb Code   100  misc.o(i.NVIC_Init)
    NVIC_PriorityGroupConfig                 0x080034fd   Thumb Code    10  misc.o(i.NVIC_PriorityGroupConfig)
    OLED_Clear                               0x08003511   Thumb Code    36  oled.o(i.OLED_Clear)
    OLED_ClearArea                           0x08003539   Thumb Code   140  oled.o(i.OLED_ClearArea)
    OLED_DrawCircle                          0x080035c9   Thumb Code   352  oled.o(i.OLED_DrawCircle)
    OLED_DrawEllipse                         0x08003729   Thumb Code   806  oled.o(i.OLED_DrawEllipse)
    OLED_DrawPoint                           0x08003a55   Thumb Code    76  oled.o(i.OLED_DrawPoint)
    OLED_GPIO_Init                           0x08003aa5   Thumb Code    92  oled.o(i.OLED_GPIO_Init)
    OLED_I2C_SendByte                        0x08003b05   Thumb Code    62  oled.o(i.OLED_I2C_SendByte)
    OLED_I2C_Start                           0x08003b43   Thumb Code    28  oled.o(i.OLED_I2C_Start)
    OLED_I2C_Stop                            0x08003b5f   Thumb Code    22  oled.o(i.OLED_I2C_Stop)
    OLED_Init                                0x08003b75   Thumb Code   154  oled.o(i.OLED_Init)
    OLED_Pow                                 0x08003c0f   Thumb Code    20  oled.o(i.OLED_Pow)
    OLED_Printf                              0x08003c23   Thumb Code    50  oled.o(i.OLED_Printf)
    OLED_ReverseArea                         0x08003c55   Thumb Code   140  oled.o(i.OLED_ReverseArea)
    OLED_SetCursor                           0x08003ce5   Thumb Code    34  oled.o(i.OLED_SetCursor)
    OLED_ShowChar                            0x08003d09   Thumb Code   108  oled.o(i.OLED_ShowChar)
    OLED_ShowImage                           0x08003d81   Thumb Code   248  oled.o(i.OLED_ShowImage)
    OLED_ShowNum                             0x08003e7d   Thumb Code    76  oled.o(i.OLED_ShowNum)
    OLED_ShowString                          0x08003ec9   Thumb Code   262  oled.o(i.OLED_ShowString)
    OLED_Update                              0x08003fd9   Thumb Code    36  oled.o(i.OLED_Update)
    OLED_W_SCL                               0x08004001   Thumb Code    18  oled.o(i.OLED_W_SCL)
    OLED_W_SDA                               0x08004019   Thumb Code    18  oled.o(i.OLED_W_SDA)
    OLED_WriteCommand                        0x08004031   Thumb Code    32  oled.o(i.OLED_WriteCommand)
    OLED_WriteData                           0x08004051   Thumb Code    46  oled.o(i.OLED_WriteData)
    PWR_BackupAccessCmd                      0x08004081   Thumb Code     6  stm32f10x_pwr.o(i.PWR_BackupAccessCmd)
    PendSV_Handler                           0x0800408d   Thumb Code     2  stm32f10x_it.o(i.PendSV_Handler)
    Peripheral_Init                          0x0800408f   Thumb Code    24  menu.o(i.Peripheral_Init)
    RCC_ADCCLKConfig                         0x080040a9   Thumb Code    18  stm32f10x_rcc.o(i.RCC_ADCCLKConfig)
    RCC_APB1PeriphClockCmd                   0x080040c1   Thumb Code    26  stm32f10x_rcc.o(i.RCC_APB1PeriphClockCmd)
    RCC_APB2PeriphClockCmd                   0x080040e1   Thumb Code    26  stm32f10x_rcc.o(i.RCC_APB2PeriphClockCmd)
    RCC_GetFlagStatus                        0x08004101   Thumb Code    56  stm32f10x_rcc.o(i.RCC_GetFlagStatus)
    RCC_LSEConfig                            0x0800413d   Thumb Code    46  stm32f10x_rcc.o(i.RCC_LSEConfig)
    RCC_RTCCLKCmd                            0x08004171   Thumb Code     6  stm32f10x_rcc.o(i.RCC_RTCCLKCmd)
    RCC_RTCCLKConfig                         0x0800417d   Thumb Code    12  stm32f10x_rcc.o(i.RCC_RTCCLKConfig)
    RTC_EnterConfigMode                      0x0800418d   Thumb Code    14  stm32f10x_rtc.o(i.RTC_EnterConfigMode)
    RTC_ExitConfigMode                       0x080041a1   Thumb Code    16  stm32f10x_rtc.o(i.RTC_ExitConfigMode)
    RTC_GetCounter                           0x080041b5   Thumb Code    16  stm32f10x_rtc.o(i.RTC_GetCounter)
    RTC_SetCounter                           0x080041c9   Thumb Code    24  stm32f10x_rtc.o(i.RTC_SetCounter)
    RTC_SetPrescaler                         0x080041e5   Thumb Code    26  stm32f10x_rtc.o(i.RTC_SetPrescaler)
    RTC_WaitForLastTask                      0x08004205   Thumb Code    16  stm32f10x_rtc.o(i.RTC_WaitForLastTask)
    RTC_WaitForSynchro                       0x08004219   Thumb Code    30  stm32f10x_rtc.o(i.RTC_WaitForSynchro)
    SVC_Handler                              0x0800423d   Thumb Code     2  stm32f10x_it.o(i.SVC_Handler)
    SelectGame                               0x08004241   Thumb Code   182  menu.o(i.SelectGame)
    SetDay                                   0x08004309   Thumb Code   124  settime.o(i.SetDay)
    SetHour                                  0x0800438d   Thumb Code   124  settime.o(i.SetHour)
    SetMinute                                0x08004411   Thumb Code   124  settime.o(i.SetMinute)
    SetMonth                                 0x08004495   Thumb Code   124  settime.o(i.SetMonth)
    SetSecond                                0x08004519   Thumb Code   124  settime.o(i.SetSecond)
    SetTimePage                              0x08004685   Thumb Code   354  settime.o(i.SetTimePage)
    SetYear                                  0x080047f1   Thumb Code   104  settime.o(i.SetYear)
    Set_Selection                            0x08004861   Thumb Code    26  menu.o(i.Set_Selection)
    SettingPage                              0x08004885   Thumb Code   178  menu.o(i.SettingPage)
    Show_Battery                             0x08004941   Thumb Code   296  menu.o(i.Show_Battery)
    Show_Clock_UI                            0x08004a7d   Thumb Code    96  menu.o(i.Show_Clock_UI)
    Show_Emoji_UI                            0x08004b0d   Thumb Code   248  menu.o(i.Show_Emoji_UI)
    Show_Gradienter_UI                       0x08004c0d   Thumb Code    80  menu.o(i.Show_Gradienter_UI)
    Show_LED_UI                              0x08004c65   Thumb Code    44  menu.o(i.Show_LED_UI)
    Show_MPU6050_UI                          0x08004c9d   Thumb Code    92  menu.o(i.Show_MPU6050_UI)
    Show_SelectGame_UI                       0x08004d2d   Thumb Code    36  menu.o(i.Show_SelectGame_UI)
    Show_SetTimePage_FirstUI                 0x08004d5d   Thumb Code    78  settime.o(i.Show_SetTimePage_FirstUI)
    Show_SetTimePage_SecondUI                0x08004dcd   Thumb Code    62  settime.o(i.Show_SetTimePage_SecondUI)
    Show_SettingPage_UI                      0x08004e29   Thumb Code    32  menu.o(i.Show_SettingPage_UI)
    Show_StopWatch_UI                        0x08004e5d   Thumb Code    86  menu.o(i.Show_StopWatch_UI)
    StopWatch                                0x08004eed   Thumb Code   250  menu.o(i.StopWatch)
    StopWatch_Tick                           0x08004ff9   Thumb Code   128  menu.o(i.StopWatch_Tick)
    SysTick_Handler                          0x08005091   Thumb Code     2  stm32f10x_it.o(i.SysTick_Handler)
    SystemInit                               0x08005095   Thumb Code    78  system_stm32f10x.o(i.SystemInit)
    TIM2_IRQHandler                          0x080050f5   Thumb Code    40  main.o(i.TIM2_IRQHandler)
    TIM_ClearFlag                            0x0800511d   Thumb Code     6  stm32f10x_tim.o(i.TIM_ClearFlag)
    TIM_ClearITPendingBit                    0x08005123   Thumb Code     6  stm32f10x_tim.o(i.TIM_ClearITPendingBit)
    TIM_Cmd                                  0x08005129   Thumb Code    24  stm32f10x_tim.o(i.TIM_Cmd)
    TIM_GetITStatus                          0x08005141   Thumb Code    34  stm32f10x_tim.o(i.TIM_GetITStatus)
    TIM_ITConfig                             0x08005163   Thumb Code    18  stm32f10x_tim.o(i.TIM_ITConfig)
    TIM_InternalClockConfig                  0x08005175   Thumb Code    12  stm32f10x_tim.o(i.TIM_InternalClockConfig)
    TIM_TimeBaseInit                         0x08005181   Thumb Code   122  stm32f10x_tim.o(i.TIM_TimeBaseInit)
    Timer_Init                               0x08005225   Thumb Code   124  timer.o(i.Timer_Init)
    UsageFault_Handler                       0x080052a1   Thumb Code     4  stm32f10x_it.o(i.UsageFault_Handler)
    __ARM_fpclassify                         0x080052a5   Thumb Code    40  fpclassify.o(i.__ARM_fpclassify)
    __ieee754_rem_pio2                       0x080052cd   Thumb Code   828  rred.o(i.__ieee754_rem_pio2)
    __kernel_cos                             0x08005655   Thumb Code   230  cos_i.o(i.__kernel_cos)
    __kernel_poly                            0x08005751   Thumb Code   170  poly.o(i.__kernel_poly)
    __kernel_sin                             0x080057fd   Thumb Code   224  sin_i.o(i.__kernel_sin)
    __mathlib_dbl_infnan                     0x080058e9   Thumb Code     6  dunder.o(i.__mathlib_dbl_infnan)
    __mathlib_dbl_infnan2                    0x080058ef   Thumb Code     4  dunder.o(i.__mathlib_dbl_infnan2)
    __mathlib_dbl_invalid                    0x080058f3   Thumb Code    12  dunder.o(i.__mathlib_dbl_invalid)
    __mathlib_dbl_underflow                  0x08005901   Thumb Code    10  dunder.o(i.__mathlib_dbl_underflow)
    _is_digit                                0x08005911   Thumb Code    14  __printf_wp.o(i._is_digit)
    atan                                     0x08005921   Thumb Code   474  atan.o(i.atan)
    atan2                                    0x08005b41   Thumb Code   346  atan2.o(i.atan2)
    isColliding                              0x08005cc1   Thumb Code    80  dino.o(i.isColliding)
    main                                     0x08005d1d   Thumb Code    44  main.o(i.main)
    sin                                      0x08005d49   Thumb Code   150  sin.o(i.sin)
    sqrt                                     0x08005de9   Thumb Code    76  sqrt.o(i.sqrt)
    _get_lc_numeric                          0x08005e35   Thumb Code    44  lc_numeric_c.o(locale$$code)
    _get_lc_ctype                            0x08005e61   Thumb Code    44  lc_ctype_c.o(locale$$code)
    __aeabi_d2f                              0x08005e8d   Thumb Code     0  d2f.o(x$fpl$d2f)
    _d2f                                     0x08005e8d   Thumb Code    98  d2f.o(x$fpl$d2f)
    __aeabi_dadd                             0x08005ef1   Thumb Code     0  daddsub_clz.o(x$fpl$dadd)
    _dadd                                    0x08005ef1   Thumb Code   332  daddsub_clz.o(x$fpl$dadd)
    __fpl_dcheck_NaN1                        0x08006041   Thumb Code    10  dcheck1.o(x$fpl$dcheck1)
    __fpl_dcmp_Inf                           0x08006051   Thumb Code    24  dcmpi.o(x$fpl$dcmpinf)
    __aeabi_ddiv                             0x08006069   Thumb Code     0  ddiv.o(x$fpl$ddiv)
    _ddiv                                    0x08006069   Thumb Code   552  ddiv.o(x$fpl$ddiv)
    __aeabi_d2iz                             0x08006319   Thumb Code     0  dfix.o(x$fpl$dfix)
    _dfix                                    0x08006319   Thumb Code    94  dfix.o(x$fpl$dfix)
    __aeabi_d2uiz                            0x08006379   Thumb Code     0  dfixu.o(x$fpl$dfixu)
    _dfixu                                   0x08006379   Thumb Code    90  dfixu.o(x$fpl$dfixu)
    __aeabi_i2d                              0x080063d3   Thumb Code     0  dflt_clz.o(x$fpl$dflt)
    _dflt                                    0x080063d3   Thumb Code    46  dflt_clz.o(x$fpl$dflt)
    __aeabi_ui2d                             0x08006401   Thumb Code     0  dflt_clz.o(x$fpl$dfltu)
    _dfltu                                   0x08006401   Thumb Code    38  dflt_clz.o(x$fpl$dfltu)
    __aeabi_cdcmple                          0x08006429   Thumb Code     0  dleqf.o(x$fpl$dleqf)
    _dcmple                                  0x08006429   Thumb Code   120  dleqf.o(x$fpl$dleqf)
    __fpl_dcmple_InfNaN                      0x0800648b   Thumb Code     0  dleqf.o(x$fpl$dleqf)
    __aeabi_dmul                             0x080064a1   Thumb Code     0  dmul.o(x$fpl$dmul)
    _dmul                                    0x080064a1   Thumb Code   332  dmul.o(x$fpl$dmul)
    __fpl_dnaninf                            0x080065f5   Thumb Code   156  dnaninf.o(x$fpl$dnaninf)
    __fpl_dretinf                            0x08006691   Thumb Code    12  dretinf.o(x$fpl$dretinf)
    __aeabi_cdrcmple                         0x0800669d   Thumb Code     0  drleqf.o(x$fpl$drleqf)
    _drcmple                                 0x0800669d   Thumb Code   108  drleqf.o(x$fpl$drleqf)
    __aeabi_drsub                            0x08006709   Thumb Code     0  daddsub_clz.o(x$fpl$drsb)
    _drsb                                    0x08006709   Thumb Code    22  daddsub_clz.o(x$fpl$drsb)
    _dsqrt                                   0x08006721   Thumb Code   456  dsqrt_noumaal.o(x$fpl$dsqrt)
    __aeabi_dsub                             0x080068ed   Thumb Code     0  daddsub_clz.o(x$fpl$dsub)
    _dsub                                    0x080068ed   Thumb Code   464  daddsub_clz.o(x$fpl$dsub)
    __aeabi_f2d                              0x08006ac1   Thumb Code     0  f2d.o(x$fpl$f2d)
    _f2d                                     0x08006ac1   Thumb Code    86  f2d.o(x$fpl$f2d)
    __aeabi_fadd                             0x08006b19   Thumb Code     0  faddsub_clz.o(x$fpl$fadd)
    _fadd                                    0x08006b19   Thumb Code   196  faddsub_clz.o(x$fpl$fadd)
    __fpl_fcmp_Inf                           0x08006bdd   Thumb Code    24  fcmpi.o(x$fpl$fcmpinf)
    __aeabi_fdiv                             0x08006bf5   Thumb Code     0  fdiv.o(x$fpl$fdiv)
    _fdiv                                    0x08006bf5   Thumb Code   384  fdiv.o(x$fpl$fdiv)
    __aeabi_f2iz                             0x08006d79   Thumb Code     0  ffix.o(x$fpl$ffix)
    _ffix                                    0x08006d79   Thumb Code    54  ffix.o(x$fpl$ffix)
    __aeabi_i2f                              0x08006db1   Thumb Code     0  fflt_clz.o(x$fpl$fflt)
    _fflt                                    0x08006db1   Thumb Code    48  fflt_clz.o(x$fpl$fflt)
    __aeabi_ui2f                             0x08006de1   Thumb Code     0  fflt_clz.o(x$fpl$ffltu)
    _ffltu                                   0x08006de1   Thumb Code    38  fflt_clz.o(x$fpl$ffltu)
    __aeabi_cfcmple                          0x08006e09   Thumb Code     0  fleqf.o(x$fpl$fleqf)
    _fcmple                                  0x08006e09   Thumb Code   104  fleqf.o(x$fpl$fleqf)
    __fpl_fcmple_InfNaN                      0x08006e5b   Thumb Code     0  fleqf.o(x$fpl$fleqf)
    __aeabi_fmul                             0x08006e71   Thumb Code     0  fmul.o(x$fpl$fmul)
    _fmul                                    0x08006e71   Thumb Code   258  fmul.o(x$fpl$fmul)
    __fpl_fnaninf                            0x08006f73   Thumb Code   140  fnaninf.o(x$fpl$fnaninf)
    __fpl_fretinf                            0x08006fff   Thumb Code    10  fretinf.o(x$fpl$fretinf)
    __aeabi_cfrcmple                         0x08007009   Thumb Code     0  frleqf.o(x$fpl$frleqf)
    _frcmple                                 0x08007009   Thumb Code    98  frleqf.o(x$fpl$frleqf)
    __aeabi_fsub                             0x0800706d   Thumb Code     0  faddsub_clz.o(x$fpl$fsub)
    _fsub                                    0x0800706d   Thumb Code   234  faddsub_clz.o(x$fpl$fsub)
    _printf_fp_dec                           0x08007157   Thumb Code     4  printf1.o(x$fpl$printf1)
    _printf_fp_hex                           0x0800715b   Thumb Code     4  printf2.o(x$fpl$printf2)
    __fpl_return_NaN                         0x0800715f   Thumb Code   100  retnan.o(x$fpl$retnan)
    __ARM_scalbn                             0x080071c3   Thumb Code    92  scalbn.o(x$fpl$scalbn)
    __fpl_cmpreturn                          0x0800721f   Thumb Code    48  trapv.o(x$fpl$trapveneer)
    OLED_F8x16                               0x0800724e   Data        1520  oled_data.o(.constdata)
    __I$use$fp                               0x0800724e   Number         0  usenofp.o(x$fpl$usenofp)
    OLED_F6x8                                0x0800783e   Data         570  oled_data.o(.constdata)
    OLED_F12x24                              0x08007a78   Data        3420  oled_data.o(.constdata)
    OLED_CF16x16                             0x080087d4   Data        1050  oled_data.o(.constdata)
    Diode                                    0x08008bee   Data          32  oled_data.o(.constdata)
    Return                                   0x08008c0e   Data          32  oled_data.o(.constdata)
    Menu_Graph                               0x08008c2e   Data        1024  oled_data.o(.constdata)
    Frame                                    0x0800902e   Data         264  oled_data.o(.constdata)
    Ground                                   0x08009136   Data         256  oled_data.o(.constdata)
    Barrier                                  0x08009236   Data         144  oled_data.o(.constdata)
    Cloud                                    0x080092c6   Data          16  oled_data.o(.constdata)
    Dino                                     0x080092d6   Data         144  oled_data.o(.constdata)
    Eyebrow                                  0x08009366   Data          64  oled_data.o(.constdata)
    Mouth                                    0x080093a6   Data          60  oled_data.o(.constdata)
    Battery                                  0x080093e2   Data          32  oled_data.o(.constdata)
    _monlen                                  0x08009445   Data          12  _monlen.o(.constdata)
    __mathlib_zero                           0x08009520   Data           8  qnan.o(.constdata)
    Region$$Table$$Base                      0x080096d4   Number         0  anon$$obj.o(Region$$Table)
    Region$$Table$$Limit                     0x080096f4   Number         0  anon$$obj.o(Region$$Table)
    __ctype                                  0x0800971d   Data           0  lc_ctype_c.o(locale$$data)
    MyRTC_Time                               0x20000000   Data          24  myrtc.o(.data)
    Key_Num                                  0x20000018   Data           1  key.o(.data)
    KeyNum                                   0x20000020   Data           1  menu.o(.data)
    VBAT                                     0x20000024   Data           4  menu.o(.data)
    Battery_level                            0x20000028   Data           4  menu.o(.data)
    clkflag                                  0x2000002c   Data           4  menu.o(.data)
    settingflag                              0x20000030   Data           4  menu.o(.data)
    menu_flag                                0x20000034   Data           4  menu.o(.data)
    move_flag                                0x20000038   Data           1  menu.o(.data)
    pre_Selection                            0x20000039   Data           1  menu.o(.data)
    new_Selection                            0x2000003a   Data           1  menu.o(.data)
    x_pre                                    0x2000003b   Data           1  menu.o(.data)
    Speed                                    0x2000003c   Data           1  menu.o(.data)
    StopWatch_flag                           0x2000003d   Data           1  menu.o(.data)
    BackStopWatch_flag                       0x2000003e   Data           1  menu.o(.data)
    hour                                     0x2000003f   Data           1  menu.o(.data)
    minute                                   0x20000040   Data           1  menu.o(.data)
    second                                   0x20000041   Data           1  menu.o(.data)
    LEDflag                                  0x20000042   Data           1  menu.o(.data)
    PI                                       0x20000048   Data           8  menu.o(.data)
    Roll                                     0x20000050   Data           4  menu.o(.data)
    Pitch                                    0x20000054   Data           4  menu.o(.data)
    Yaw                                      0x20000058   Data           4  menu.o(.data)
    Delta_t                                  0x2000005c   Data           4  menu.o(.data)
    Kp                                       0x20000060   Data           4  menu.o(.data)
    ax                                       0x20000064   Data           2  menu.o(.data)
    ay                                       0x20000066   Data           2  menu.o(.data)
    az                                       0x20000068   Data           2  menu.o(.data)
    gx                                       0x2000006a   Data           2  menu.o(.data)
    gy                                       0x2000006c   Data           2  menu.o(.data)
    gz                                       0x2000006e   Data           2  menu.o(.data)
    ax_f                                     0x20000070   Data           4  menu.o(.data)
    ay_f                                     0x20000074   Data           4  menu.o(.data)
    az_f                                     0x20000078   Data           4  menu.o(.data)
    gx_f                                     0x2000007c   Data           4  menu.o(.data)
    gy_f                                     0x20000080   Data           4  menu.o(.data)
    gz_f                                     0x20000084   Data           4  menu.o(.data)
    pitch_a                                  0x20000088   Data           4  menu.o(.data)
    roll_a                                   0x2000008c   Data           4  menu.o(.data)
    game_flag                                0x20000090   Data           1  menu.o(.data)
    SelectionCount                           0x20000091   Data           1  menu.o(.data)
    KeyNum_SetTime                           0x20000094   Data           1  settime.o(.data)
    setTimeflag                              0x20000098   Data           4  settime.o(.data)
    Score                                    0x2000009c   Data           2  dino.o(.data)
    GroundCount                              0x2000009e   Data           1  dino.o(.data)
    Cloud_pos                                0x2000009f   Data           1  dino.o(.data)
    barrier_flag                             0x200000a0   Data           1  dino.o(.data)
    barrier_count                            0x200000a1   Data           1  dino.o(.data)
    barrier                                  0x200000a2   Data           4  dino.o(.data)
    dino_jump_flag                           0x200000a6   Data           1  dino.o(.data)
    jump_t                                   0x200000a8   Data           2  dino.o(.data)
    Jump_Pos                                 0x200000aa   Data           1  dino.o(.data)
    dino                                     0x200000ab   Data           4  dino.o(.data)
    OLED_DisplayBuf                          0x200000b4   Data        1024  oled.o(.bss)
    _random_number_data                      0x200004b4   Data         228  rand.o(.bss)
    __libspace_start                         0x200005c4   Data          96  libspace.o(.bss)
    __temporary_stack_top$libspace           0x20000624   Data           0  libspace.o(.bss)



==============================================================================

Memory Map of the image

  Image Entry point : 0x080000ed

  Load Region LR_IROM1 (Base: 0x08000000, Size: 0x000098d4, Max: 0x00010000, ABSOLUTE)

    Execution Region ER_IROM1 (Exec base: 0x08000000, Load base: 0x08000000, Size: 0x00009820, Max: 0x00010000, ABSOLUTE)

    Exec Addr    Load Addr    Size         Type   Attr      Idx    E Section Name        Object

    0x08000000   0x08000000   0x000000ec   Data   RO            3    RESET               startup_stm32f10x_md.o
    0x080000ec   0x080000ec   0x00000008   Code   RO         4151  * !!!main             c_w.l(__main.o)
    0x080000f4   0x080000f4   0x00000034   Code   RO         4633    !!!scatter          c_w.l(__scatter.o)
    0x08000128   0x08000128   0x0000001a   Code   RO         4635    !!handler_copy      c_w.l(__scatter_copy.o)
    0x08000142   0x08000142   0x00000002   PAD
    0x08000144   0x08000144   0x0000001c   Code   RO         4637    !!handler_zi        c_w.l(__scatter_zi.o)
    0x08000160   0x08000160   0x00000000   Code   RO         4323    .ARM.Collect$$_printf_percent$$00000000  c_w.l(_printf_percent.o)
    0x08000160   0x08000160   0x00000006   Code   RO         4312    .ARM.Collect$$_printf_percent$$00000001  c_w.l(_printf_n.o)
    0x08000166   0x08000166   0x00000006   Code   RO         4314    .ARM.Collect$$_printf_percent$$00000002  c_w.l(_printf_p.o)
    0x0800016c   0x0800016c   0x00000006   Code   RO         4319    .ARM.Collect$$_printf_percent$$00000003  c_w.l(_printf_f.o)
    0x08000172   0x08000172   0x00000006   Code   RO         4320    .ARM.Collect$$_printf_percent$$00000004  c_w.l(_printf_e.o)
    0x08000178   0x08000178   0x00000006   Code   RO         4321    .ARM.Collect$$_printf_percent$$00000005  c_w.l(_printf_g.o)
    0x0800017e   0x0800017e   0x00000006   Code   RO         4322    .ARM.Collect$$_printf_percent$$00000006  c_w.l(_printf_a.o)
    0x08000184   0x08000184   0x0000000a   Code   RO         4327    .ARM.Collect$$_printf_percent$$00000007  c_w.l(_printf_ll.o)
    0x0800018e   0x0800018e   0x00000006   Code   RO         4316    .ARM.Collect$$_printf_percent$$00000008  c_w.l(_printf_i.o)
    0x08000194   0x08000194   0x00000006   Code   RO         4317    .ARM.Collect$$_printf_percent$$00000009  c_w.l(_printf_d.o)
    0x0800019a   0x0800019a   0x00000006   Code   RO         4318    .ARM.Collect$$_printf_percent$$0000000A  c_w.l(_printf_u.o)
    0x080001a0   0x080001a0   0x00000006   Code   RO         4315    .ARM.Collect$$_printf_percent$$0000000B  c_w.l(_printf_o.o)
    0x080001a6   0x080001a6   0x00000006   Code   RO         4313    .ARM.Collect$$_printf_percent$$0000000C  c_w.l(_printf_x.o)
    0x080001ac   0x080001ac   0x00000006   Code   RO         4324    .ARM.Collect$$_printf_percent$$0000000D  c_w.l(_printf_lli.o)
    0x080001b2   0x080001b2   0x00000006   Code   RO         4325    .ARM.Collect$$_printf_percent$$0000000E  c_w.l(_printf_lld.o)
    0x080001b8   0x080001b8   0x00000006   Code   RO         4326    .ARM.Collect$$_printf_percent$$0000000F  c_w.l(_printf_llu.o)
    0x080001be   0x080001be   0x00000006   Code   RO         4331    .ARM.Collect$$_printf_percent$$00000010  c_w.l(_printf_llo.o)
    0x080001c4   0x080001c4   0x00000006   Code   RO         4332    .ARM.Collect$$_printf_percent$$00000011  c_w.l(_printf_llx.o)
    0x080001ca   0x080001ca   0x0000000a   Code   RO         4328    .ARM.Collect$$_printf_percent$$00000012  c_w.l(_printf_l.o)
    0x080001d4   0x080001d4   0x00000006   Code   RO         4310    .ARM.Collect$$_printf_percent$$00000013  c_w.l(_printf_c.o)
    0x080001da   0x080001da   0x00000006   Code   RO         4311    .ARM.Collect$$_printf_percent$$00000014  c_w.l(_printf_s.o)
    0x080001e0   0x080001e0   0x00000006   Code   RO         4329    .ARM.Collect$$_printf_percent$$00000015  c_w.l(_printf_lc.o)
    0x080001e6   0x080001e6   0x00000006   Code   RO         4330    .ARM.Collect$$_printf_percent$$00000016  c_w.l(_printf_ls.o)
    0x080001ec   0x080001ec   0x00000004   Code   RO         4480    .ARM.Collect$$_printf_percent$$00000017  c_w.l(_printf_percent_end.o)
    0x080001f0   0x080001f0   0x00000002   Code   RO         4548    .ARM.Collect$$libinit$$00000000  c_w.l(libinit.o)
    0x080001f2   0x080001f2   0x00000000   Code   RO         4337    .ARM.Collect$$libinit$$00000002  c_w.l(libinit2.o)
    0x080001f2   0x080001f2   0x00000000   Code   RO         4339    .ARM.Collect$$libinit$$00000004  c_w.l(libinit2.o)
    0x080001f2   0x080001f2   0x00000000   Code   RO         4342    .ARM.Collect$$libinit$$0000000A  c_w.l(libinit2.o)
    0x080001f2   0x080001f2   0x00000000   Code   RO         4344    .ARM.Collect$$libinit$$0000000C  c_w.l(libinit2.o)
    0x080001f2   0x080001f2   0x00000004   Code   RO         4345    .ARM.Collect$$libinit$$0000000D  c_w.l(libinit2.o)
    0x080001f6   0x080001f6   0x00000000   Code   RO         4346    .ARM.Collect$$libinit$$0000000E  c_w.l(libinit2.o)
    0x080001f6   0x080001f6   0x00000006   Code   RO         4347    .ARM.Collect$$libinit$$0000000F  c_w.l(libinit2.o)
    0x080001fc   0x080001fc   0x00000000   Code   RO         4349    .ARM.Collect$$libinit$$00000011  c_w.l(libinit2.o)
    0x080001fc   0x080001fc   0x0000000c   Code   RO         4350    .ARM.Collect$$libinit$$00000012  c_w.l(libinit2.o)
    0x08000208   0x08000208   0x00000000   Code   RO         4351    .ARM.Collect$$libinit$$00000013  c_w.l(libinit2.o)
    0x08000208   0x08000208   0x00000000   Code   RO         4353    .ARM.Collect$$libinit$$00000015  c_w.l(libinit2.o)
    0x08000208   0x08000208   0x0000000a   Code   RO         4354    .ARM.Collect$$libinit$$00000016  c_w.l(libinit2.o)
    0x08000212   0x08000212   0x00000000   Code   RO         4355    .ARM.Collect$$libinit$$00000017  c_w.l(libinit2.o)
    0x08000212   0x08000212   0x00000000   Code   RO         4357    .ARM.Collect$$libinit$$00000019  c_w.l(libinit2.o)
    0x08000212   0x08000212   0x00000000   Code   RO         4359    .ARM.Collect$$libinit$$0000001B  c_w.l(libinit2.o)
    0x08000212   0x08000212   0x00000000   Code   RO         4361    .ARM.Collect$$libinit$$0000001D  c_w.l(libinit2.o)
    0x08000212   0x08000212   0x00000000   Code   RO         4363    .ARM.Collect$$libinit$$0000001F  c_w.l(libinit2.o)
    0x08000212   0x08000212   0x00000000   Code   RO         4365    .ARM.Collect$$libinit$$00000021  c_w.l(libinit2.o)
    0x08000212   0x08000212   0x00000000   Code   RO         4367    .ARM.Collect$$libinit$$00000023  c_w.l(libinit2.o)
    0x08000212   0x08000212   0x00000000   Code   RO         4369    .ARM.Collect$$libinit$$00000025  c_w.l(libinit2.o)
    0x08000212   0x08000212   0x00000000   Code   RO         4373    .ARM.Collect$$libinit$$0000002C  c_w.l(libinit2.o)
    0x08000212   0x08000212   0x00000000   Code   RO         4375    .ARM.Collect$$libinit$$0000002E  c_w.l(libinit2.o)
    0x08000212   0x08000212   0x00000000   Code   RO         4377    .ARM.Collect$$libinit$$00000030  c_w.l(libinit2.o)
    0x08000212   0x08000212   0x00000000   Code   RO         4379    .ARM.Collect$$libinit$$00000032  c_w.l(libinit2.o)
    0x08000212   0x08000212   0x00000002   Code   RO         4380    .ARM.Collect$$libinit$$00000033  c_w.l(libinit2.o)
    0x08000214   0x08000214   0x00000002   Code   RO         4594    .ARM.Collect$$libshutdown$$00000000  c_w.l(libshutdown.o)
    0x08000216   0x08000216   0x00000000   Code   RO         4600    .ARM.Collect$$libshutdown$$00000002  c_w.l(libshutdown2.o)
    0x08000216   0x08000216   0x00000000   Code   RO         4602    .ARM.Collect$$libshutdown$$00000004  c_w.l(libshutdown2.o)
    0x08000216   0x08000216   0x00000000   Code   RO         4605    .ARM.Collect$$libshutdown$$00000007  c_w.l(libshutdown2.o)
    0x08000216   0x08000216   0x00000000   Code   RO         4608    .ARM.Collect$$libshutdown$$0000000A  c_w.l(libshutdown2.o)
    0x08000216   0x08000216   0x00000000   Code   RO         4610    .ARM.Collect$$libshutdown$$0000000C  c_w.l(libshutdown2.o)
    0x08000216   0x08000216   0x00000000   Code   RO         4613    .ARM.Collect$$libshutdown$$0000000F  c_w.l(libshutdown2.o)
    0x08000216   0x08000216   0x00000002   Code   RO         4614    .ARM.Collect$$libshutdown$$00000010  c_w.l(libshutdown2.o)
    0x08000218   0x08000218   0x00000000   Code   RO         4239    .ARM.Collect$$rtentry$$00000000  c_w.l(__rtentry.o)
    0x08000218   0x08000218   0x00000000   Code   RO         4446    .ARM.Collect$$rtentry$$00000002  c_w.l(__rtentry2.o)
    0x08000218   0x08000218   0x00000006   Code   RO         4458    .ARM.Collect$$rtentry$$00000004  c_w.l(__rtentry4.o)
    0x0800021e   0x0800021e   0x00000000   Code   RO         4448    .ARM.Collect$$rtentry$$00000009  c_w.l(__rtentry2.o)
    0x0800021e   0x0800021e   0x00000004   Code   RO         4449    .ARM.Collect$$rtentry$$0000000A  c_w.l(__rtentry2.o)
    0x08000222   0x08000222   0x00000000   Code   RO         4451    .ARM.Collect$$rtentry$$0000000C  c_w.l(__rtentry2.o)
    0x08000222   0x08000222   0x00000008   Code   RO         4452    .ARM.Collect$$rtentry$$0000000D  c_w.l(__rtentry2.o)
    0x0800022a   0x0800022a   0x00000002   Code   RO         4555    .ARM.Collect$$rtexit$$00000000  c_w.l(rtexit.o)
    0x0800022c   0x0800022c   0x00000000   Code   RO         4572    .ARM.Collect$$rtexit$$00000002  c_w.l(rtexit2.o)
    0x0800022c   0x0800022c   0x00000004   Code   RO         4573    .ARM.Collect$$rtexit$$00000003  c_w.l(rtexit2.o)
    0x08000230   0x08000230   0x00000006   Code   RO         4574    .ARM.Collect$$rtexit$$00000004  c_w.l(rtexit2.o)
    0x08000236   0x08000236   0x00000002   PAD
    0x08000238   0x08000238   0x00000034   Code   RO         4135    .emb_text           c_w.l(rand.o)
    0x0800026c   0x0800026c   0x00000040   Code   RO            4    .text               startup_stm32f10x_md.o
    0x080002ac   0x080002ac   0x00000024   Code   RO         4133    .text               c_w.l(vsprintf.o)
    0x080002d0   0x080002d0   0x0000003c   Code   RO         4136    .text               c_w.l(rand.o)
    0x0800030c   0x0800030c   0x00000064   Code   RO         4140    .text               c_w.l(rt_memcpy_w.o)
    0x08000370   0x08000370   0x00000080   Code   RO         4142    .text               c_w.l(strcmpv7m.o)
    0x080003f0   0x080003f0   0x0000000c   Code   RO         4144    .text               c_w.l(localtime.o)
    0x080003fc   0x080003fc   0x000001ac   Code   RO         4147    .text               c_w.l(mktime.o)
    0x080005a8   0x080005a8   0x00000006   Code   RO         4149    .text               c_w.l(heapauxi.o)
    0x080005ae   0x080005ae   0x00000016   Code   RO         4240    .text               c_w.l(_rserrno.o)
    0x080005c4   0x080005c4   0x0000004e   Code   RO         4244    .text               c_w.l(_printf_pad.o)
    0x08000612   0x08000612   0x00000024   Code   RO         4246    .text               c_w.l(_printf_truncate.o)
    0x08000636   0x08000636   0x00000052   Code   RO         4248    .text               c_w.l(_printf_str.o)
    0x08000688   0x08000688   0x00000078   Code   RO         4250    .text               c_w.l(_printf_dec.o)
    0x08000700   0x08000700   0x00000028   Code   RO         4252    .text               c_w.l(_printf_charcount.o)
    0x08000728   0x08000728   0x00000030   Code   RO         4254    .text               c_w.l(_printf_char_common.o)
    0x08000758   0x08000758   0x0000000a   Code   RO         4256    .text               c_w.l(_sputc.o)
    0x08000762   0x08000762   0x00000002   PAD
    0x08000764   0x08000764   0x000000bc   Code   RO         4258    .text               c_w.l(_printf_wctomb.o)
    0x08000820   0x08000820   0x0000007c   Code   RO         4261    .text               c_w.l(_printf_longlong_dec.o)
    0x0800089c   0x0800089c   0x00000070   Code   RO         4267    .text               c_w.l(_printf_oct_int_ll.o)
    0x0800090c   0x0800090c   0x00000094   Code   RO         4287    .text               c_w.l(_printf_hex_int_ll_ptr.o)
    0x080009a0   0x080009a0   0x00000188   Code   RO         4307    .text               c_w.l(__printf_flags_ss_wp.o)
    0x08000b28   0x08000b28   0x000000b8   Code   RO         4334    .text               c_w.l(localtime_internal.o)
    0x08000be0   0x08000be0   0x00000008   Code   RO         4463    .text               c_w.l(rt_errno_addr_intlibspace.o)
    0x08000be8   0x08000be8   0x0000008a   Code   RO         4465    .text               c_w.l(lludiv10.o)
    0x08000c72   0x08000c72   0x000000b2   Code   RO         4467    .text               c_w.l(_printf_intcommon.o)
    0x08000d24   0x08000d24   0x0000041e   Code   RO         4469    .text               c_w.l(_printf_fp_dec.o)
    0x08001142   0x08001142   0x00000002   PAD
    0x08001144   0x08001144   0x000002fc   Code   RO         4471    .text               c_w.l(_printf_fp_hex.o)
    0x08001440   0x08001440   0x0000002c   Code   RO         4476    .text               c_w.l(_printf_char.o)
    0x0800146c   0x0800146c   0x0000002c   Code   RO         4478    .text               c_w.l(_printf_wchar.o)
    0x08001498   0x08001498   0x00000040   Code   RO         4481    .text               c_w.l(_wcrtomb.o)
    0x080014d8   0x080014d8   0x0000004e   Code   RO         4483    .text               c_w.l(rt_memclr_w.o)
    0x08001526   0x08001526   0x00000002   PAD
    0x08001528   0x08001528   0x00000008   Code   RO         4495    .text               c_w.l(libspace.o)
    0x08001530   0x08001530   0x0000004a   Code   RO         4498    .text               c_w.l(sys_stackheap_outer.o)
    0x0800157a   0x0800157a   0x00000002   PAD
    0x0800157c   0x0800157c   0x00000010   Code   RO         4500    .text               c_w.l(rt_ctype_table.o)
    0x0800158c   0x0800158c   0x00000008   Code   RO         4505    .text               c_w.l(rt_locale_intlibspace.o)
    0x08001594   0x08001594   0x00000080   Code   RO         4507    .text               c_w.l(_printf_fp_infnan.o)
    0x08001614   0x08001614   0x000000e4   Code   RO         4509    .text               c_w.l(bigflt0.o)
    0x080016f8   0x080016f8   0x00000012   Code   RO         4537    .text               c_w.l(exit.o)
    0x0800170a   0x0800170a   0x00000002   Code   RO         4568    .text               c_w.l(use_no_semi.o)
    0x0800170c   0x0800170c   0x00000000   Code   RO         4570    .text               c_w.l(indicate_semi.o)
    0x0800170c   0x0800170c   0x0000000c   Code   RO         4586    .text               c_w.l(sys_exit.o)
    0x08001718   0x08001718   0x0000003e   Code   RO         4512    CL$$btod_d2e        c_w.l(btod.o)
    0x08001756   0x08001756   0x00000046   Code   RO         4514    CL$$btod_d2e_denorm_low  c_w.l(btod.o)
    0x0800179c   0x0800179c   0x00000060   Code   RO         4513    CL$$btod_d2e_norm_op1  c_w.l(btod.o)
    0x080017fc   0x080017fc   0x00000338   Code   RO         4522    CL$$btod_div_common  c_w.l(btod.o)
    0x08001b34   0x08001b34   0x000000dc   Code   RO         4519    CL$$btod_e2e        c_w.l(btod.o)
    0x08001c10   0x08001c10   0x0000002a   Code   RO         4516    CL$$btod_ediv       c_w.l(btod.o)
    0x08001c3a   0x08001c3a   0x0000002a   Code   RO         4515    CL$$btod_emul       c_w.l(btod.o)
    0x08001c64   0x08001c64   0x00000244   Code   RO         4521    CL$$btod_mult_common  c_w.l(btod.o)
    0x08001ea8   0x08001ea8   0x00000016   Code   RO          202    i.ADC_Cmd           stm32f10x_adc.o
    0x08001ebe   0x08001ebe   0x00000014   Code   RO          210    i.ADC_GetCalibrationStatus  stm32f10x_adc.o
    0x08001ed2   0x08001ed2   0x00000008   Code   RO          211    i.ADC_GetConversionValue  stm32f10x_adc.o
    0x08001eda   0x08001eda   0x00000012   Code   RO          213    i.ADC_GetFlagStatus  stm32f10x_adc.o
    0x08001eec   0x08001eec   0x00000014   Code   RO          216    i.ADC_GetResetCalibrationStatus  stm32f10x_adc.o
    0x08001f00   0x08001f00   0x00000050   Code   RO          220    i.ADC_Init          stm32f10x_adc.o
    0x08001f50   0x08001f50   0x000000b8   Code   RO          224    i.ADC_RegularChannelConfig  stm32f10x_adc.o
    0x08002008   0x08002008   0x0000000a   Code   RO          225    i.ADC_ResetCalibration  stm32f10x_adc.o
    0x08002012   0x08002012   0x00000016   Code   RO          227    i.ADC_SoftwareStartConvCmd  stm32f10x_adc.o
    0x08002028   0x08002028   0x0000000a   Code   RO          229    i.ADC_StartCalibration  stm32f10x_adc.o
    0x08002032   0x08002032   0x00000002   PAD
    0x08002034   0x08002034   0x00000024   Code   RO         3957    i.AD_GetValue       ad.o
    0x08002058   0x08002058   0x000000a0   Code   RO         3958    i.AD_Init           ad.o
    0x080020f8   0x080020f8   0x0000001c   Code   RO          431    i.BKP_ReadBackupRegister  stm32f10x_bkp.o
    0x08002114   0x08002114   0x0000001c   Code   RO          435    i.BKP_WriteBackupRegister  stm32f10x_bkp.o
    0x08002130   0x08002130   0x00000004   Code   RO         4068    i.BusFault_Handler  stm32f10x_it.o
    0x08002134   0x08002134   0x0000003c   Code   RO         3780    i.ChangeRTC_Time    settime.o
    0x08002170   0x08002170   0x00000002   Code   RO         4069    i.DebugMon_Handler  stm32f10x_it.o
    0x08002172   0x08002172   0x00000018   Code   RO         3196    i.Delay_ms          delay.o
    0x0800218a   0x0800218a   0x00000018   Code   RO         3197    i.Delay_s           delay.o
    0x080021a2   0x080021a2   0x0000002e   Code   RO         3198    i.Delay_us          delay.o
    0x080021d0   0x080021d0   0x00000068   Code   RO         3975    i.DinoGame          dino.o
    0x08002238   0x08002238   0x0000002c   Code   RO         3976    i.DinoGame_Pos_Init  dino.o
    0x08002264   0x08002264   0x00000104   Code   RO         3977    i.Dino_ShowDino     dino.o
    0x08002368   0x08002368   0x00000070   Code   RO         3978    i.Dino_Show_Barrier  dino.o
    0x080023d8   0x080023d8   0x0000006c   Code   RO         3979    i.Dino_Show_Ground  dino.o
    0x08002444   0x08002444   0x000000b8   Code   RO         3980    i.Dino_Tick         dino.o
    0x080024fc   0x080024fc   0x00000040   Code   RO         3334    i.Emoji             menu.o
    0x0800253c   0x0800253c   0x000000c8   Code   RO         3335    i.First_Page_Clock  menu.o
    0x08002604   0x08002604   0x00000116   Code   RO         1347    i.GPIO_Init         stm32f10x_gpio.o
    0x0800271a   0x0800271a   0x00000012   Code   RO         1351    i.GPIO_ReadInputDataBit  stm32f10x_gpio.o
    0x0800272c   0x0800272c   0x00000004   Code   RO         1354    i.GPIO_ResetBits    stm32f10x_gpio.o
    0x08002730   0x08002730   0x00000004   Code   RO         1355    i.GPIO_SetBits      stm32f10x_gpio.o
    0x08002734   0x08002734   0x0000000a   Code   RO         1358    i.GPIO_WriteBit     stm32f10x_gpio.o
    0x0800273e   0x0800273e   0x00000002   PAD
    0x08002740   0x08002740   0x00000040   Code   RO         3336    i.Gradienter        menu.o
    0x08002780   0x08002780   0x00000004   Code   RO         4070    i.HardFault_Handler  stm32f10x_it.o
    0x08002784   0x08002784   0x00000048   Code   RO         3292    i.Key3_Tick         key.o
    0x080027cc   0x080027cc   0x0000001c   Code   RO         3293    i.Key_GetNum        key.o
    0x080027e8   0x080027e8   0x00000034   Code   RO         3294    i.Key_GetState      key.o
    0x0800281c   0x0800281c   0x00000034   Code   RO         3295    i.Key_Init          key.o
    0x08002850   0x08002850   0x00000034   Code   RO         3296    i.Key_Tick          key.o
    0x08002884   0x08002884   0x000000ec   Code   RO         3337    i.LED               menu.o
    0x08002970   0x08002970   0x00000014   Code   RO         3262    i.LED1_OFF          led.o
    0x08002984   0x08002984   0x00000014   Code   RO         3263    i.LED1_ON           led.o
    0x08002998   0x08002998   0x00000060   Code   RO         3265    i.LED_Init          led.o
    0x080029f8   0x080029f8   0x00000060   Code   RO         3338    i.MPU6050           menu.o
    0x08002a58   0x08002a58   0x000002c0   Code   RO         3339    i.MPU6050_Calculation  menu.o
    0x08002d18   0x08002d18   0x000000ac   Code   RO         3849    i.MPU6050_GetData   mpu6050.o
    0x08002dc4   0x08002dc4   0x00000038   Code   RO         3851    i.MPU6050_Init      mpu6050.o
    0x08002dfc   0x08002dfc   0x0000003e   Code   RO         3852    i.MPU6050_ReadReg   mpu6050.o
    0x08002e3a   0x08002e3a   0x0000002e   Code   RO         3853    i.MPU6050_WriteReg  mpu6050.o
    0x08002e68   0x08002e68   0x00000004   Code   RO         4071    i.MemManage_Handler  stm32f10x_it.o
    0x08002e6c   0x08002e6c   0x00000154   Code   RO         3340    i.Menu              menu.o
    0x08002fc0   0x08002fc0   0x000001c8   Code   RO         3341    i.Menu_Animation    menu.o
    0x08003188   0x08003188   0x000000a0   Code   RO         3342    i.MoveToFunction    menu.o
    0x08003228   0x08003228   0x00000038   Code   RO         3891    i.MyI2C_Init        myi2c.o
    0x08003260   0x08003260   0x0000001c   Code   RO         3892    i.MyI2C_R_SDA       myi2c.o
    0x0800327c   0x0800327c   0x0000001e   Code   RO         3893    i.MyI2C_ReceiveAck  myi2c.o
    0x0800329a   0x0800329a   0x00000032   Code   RO         3894    i.MyI2C_ReceiveByte  myi2c.o
    0x080032cc   0x080032cc   0x00000018   Code   RO         3895    i.MyI2C_SendAck     myi2c.o
    0x080032e4   0x080032e4   0x00000032   Code   RO         3896    i.MyI2C_SendByte    myi2c.o
    0x08003316   0x08003316   0x0000001c   Code   RO         3897    i.MyI2C_Start       myi2c.o
    0x08003332   0x08003332   0x00000016   Code   RO         3898    i.MyI2C_Stop        myi2c.o
    0x08003348   0x08003348   0x0000001c   Code   RO         3899    i.MyI2C_W_SCL       myi2c.o
    0x08003364   0x08003364   0x0000001c   Code   RO         3900    i.MyI2C_W_SDA       myi2c.o
    0x08003380   0x08003380   0x00000072   Code   RO         3220    i.MyRTC_Init        myrtc.o
    0x080033f2   0x080033f2   0x00000002   PAD
    0x080033f4   0x080033f4   0x00000048   Code   RO         3221    i.MyRTC_ReadTime    myrtc.o
    0x0800343c   0x0800343c   0x0000004c   Code   RO         3222    i.MyRTC_SetTime     myrtc.o
    0x08003488   0x08003488   0x00000002   Code   RO         4072    i.NMI_Handler       stm32f10x_it.o
    0x0800348a   0x0800348a   0x00000002   PAD
    0x0800348c   0x0800348c   0x00000070   Code   RO          137    i.NVIC_Init         misc.o
    0x080034fc   0x080034fc   0x00000014   Code   RO          138    i.NVIC_PriorityGroupConfig  misc.o
    0x08003510   0x08003510   0x00000028   Code   RO         3530    i.OLED_Clear        oled.o
    0x08003538   0x08003538   0x00000090   Code   RO         3531    i.OLED_ClearArea    oled.o
    0x080035c8   0x080035c8   0x00000160   Code   RO         3533    i.OLED_DrawCircle   oled.o
    0x08003728   0x08003728   0x0000032c   Code   RO         3534    i.OLED_DrawEllipse  oled.o
    0x08003a54   0x08003a54   0x00000050   Code   RO         3536    i.OLED_DrawPoint    oled.o
    0x08003aa4   0x08003aa4   0x00000060   Code   RO         3539    i.OLED_GPIO_Init    oled.o
    0x08003b04   0x08003b04   0x0000003e   Code   RO         3541    i.OLED_I2C_SendByte  oled.o
    0x08003b42   0x08003b42   0x0000001c   Code   RO         3542    i.OLED_I2C_Start    oled.o
    0x08003b5e   0x08003b5e   0x00000016   Code   RO         3543    i.OLED_I2C_Stop     oled.o
    0x08003b74   0x08003b74   0x0000009a   Code   RO         3544    i.OLED_Init         oled.o
    0x08003c0e   0x08003c0e   0x00000014   Code   RO         3546    i.OLED_Pow          oled.o
    0x08003c22   0x08003c22   0x00000032   Code   RO         3547    i.OLED_Printf       oled.o
    0x08003c54   0x08003c54   0x00000090   Code   RO         3549    i.OLED_ReverseArea  oled.o
    0x08003ce4   0x08003ce4   0x00000022   Code   RO         3550    i.OLED_SetCursor    oled.o
    0x08003d06   0x08003d06   0x00000002   PAD
    0x08003d08   0x08003d08   0x00000078   Code   RO         3552    i.OLED_ShowChar     oled.o
    0x08003d80   0x08003d80   0x000000fc   Code   RO         3555    i.OLED_ShowImage    oled.o
    0x08003e7c   0x08003e7c   0x0000004c   Code   RO         3556    i.OLED_ShowNum      oled.o
    0x08003ec8   0x08003ec8   0x00000110   Code   RO         3558    i.OLED_ShowString   oled.o
    0x08003fd8   0x08003fd8   0x00000028   Code   RO         3559    i.OLED_Update       oled.o
    0x08004000   0x08004000   0x00000018   Code   RO         3561    i.OLED_W_SCL        oled.o
    0x08004018   0x08004018   0x00000018   Code   RO         3562    i.OLED_W_SDA        oled.o
    0x08004030   0x08004030   0x00000020   Code   RO         3563    i.OLED_WriteCommand  oled.o
    0x08004050   0x08004050   0x0000002e   Code   RO         3564    i.OLED_WriteData    oled.o
    0x0800407e   0x0800407e   0x00000002   PAD
    0x08004080   0x08004080   0x0000000c   Code   RO         1710    i.PWR_BackupAccessCmd  stm32f10x_pwr.o
    0x0800408c   0x0800408c   0x00000002   Code   RO         4073    i.PendSV_Handler    stm32f10x_it.o
    0x0800408e   0x0800408e   0x00000018   Code   RO         3343    i.Peripheral_Init   menu.o
    0x080040a6   0x080040a6   0x00000002   PAD
    0x080040a8   0x080040a8   0x00000018   Code   RO         1773    i.RCC_ADCCLKConfig  stm32f10x_rcc.o
    0x080040c0   0x080040c0   0x00000020   Code   RO         1775    i.RCC_APB1PeriphClockCmd  stm32f10x_rcc.o
    0x080040e0   0x080040e0   0x00000020   Code   RO         1777    i.RCC_APB2PeriphClockCmd  stm32f10x_rcc.o
    0x08004100   0x08004100   0x0000003c   Code   RO         1786    i.RCC_GetFlagStatus  stm32f10x_rcc.o
    0x0800413c   0x0800413c   0x00000034   Code   RO         1793    i.RCC_LSEConfig     stm32f10x_rcc.o
    0x08004170   0x08004170   0x0000000c   Code   RO         1800    i.RCC_RTCCLKCmd     stm32f10x_rcc.o
    0x0800417c   0x0800417c   0x00000010   Code   RO         1801    i.RCC_RTCCLKConfig  stm32f10x_rcc.o
    0x0800418c   0x0800418c   0x00000014   Code   RO         1978    i.RTC_EnterConfigMode  stm32f10x_rtc.o
    0x080041a0   0x080041a0   0x00000014   Code   RO         1979    i.RTC_ExitConfigMode  stm32f10x_rtc.o
    0x080041b4   0x080041b4   0x00000014   Code   RO         1980    i.RTC_GetCounter    stm32f10x_rtc.o
    0x080041c8   0x080041c8   0x0000001c   Code   RO         1986    i.RTC_SetCounter    stm32f10x_rtc.o
    0x080041e4   0x080041e4   0x00000020   Code   RO         1987    i.RTC_SetPrescaler  stm32f10x_rtc.o
    0x08004204   0x08004204   0x00000014   Code   RO         1988    i.RTC_WaitForLastTask  stm32f10x_rtc.o
    0x08004218   0x08004218   0x00000024   Code   RO         1989    i.RTC_WaitForSynchro  stm32f10x_rtc.o
    0x0800423c   0x0800423c   0x00000002   Code   RO         4074    i.SVC_Handler       stm32f10x_it.o
    0x0800423e   0x0800423e   0x00000002   PAD
    0x08004240   0x08004240   0x000000c8   Code   RO         3344    i.SelectGame        menu.o
    0x08004308   0x08004308   0x00000084   Code   RO         3781    i.SetDay            settime.o
    0x0800438c   0x0800438c   0x00000084   Code   RO         3782    i.SetHour           settime.o
    0x08004410   0x08004410   0x00000084   Code   RO         3783    i.SetMinute         settime.o
    0x08004494   0x08004494   0x00000084   Code   RO         3784    i.SetMonth          settime.o
    0x08004518   0x08004518   0x00000084   Code   RO         3785    i.SetSecond         settime.o
    0x0800459c   0x0800459c   0x00000008   Code   RO           24    i.SetSysClock       system_stm32f10x.o
    0x080045a4   0x080045a4   0x000000e0   Code   RO           25    i.SetSysClockTo72   system_stm32f10x.o
    0x08004684   0x08004684   0x0000016c   Code   RO         3786    i.SetTimePage       settime.o
    0x080047f0   0x080047f0   0x00000070   Code   RO         3787    i.SetYear           settime.o
    0x08004860   0x08004860   0x00000024   Code   RO         3345    i.Set_Selection     menu.o
    0x08004884   0x08004884   0x000000bc   Code   RO         3346    i.SettingPage       menu.o
    0x08004940   0x08004940   0x0000013c   Code   RO         3347    i.Show_Battery      menu.o
    0x08004a7c   0x08004a7c   0x00000090   Code   RO         3348    i.Show_Clock_UI     menu.o
    0x08004b0c   0x08004b0c   0x00000100   Code   RO         3349    i.Show_Emoji_UI     menu.o
    0x08004c0c   0x08004c0c   0x00000058   Code   RO         3350    i.Show_Gradienter_UI  menu.o
    0x08004c64   0x08004c64   0x00000038   Code   RO         3351    i.Show_LED_UI       menu.o
    0x08004c9c   0x08004c9c   0x00000090   Code   RO         3353    i.Show_MPU6050_UI   menu.o
    0x08004d2c   0x08004d2c   0x00000030   Code   RO         3354    i.Show_SelectGame_UI  menu.o
    0x08004d5c   0x08004d5c   0x00000070   Code   RO         3788    i.Show_SetTimePage_FirstUI  settime.o
    0x08004dcc   0x08004dcc   0x0000005c   Code   RO         3789    i.Show_SetTimePage_SecondUI  settime.o
    0x08004e28   0x08004e28   0x00000034   Code   RO         3355    i.Show_SettingPage_UI  menu.o
    0x08004e5c   0x08004e5c   0x00000090   Code   RO         3356    i.Show_StopWatch_UI  menu.o
    0x08004eec   0x08004eec   0x0000010c   Code   RO         3357    i.StopWatch         menu.o
    0x08004ff8   0x08004ff8   0x00000098   Code   RO         3358    i.StopWatch_Tick    menu.o
    0x08005090   0x08005090   0x00000002   Code   RO         4075    i.SysTick_Handler   stm32f10x_it.o
    0x08005092   0x08005092   0x00000002   PAD
    0x08005094   0x08005094   0x00000060   Code   RO           27    i.SystemInit        system_stm32f10x.o
    0x080050f4   0x080050f4   0x00000028   Code   RO         4047    i.TIM2_IRQHandler   main.o
    0x0800511c   0x0800511c   0x00000006   Code   RO         2415    i.TIM_ClearFlag     stm32f10x_tim.o
    0x08005122   0x08005122   0x00000006   Code   RO         2416    i.TIM_ClearITPendingBit  stm32f10x_tim.o
    0x08005128   0x08005128   0x00000018   Code   RO         2421    i.TIM_Cmd           stm32f10x_tim.o
    0x08005140   0x08005140   0x00000022   Code   RO         2442    i.TIM_GetITStatus   stm32f10x_tim.o
    0x08005162   0x08005162   0x00000012   Code   RO         2446    i.TIM_ITConfig      stm32f10x_tim.o
    0x08005174   0x08005174   0x0000000c   Code   RO         2448    i.TIM_InternalClockConfig  stm32f10x_tim.o
    0x08005180   0x08005180   0x000000a4   Code   RO         2492    i.TIM_TimeBaseInit  stm32f10x_tim.o
    0x08005224   0x08005224   0x0000007c   Code   RO         3250    i.Timer_Init        timer.o
    0x080052a0   0x080052a0   0x00000004   Code   RO         4076    i.UsageFault_Handler  stm32f10x_it.o
    0x080052a4   0x080052a4   0x00000028   Code   RO         4491    i.__ARM_fpclassify  m_ws.l(fpclassify.o)
    0x080052cc   0x080052cc   0x00000388   Code   RO         4434    i.__ieee754_rem_pio2  m_ws.l(rred.o)
    0x08005654   0x08005654   0x000000fc   Code   RO         4416    i.__kernel_cos      m_ws.l(cos_i.o)
    0x08005750   0x08005750   0x000000aa   Code   RO         4493    i.__kernel_poly     m_ws.l(poly.o)
    0x080057fa   0x080057fa   0x00000002   PAD
    0x080057fc   0x080057fc   0x000000ec   Code   RO         4439    i.__kernel_sin      m_ws.l(sin_i.o)
    0x080058e8   0x080058e8   0x00000006   Code   RO         4420    i.__mathlib_dbl_infnan  m_ws.l(dunder.o)
    0x080058ee   0x080058ee   0x00000004   Code   RO         4421    i.__mathlib_dbl_infnan2  m_ws.l(dunder.o)
    0x080058f2   0x080058f2   0x0000000c   Code   RO         4422    i.__mathlib_dbl_invalid  m_ws.l(dunder.o)
    0x080058fe   0x080058fe   0x00000002   PAD
    0x08005900   0x08005900   0x00000010   Code   RO         4425    i.__mathlib_dbl_underflow  m_ws.l(dunder.o)
    0x08005910   0x08005910   0x0000000e   Code   RO         4300    i._is_digit         c_w.l(__printf_wp.o)
    0x0800591e   0x0800591e   0x00000002   PAD
    0x08005920   0x08005920   0x00000220   Code   RO         4407    i.atan              m_ws.l(atan.o)
    0x08005b40   0x08005b40   0x00000180   Code   RO         4214    i.atan2             m_ws.l(atan2.o)
    0x08005cc0   0x08005cc0   0x0000005c   Code   RO         3981    i.isColliding       dino.o
    0x08005d1c   0x08005d1c   0x0000002c   Code   RO         4048    i.main              main.o
    0x08005d48   0x08005d48   0x000000a0   Code   RO         4224    i.sin               m_ws.l(sin.o)
    0x08005de8   0x08005de8   0x0000004c   Code   RO         4232    i.sqrt              m_ws.l(sqrt.o)
    0x08005e34   0x08005e34   0x0000002c   Code   RO         4535    locale$$code        c_w.l(lc_numeric_c.o)
    0x08005e60   0x08005e60   0x0000002c   Code   RO         4560    locale$$code        c_w.l(lc_ctype_c.o)
    0x08005e8c   0x08005e8c   0x00000062   Code   RO         4153    x$fpl$d2f           fz_ws.l(d2f.o)
    0x08005eee   0x08005eee   0x00000002   PAD
    0x08005ef0   0x08005ef0   0x00000150   Code   RO         4155    x$fpl$dadd          fz_ws.l(daddsub_clz.o)
    0x08006040   0x08006040   0x00000010   Code   RO         4549    x$fpl$dcheck1       fz_ws.l(dcheck1.o)
    0x08006050   0x08006050   0x00000018   Code   RO         4381    x$fpl$dcmpinf       fz_ws.l(dcmpi.o)
    0x08006068   0x08006068   0x000002b0   Code   RO         4162    x$fpl$ddiv          fz_ws.l(ddiv.o)
    0x08006318   0x08006318   0x0000005e   Code   RO         4165    x$fpl$dfix          fz_ws.l(dfix.o)
    0x08006376   0x08006376   0x00000002   PAD
    0x08006378   0x08006378   0x0000005a   Code   RO         4169    x$fpl$dfixu         fz_ws.l(dfixu.o)
    0x080063d2   0x080063d2   0x0000002e   Code   RO         4174    x$fpl$dflt          fz_ws.l(dflt_clz.o)
    0x08006400   0x08006400   0x00000026   Code   RO         4173    x$fpl$dfltu         fz_ws.l(dflt_clz.o)
    0x08006426   0x08006426   0x00000002   PAD
    0x08006428   0x08006428   0x00000078   Code   RO         4179    x$fpl$dleqf         fz_ws.l(dleqf.o)
    0x080064a0   0x080064a0   0x00000154   Code   RO         4181    x$fpl$dmul          fz_ws.l(dmul.o)
    0x080065f4   0x080065f4   0x0000009c   Code   RO         4383    x$fpl$dnaninf       fz_ws.l(dnaninf.o)
    0x08006690   0x08006690   0x0000000c   Code   RO         4385    x$fpl$dretinf       fz_ws.l(dretinf.o)
    0x0800669c   0x0800669c   0x0000006c   Code   RO         4183    x$fpl$drleqf        fz_ws.l(drleqf.o)
    0x08006708   0x08006708   0x00000016   Code   RO         4156    x$fpl$drsb          fz_ws.l(daddsub_clz.o)
    0x0800671e   0x0800671e   0x00000002   PAD
    0x08006720   0x08006720   0x000001cc   Code   RO         4389    x$fpl$dsqrt         fz_ws.l(dsqrt_noumaal.o)
    0x080068ec   0x080068ec   0x000001d4   Code   RO         4157    x$fpl$dsub          fz_ws.l(daddsub_clz.o)
    0x08006ac0   0x08006ac0   0x00000056   Code   RO         4185    x$fpl$f2d           fz_ws.l(f2d.o)
    0x08006b16   0x08006b16   0x00000002   PAD
    0x08006b18   0x08006b18   0x000000c4   Code   RO         4187    x$fpl$fadd          fz_ws.l(faddsub_clz.o)
    0x08006bdc   0x08006bdc   0x00000018   Code   RO         4391    x$fpl$fcmpinf       fz_ws.l(fcmpi.o)
    0x08006bf4   0x08006bf4   0x00000184   Code   RO         4194    x$fpl$fdiv          fz_ws.l(fdiv.o)
    0x08006d78   0x08006d78   0x00000036   Code   RO         4197    x$fpl$ffix          fz_ws.l(ffix.o)
    0x08006dae   0x08006dae   0x00000002   PAD
    0x08006db0   0x08006db0   0x00000030   Code   RO         4202    x$fpl$fflt          fz_ws.l(fflt_clz.o)
    0x08006de0   0x08006de0   0x00000026   Code   RO         4201    x$fpl$ffltu         fz_ws.l(fflt_clz.o)
    0x08006e06   0x08006e06   0x00000002   PAD
    0x08006e08   0x08006e08   0x00000068   Code   RO         4207    x$fpl$fleqf         fz_ws.l(fleqf.o)
    0x08006e70   0x08006e70   0x00000102   Code   RO         4209    x$fpl$fmul          fz_ws.l(fmul.o)
    0x08006f72   0x08006f72   0x0000008c   Code   RO         4393    x$fpl$fnaninf       fz_ws.l(fnaninf.o)
    0x08006ffe   0x08006ffe   0x0000000a   Code   RO         4395    x$fpl$fretinf       fz_ws.l(fretinf.o)
    0x08007008   0x08007008   0x00000062   Code   RO         4211    x$fpl$frleqf        fz_ws.l(frleqf.o)
    0x0800706a   0x0800706a   0x00000002   PAD
    0x0800706c   0x0800706c   0x000000ea   Code   RO         4189    x$fpl$fsub          fz_ws.l(faddsub_clz.o)
    0x08007156   0x08007156   0x00000004   Code   RO         4397    x$fpl$printf1       fz_ws.l(printf1.o)
    0x0800715a   0x0800715a   0x00000004   Code   RO         4399    x$fpl$printf2       fz_ws.l(printf2.o)
    0x0800715e   0x0800715e   0x00000064   Code   RO         4566    x$fpl$retnan        fz_ws.l(retnan.o)
    0x080071c2   0x080071c2   0x0000005c   Code   RO         4489    x$fpl$scalbn        fz_ws.l(scalbn.o)
    0x0800721e   0x0800721e   0x00000030   Code   RO         4584    x$fpl$trapveneer    fz_ws.l(trapv.o)
    0x0800724e   0x0800724e   0x00000000   Code   RO         4405    x$fpl$usenofp       fz_ws.l(usenofp.o)
    0x0800724e   0x0800724e   0x000021b4   Data   RO         3768    .constdata          oled_data.o
    0x08009402   0x08009402   0x00000002   PAD
    0x08009404   0x08009404   0x00000008   Data   RO         4259    .constdata          c_w.l(_printf_wctomb.o)
    0x0800940c   0x0800940c   0x00000028   Data   RO         4288    .constdata          c_w.l(_printf_hex_int_ll_ptr.o)
    0x08009434   0x08009434   0x00000011   Data   RO         4308    .constdata          c_w.l(__printf_flags_ss_wp.o)
    0x08009445   0x08009445   0x0000000c   Data   RO         4333    .constdata          c_w.l(_monlen.o)
    0x08009451   0x08009451   0x00000007   PAD
    0x08009458   0x08009458   0x00000098   Data   RO         4408    .constdata          m_ws.l(atan.o)
    0x080094f0   0x080094f0   0x00000030   Data   RO         4417    .constdata          m_ws.l(cos_i.o)
    0x08009520   0x08009520   0x00000008   Data   RO         4433    .constdata          m_ws.l(qnan.o)
    0x08009528   0x08009528   0x000000c8   Data   RO         4436    .constdata          m_ws.l(rred.o)
    0x080095f0   0x080095f0   0x00000028   Data   RO         4440    .constdata          m_ws.l(sin_i.o)
    0x08009618   0x08009618   0x00000026   Data   RO         4472    .constdata          c_w.l(_printf_fp_hex.o)
    0x0800963e   0x0800963e   0x00000002   PAD
    0x08009640   0x08009640   0x00000094   Data   RO         4510    .constdata          c_w.l(bigflt0.o)
    0x080096d4   0x080096d4   0x00000020   Data   RO         4631    Region$$Table       anon$$obj.o
    0x080096f4   0x080096f4   0x0000001c   Data   RO         4534    locale$$data        c_w.l(lc_numeric_c.o)
    0x08009710   0x08009710   0x00000110   Data   RO         4559    locale$$data        c_w.l(lc_ctype_c.o)


    Execution Region RW_IRAM1 (Exec base: 0x20000000, Load base: 0x08009820, Size: 0x00000c28, Max: 0x00005000, ABSOLUTE)

    Exec Addr    Load Addr    Size         Type   Attr      Idx    E Section Name        Object

    0x20000000   0x08009820   0x00000018   Data   RW         3223    .data               myrtc.o
    0x20000018   0x08009838   0x00000004   Data   RW         3297    .data               key.o
    0x2000001c   0x0800983c   0x00000004   PAD
    0x20000020   0x08009840   0x00000073   Data   RW         3359    .data               menu.o
    0x20000093   0x080098b3   0x00000001   PAD
    0x20000094   0x080098b4   0x00000008   Data   RW         3790    .data               settime.o
    0x2000009c   0x080098bc   0x00000015   Data   RW         3982    .data               dino.o
    0x200000b1   0x080098d1   0x00000003   PAD
    0x200000b4        -       0x00000400   Zero   RW         3566    .bss                oled.o
    0x200004b4        -       0x000000e4   Zero   RW         4137    .bss                c_w.l(rand.o)
    0x20000598        -       0x0000002c   Zero   RW         4145    .bss                c_w.l(localtime.o)
    0x200005c4        -       0x00000060   Zero   RW         4496    .bss                c_w.l(libspace.o)
    0x20000624   0x080098d1   0x00000004   PAD
    0x20000628        -       0x00000200   Zero   RW            2    HEAP                startup_stm32f10x_md.o
    0x20000828        -       0x00000400   Zero   RW            1    STACK               startup_stm32f10x_md.o


==============================================================================

Image component sizes


      Code (inc. data)   RO Data    RW Data    ZI Data      Debug   Object Name

       196         14          0          0          0       1040   ad.o
         0          0          0          0          0       4508   core_cm3.o
        94          0          0          0          0       1392   delay.o
       904        156          0         21          0       4997   dino.o
       256         38          0          4          0       2636   key.o
       136         22          0          0          0       1304   led.o
        84          0          0          0          0        933   main.o
      4436        524          0        115          0      14482   menu.o
       132         22          0          0          0     213759   misc.o
       336          0          0          0          0       2750   mpu6050.o
       344         18          0          0          0       4822   myi2c.o
       262         10          0         24          0       3007   myrtc.o
      2924         68          0          0       1024      15508   oled.o
         0          0       8628          0          0       1582   oled_data.o
      1400        134          0          8          0       5587   settime.o
        64         26        236          0       1536        820   startup_stm32f10x_md.o
       394         10          0          0          0      18265   stm32f10x_adc.o
        56         10          0          0          0       2079   stm32f10x_bkp.o
       314          0          0          0          0      12320   stm32f10x_gpio.o
        26          0          0          0          0       3722   stm32f10x_it.o
        12          6          0          0          0        474   stm32f10x_pwr.o
       228         38          0          0          0       3644   stm32f10x_rcc.o
       176         34          0          0          0       3263   stm32f10x_rtc.o
       264         42          0          0          0      24608   stm32f10x_tim.o
       328         28          0          0          0      30473   system_stm32f10x.o
       124          0          0          0          0        545   timer.o

    ----------------------------------------------------------------------
     13508       1200       8898        180       2560     378520   Object Totals
         0          0         32          0          0          0   (incl. Generated)
        18          0          2          8          0          0   (incl. Padding)

    ----------------------------------------------------------------------

      Code (inc. data)   RO Data    RW Data    ZI Data      Debug   Library Member Name

         8          0          0          0          0         68   __main.o
       392          4         17          0          0         92   __printf_flags_ss_wp.o
        14          0          0          0          0         68   __printf_wp.o
         0          0          0          0          0          0   __rtentry.o
        12          0          0          0          0          0   __rtentry2.o
         6          0          0          0          0          0   __rtentry4.o
        52          8          0          0          0          0   __scatter.o
        26          0          0          0          0          0   __scatter_copy.o
        28          0          0          0          0          0   __scatter_zi.o
         0          0         12          0          0          0   _monlen.o
         6          0          0          0          0          0   _printf_a.o
         6          0          0          0          0          0   _printf_c.o
        44          0          0          0          0        108   _printf_char.o
        48          6          0          0          0         96   _printf_char_common.o
        40          0          0          0          0         68   _printf_charcount.o
         6          0          0          0          0          0   _printf_d.o
       120         16          0          0          0         92   _printf_dec.o
         6          0          0          0          0          0   _printf_e.o
         6          0          0          0          0          0   _printf_f.o
      1054          0          0          0          0        216   _printf_fp_dec.o
       764          8         38          0          0        100   _printf_fp_hex.o
       128         16          0          0          0         84   _printf_fp_infnan.o
         6          0          0          0          0          0   _printf_g.o
       148          4         40          0          0        160   _printf_hex_int_ll_ptr.o
         6          0          0          0          0          0   _printf_i.o
       178          0          0          0          0         88   _printf_intcommon.o
        10          0          0          0          0          0   _printf_l.o
         6          0          0          0          0          0   _printf_lc.o
        10          0          0          0          0          0   _printf_ll.o
         6          0          0          0          0          0   _printf_lld.o
         6          0          0          0          0          0   _printf_lli.o
         6          0          0          0          0          0   _printf_llo.o
         6          0          0          0          0          0   _printf_llu.o
         6          0          0          0          0          0   _printf_llx.o
       124         16          0          0          0         92   _printf_longlong_dec.o
         6          0          0          0          0          0   _printf_ls.o
         6          0          0          0          0          0   _printf_n.o
         6          0          0          0          0          0   _printf_o.o
       112         10          0          0          0        124   _printf_oct_int_ll.o
         6          0          0          0          0          0   _printf_p.o
        78          0          0          0          0        108   _printf_pad.o
         0          0          0          0          0          0   _printf_percent.o
         4          0          0          0          0          0   _printf_percent_end.o
         6          0          0          0          0          0   _printf_s.o
        82          0          0          0          0         80   _printf_str.o
        36          0          0          0          0         84   _printf_truncate.o
         6          0          0          0          0          0   _printf_u.o
        44          0          0          0          0        108   _printf_wchar.o
       188          6          8          0          0         92   _printf_wctomb.o
         6          0          0          0          0          0   _printf_x.o
        22          0          0          0          0        100   _rserrno.o
        10          0          0          0          0         68   _sputc.o
        64          0          0          0          0         92   _wcrtomb.o
       228          4        148          0          0         96   bigflt0.o
      1936        128          0          0          0        672   btod.o
        18          0          0          0          0         80   exit.o
         6          0          0          0          0        152   heapauxi.o
         0          0          0          0          0          0   indicate_semi.o
        44         10        272          0          0         76   lc_ctype_c.o
        44         10         28          0          0         76   lc_numeric_c.o
         2          0          0          0          0          0   libinit.o
        34          0          0          0          0          0   libinit2.o
         2          0          0          0          0          0   libshutdown.o
         2          0          0          0          0          0   libshutdown2.o
         8          4          0          0         96         68   libspace.o
       138          0          0          0          0         80   lludiv10.o
        12          6          0          0         44         68   localtime.o
       184          6          0          0          0         80   localtime_internal.o
       428         10          0          0          0        116   mktime.o
       112         18          0          0        228        160   rand.o
        16          4          0          0          0         76   rt_ctype_table.o
         8          4          0          0          0         68   rt_errno_addr_intlibspace.o
         8          4          0          0          0         68   rt_locale_intlibspace.o
        78          0          0          0          0         80   rt_memclr_w.o
       100          0          0          0          0         80   rt_memcpy_w.o
         2          0          0          0          0          0   rtexit.o
        10          0          0          0          0          0   rtexit2.o
       128          0          0          0          0         68   strcmpv7m.o
        12          4          0          0          0         68   sys_exit.o
        74          0          0          0          0         80   sys_stackheap_outer.o
         2          0          0          0          0         68   use_no_semi.o
        36          4          0          0          0         76   vsprintf.o
        98          4          0          0          0         92   d2f.o
       826         16          0          0          0        348   daddsub_clz.o
        16          4          0          0          0         68   dcheck1.o
        24          0          0          0          0         68   dcmpi.o
       688        140          0          0          0        208   ddiv.o
        94          4          0          0          0         92   dfix.o
        90          4          0          0          0         92   dfixu.o
        84          0          0          0          0        136   dflt_clz.o
       120          4          0          0          0         92   dleqf.o
       340         12          0          0          0        104   dmul.o
       156          4          0          0          0         92   dnaninf.o
        12          0          0          0          0         68   dretinf.o
       108          0          0          0          0         80   drleqf.o
       460         56          0          0          0        120   dsqrt_noumaal.o
        86          4          0          0          0         84   f2d.o
       430          8          0          0          0        168   faddsub_clz.o
        24          0          0          0          0         68   fcmpi.o
       388         76          0          0          0         96   fdiv.o
        54          4          0          0          0         84   ffix.o
        86          0          0          0          0        136   fflt_clz.o
       104          4          0          0          0         84   fleqf.o
       258          4          0          0          0         84   fmul.o
       140          4          0          0          0         84   fnaninf.o
        10          0          0          0          0         68   fretinf.o
        98          0          0          0          0         68   frleqf.o
         4          0          0          0          0         68   printf1.o
         4          0          0          0          0         68   printf2.o
       100          0          0          0          0         68   retnan.o
        92          0          0          0          0         68   scalbn.o
        48          0          0          0          0         68   trapv.o
         0          0          0          0          0          0   usenofp.o
       544         70        152          0          0        124   atan.o
       384         38          0          0          0        144   atan2.o
       252         22         48          0          0        124   cos_i.o
        38          6          0          0          0        272   dunder.o
        40          0          0          0          0         68   fpclassify.o
       170          0          0          0          0         96   poly.o
         0          0          8          0          0          0   qnan.o
       904         76        200          0          0        140   rred.o
       160         10          0          0          0        108   sin.o
       236         12         40          0          0        128   sin_i.o
        76          0          0          0          0         84   sqrt.o

    ----------------------------------------------------------------------
     15518        896       1020          0        372       8956   Library Totals
        34          0          9          0          4          0   (incl. Padding)

    ----------------------------------------------------------------------

      Code (inc. data)   RO Data    RW Data    ZI Data      Debug   Library Name

      7638        310        563          0        368       4644   c_w.l
      5042        352          0          0          0       3024   fz_ws.l
      2804        234        448          0          0       1288   m_ws.l

    ----------------------------------------------------------------------
     15518        896       1020          0        372       8956   Library Totals

    ----------------------------------------------------------------------

==============================================================================


      Code (inc. data)   RO Data    RW Data    ZI Data      Debug   

     29026       2096       9918        180       2932     374940   Grand Totals
     29026       2096       9918        180       2932     374940   ELF Image Totals
     29026       2096       9918        180          0          0   ROM Totals

==============================================================================

    Total RO  Size (Code + RO Data)                38944 (  38.03kB)
    Total RW  Size (RW Data + ZI Data)              3112 (   3.04kB)
    Total ROM Size (Code + RO Data + RW Data)      39124 (  38.21kB)

==============================================================================

