Component: ARM Compiler 5.06 update 5 (build 528) Tool: armlink [4d35e2]

==============================================================================

Section Cross References

    startup_stm32f10x_md.o(STACK) refers (Special) to heapauxi.o(.text) for __use_two_region_memory
    startup_stm32f10x_md.o(HEAP) refers (Special) to heapauxi.o(.text) for __use_two_region_memory
    startup_stm32f10x_md.o(RESET) refers (Special) to heapauxi.o(.text) for __use_two_region_memory
    startup_stm32f10x_md.o(RESET) refers to startup_stm32f10x_md.o(STACK) for __initial_sp
    startup_stm32f10x_md.o(RESET) refers to startup_stm32f10x_md.o(.text) for Reset_Handler
    startup_stm32f10x_md.o(RESET) refers to stm32f10x_it.o(i.NMI_Handler) for NMI_Handler
    startup_stm32f10x_md.o(RESET) refers to stm32f10x_it.o(i.HardFault_Handler) for HardFault_Handler
    startup_stm32f10x_md.o(RESET) refers to stm32f10x_it.o(i.MemManage_Handler) for MemManage_Handler
    startup_stm32f10x_md.o(RESET) refers to stm32f10x_it.o(i.BusFault_Handler) for BusFault_Handler
    startup_stm32f10x_md.o(RESET) refers to stm32f10x_it.o(i.UsageFault_Handler) for UsageFault_Handler
    startup_stm32f10x_md.o(RESET) refers to stm32f10x_it.o(i.SVC_Handler) for SVC_Handler
    startup_stm32f10x_md.o(RESET) refers to stm32f10x_it.o(i.DebugMon_Handler) for DebugMon_Handler
    startup_stm32f10x_md.o(RESET) refers to stm32f10x_it.o(i.PendSV_Handler) for PendSV_Handler
    startup_stm32f10x_md.o(RESET) refers to stm32f10x_it.o(i.SysTick_Handler) for SysTick_Handler
    startup_stm32f10x_md.o(RESET) refers to main.o(i.TIM2_IRQHandler) for TIM2_IRQHandler
    startup_stm32f10x_md.o(.text) refers (Special) to heapauxi.o(.text) for __use_two_region_memory
    startup_stm32f10x_md.o(.text) refers to system_stm32f10x.o(i.SystemInit) for SystemInit
    startup_stm32f10x_md.o(.text) refers to __main.o(!!!main) for __main
    startup_stm32f10x_md.o(.text) refers to startup_stm32f10x_md.o(HEAP) for Heap_Mem
    startup_stm32f10x_md.o(.text) refers to startup_stm32f10x_md.o(STACK) for Stack_Mem
    system_stm32f10x.o(i.SetSysClock) refers to system_stm32f10x.o(i.SetSysClockTo72) for SetSysClockTo72
    system_stm32f10x.o(i.SystemCoreClockUpdate) refers to system_stm32f10x.o(.data) for SystemCoreClock
    system_stm32f10x.o(i.SystemInit) refers to system_stm32f10x.o(i.SetSysClock) for SetSysClock
    stm32f10x_adc.o(i.ADC_DeInit) refers to stm32f10x_rcc.o(i.RCC_APB2PeriphResetCmd) for RCC_APB2PeriphResetCmd
    stm32f10x_bkp.o(i.BKP_DeInit) refers to stm32f10x_rcc.o(i.RCC_BackupResetCmd) for RCC_BackupResetCmd
    stm32f10x_can.o(i.CAN_DeInit) refers to stm32f10x_rcc.o(i.RCC_APB1PeriphResetCmd) for RCC_APB1PeriphResetCmd
    stm32f10x_can.o(i.CAN_GetITStatus) refers to stm32f10x_can.o(i.CheckITStatus) for CheckITStatus
    stm32f10x_cec.o(i.CEC_DeInit) refers to stm32f10x_rcc.o(i.RCC_APB1PeriphResetCmd) for RCC_APB1PeriphResetCmd
    stm32f10x_dac.o(i.DAC_DeInit) refers to stm32f10x_rcc.o(i.RCC_APB1PeriphResetCmd) for RCC_APB1PeriphResetCmd
    stm32f10x_flash.o(i.FLASH_EnableWriteProtection) refers to stm32f10x_flash.o(i.FLASH_WaitForLastOperation) for FLASH_WaitForLastOperation
    stm32f10x_flash.o(i.FLASH_EraseAllBank1Pages) refers to stm32f10x_flash.o(i.FLASH_WaitForLastBank1Operation) for FLASH_WaitForLastBank1Operation
    stm32f10x_flash.o(i.FLASH_EraseAllPages) refers to stm32f10x_flash.o(i.FLASH_WaitForLastOperation) for FLASH_WaitForLastOperation
    stm32f10x_flash.o(i.FLASH_EraseOptionBytes) refers to stm32f10x_flash.o(i.FLASH_GetReadOutProtectionStatus) for FLASH_GetReadOutProtectionStatus
    stm32f10x_flash.o(i.FLASH_EraseOptionBytes) refers to stm32f10x_flash.o(i.FLASH_WaitForLastOperation) for FLASH_WaitForLastOperation
    stm32f10x_flash.o(i.FLASH_ErasePage) refers to stm32f10x_flash.o(i.FLASH_WaitForLastOperation) for FLASH_WaitForLastOperation
    stm32f10x_flash.o(i.FLASH_ProgramHalfWord) refers to stm32f10x_flash.o(i.FLASH_WaitForLastOperation) for FLASH_WaitForLastOperation
    stm32f10x_flash.o(i.FLASH_ProgramOptionByteData) refers to stm32f10x_flash.o(i.FLASH_WaitForLastOperation) for FLASH_WaitForLastOperation
    stm32f10x_flash.o(i.FLASH_ProgramWord) refers to stm32f10x_flash.o(i.FLASH_WaitForLastOperation) for FLASH_WaitForLastOperation
    stm32f10x_flash.o(i.FLASH_ReadOutProtection) refers to stm32f10x_flash.o(i.FLASH_WaitForLastOperation) for FLASH_WaitForLastOperation
    stm32f10x_flash.o(i.FLASH_UserOptionByteConfig) refers to stm32f10x_flash.o(i.FLASH_WaitForLastOperation) for FLASH_WaitForLastOperation
    stm32f10x_flash.o(i.FLASH_WaitForLastBank1Operation) refers to stm32f10x_flash.o(i.FLASH_GetBank1Status) for FLASH_GetBank1Status
    stm32f10x_flash.o(i.FLASH_WaitForLastOperation) refers to stm32f10x_flash.o(i.FLASH_GetBank1Status) for FLASH_GetBank1Status
    stm32f10x_gpio.o(i.GPIO_AFIODeInit) refers to stm32f10x_rcc.o(i.RCC_APB2PeriphResetCmd) for RCC_APB2PeriphResetCmd
[...]
    __rt_lib_shutdown_return                 0x08000217   Thumb Code     0  libshutdown2.o(.ARM.Collect$$libshutdown$$00000010)
    __rt_lib_shutdown_signal_1               0x08000217   Thumb Code     0  libshutdown2.o(.ARM.Collect$$libshutdown$$0000000A)
    __rt_lib_shutdown_stdio_1                0x08000217   Thumb Code     0  libshutdown2.o(.ARM.Collect$$libshutdown$$00000004)
    __rt_lib_shutdown_user_alloc_1           0x08000217   Thumb Code     0  libshutdown2.o(.ARM.Collect$$libshutdown$$0000000C)
    __rt_entry                               0x08000219   Thumb Code     0  __rtentry.o(.ARM.Collect$$rtentry$$00000000)
    __rt_entry_presh_1                       0x08000219   Thumb Code     0  __rtentry2.o(.ARM.Collect$$rtentry$$00000002)
    __rt_entry_sh                            0x08000219   Thumb Code     0  __rtentry4.o(.ARM.Collect$$rtentry$$00000004)
    __rt_entry_li                            0x0800021f   Thumb Code     0  __rtentry2.o(.ARM.Collect$$rtentry$$0000000A)
    __rt_entry_postsh_1                      0x0800021f   Thumb Code     0  __rtentry2.o(.ARM.Collect$$rtentry$$00000009)
    __rt_entry_main                          0x08000223   Thumb Code     0  __rtentry2.o(.ARM.Collect$$rtentry$$0000000D)
    __rt_entry_postli_1                      0x08000223   Thumb Code     0  __rtentry2.o(.ARM.Collect$$rtentry$$0000000C)
    __rt_exit                                0x0800022b   Thumb Code     0  rtexit.o(.ARM.Collect$$rtexit$$00000000)
    __rt_exit_ls                             0x0800022d   Thumb Code     0  rtexit2.o(.ARM.Collect$$rtexit$$00000003)
    __rt_exit_prels_1                        0x0800022d   Thumb Code     0  rtexit2.o(.ARM.Collect$$rtexit$$00000002)
    __rt_exit_exit                           0x08000231   Thumb Code     0  rtexit2.o(.ARM.Collect$$rtexit$$00000004)
    rand                                     0x08000239   Thumb Code    48  rand.o(.emb_text)
    Reset_Handler                            0x0800026d   Thumb Code     8  startup_stm32f10x_md.o(.text)
    ADC1_2_IRQHandler                        0x08000287   Thumb Code     0  startup_stm32f10x_md.o(.text)
    CAN1_RX1_IRQHandler                      0x08000287   Thumb Code     0  startup_stm32f10x_md.o(.text)
    CAN1_SCE_IRQHandler                      0x08000287   Thumb Code     0  startup_stm32f10x_md.o(.text)
    DMA1_Channel1_IRQHandler                 0x08000287   Thumb Code     0  startup_stm32f10x_md.o(.text)
    DMA1_Channel2_IRQHandler                 0x08000287   Thumb Code     0  startup_stm32f10x_md.o(.text)
    DMA1_Channel3_IRQHandler                 0x08000287   Thumb Code     0  startup_stm32f10x_md.o(.text)
    DMA1_Channel4_IRQHandler                 0x08000287   Thumb Code     0  startup_stm32f10x_md.o(.text)
    DMA1_Channel5_IRQHandler                 0x08000287   Thumb Code     0  startup_stm32f10x_md.o(.text)
    DMA1_Channel6_IRQHandler                 0x08000287   Thumb Code     0  startup_stm32f10x_md.o(.text)
    DMA1_Channel7_IRQHandler                 0x08000287   Thumb Code     0  startup_stm32f10x_md.o(.text)
    EXTI0_IRQHandler                         0x08000287   Thumb Code     0  startup_stm32f10x_md.o(.text)
    EXTI15_10_IRQHandler                     0x08000287   Thumb Code     0  startup_stm32f10x_md.o(.text)
    EXTI1_IRQHandler                         0x08000287   Thumb Code     0  startup_stm32f10x_md.o(.text)
    EXTI2_IRQHandler                         0x08000287   Thumb Code     0  startup_stm32f10x_md.o(.text)
    EXTI3_IRQHandler                         0x08000287   Thumb Code     0  startup_stm32f10x_md.o(.text)
    EXTI4_IRQHandler                         0x08000287   Thumb Code     0  startup_stm32f10x_md.o(.text)
    EXTI9_5_IRQHandler                       0x08000287   Thumb Code     0  startup_stm32f10x_md.o(.text)
    FLASH_IRQHandler                         0x08000287   Thumb Code     0  startup_stm32f10x_md.o(.text)
    I2C1_ER_IRQHandler                       0x08000287   Thumb Code     0  startup_stm32f10x_md.o(.text)
    I2C1_EV_IRQHandler                       0x08000287   Thumb Code     0  startup_stm32f10x_md.o(.text)
    I2C2_ER_IRQHandler                       0x08000287   Thumb Code     0  startup_stm32f10x_md.o(.text)
    I2C2_EV_IRQHandler                       0x08000287   Thumb Code     0  startup_stm32f10x_md.o(.text)
    PVD_IRQHandler                           0x08000287   Thumb Code     0  startup_stm32f10x_md.o(.text)
    RCC_IRQHandler                           0x08000287   Thumb Code     0  startup_stm32f10x_md.o(.text)
    RTCAlarm_IRQHandler                      0x08000287   Thumb Code     0  startup_stm32f10x_md.o(.text)
    RTC_IRQHandler                           0x08000287   Thumb Code     0  startup_stm32f10x_md.o(.text)
    SPI1_IRQHandler                          0x08000287   Thumb Code     0  startup_stm32f10x_md.o(.text)
    SPI2_IRQHandler                          0x08000287   Thumb Code     0  startup_stm32f10x_md.o(.text)
    TAMPER_IRQHandler                        0x08000287   Thumb Code     0  startup_stm32f10x_md.o(.text)
    TIM1_BRK_IRQHandler                      0x08000287   Thumb Code     0  startup_stm32f10x_md.o(.text)
    TIM1_CC_IRQHandler                       0x08000287   Thumb Code     0  startup_stm32f10x_md.o(.text)
    TIM1_TRG_COM_IRQHandler                  0x08000287   Thumb Code     0  startup_stm32f10x_md.o(.text)
    TIM1_UP_IRQHandler                       0x08000287   Thumb Code     0  startup_stm32f10x_md.o(.text)
    TIM3_IRQHandler                          0x08000287   Thumb Code     0  startup_stm32f10x_md.o(.text)
    TIM4_IRQHandler                          0x08000287   Thumb Code     0  startup_stm32f10x_md.o(.text)
    USART1_IRQHandler                        0x08000287   Thumb Code     0  startup_stm32f10x_md.o(.text)
    USART2_IRQHandler                        0x08000287   Thumb Code     0  startup_stm32f10x_md.o(.text)
    USART3_IRQHandler                        0x08000287   Thumb Code     0  startup_stm32f10x_md.o(.text)
    USBWakeUp_IRQHandler                     0x08000287   Thumb Code     0  startup_stm32f10x_md.o(.text)
    USB_HP_CAN1_TX_IRQHandler                0x08000287   Thumb Code     0  startup_stm32f10x_md.o(.text)
    USB_LP_CAN1_RX0_IRQHandler               0x08000287   Thumb Code     0  startup_stm32f10x_md.o(.text)
    WWDG_IRQHandler                          0x08000287   Thumb Code     0  startup_stm32f10x_md.o(.text)
    __user_initial_stackheap                 0x08000289   Thumb Code     0  startup_stm32f10x_md.o(.text)
    vsprintf                                 0x080002ad   Thumb Code    32  vsprintf.o(.text)
    srand                                    0x080002d1   Thumb Code    42  rand.o(.text)
    _rand_init                               0x080002fb   Thumb Code     4  rand.o(.text)
    __aeabi_memcpy4                          0x0800030d   Thumb Code     0  rt_memcpy_w.o(.text)
    __aeabi_memcpy8                          0x0800030d   Thumb Code     0  rt_memcpy_w.o(.text)
    __rt_memcpy_w                            0x0800030d   Thumb Code   100  rt_memcpy_w.o(.text)
    _memcpy_lastbytes_aligned                0x08000355   Thumb Code     0  rt_memcpy_w.o(.text)
    strcmp                                   0x08000371   Thumb Code   128  strcmpv7m.o(.text)
    localtime                                0x080003f1   Thumb Code     6  localtime.o(.text)
    mktime                                   0x0800043b   Thumb Code   356  mktime.o(.text)
    __use_two_region_memory                  0x080005a9   Thumb Code     2  heapauxi.o(.text)
    __rt_heap_escrow$2region                 0x080005ab   Thumb Code     2  heapauxi.o(.text)
    __rt_heap_expand$2region                 0x080005ad   Thumb Code     2  heapauxi.o(.text)
    __read_errno                             0x080005af   Thumb Code    10  _rserrno.o(.text)
    __set_errno                              0x080005b9   Thumb Code    12  _rserrno.o(.text)
    _printf_pre_padding                      0x080005c5   Thumb Code    44  _printf_pad.o(.text)
    _printf_post_padding                     0x080005f1   Thumb Code    34  _printf_pad.o(.text)
    _printf_truncate_signed                  0x08000613   Thumb Code    18  _printf_truncate.o(.text)
    _printf_truncate_unsigned                0x08000625   Thumb Code    18  _printf_truncate.o(.text)
    _printf_str                              0x08000637   Thumb Code    82  _printf_str.o(.text)
    _printf_int_dec                          0x08000689   Thumb Code   104  _printf_dec.o(.text)
    _printf_charcount                        0x08000701   Thumb Code    40  _printf_charcount.o(.text)
    _printf_char_common                      0x08000733   Thumb Code    32  _printf_char_common.o(.text)
    _sputc                                   0x08000759   Thumb Code    10  _sputc.o(.text)
    _printf_wctomb                           0x08000765   Thumb Code   182  _printf_wctomb.o(.text)
    _printf_longlong_dec                     0x08000821   Thumb Code   108  _printf_longlong_dec.o(.text)
    _printf_longlong_oct                     0x0800089d   Thumb Code    66  _printf_oct_int_ll.o(.text)
    _printf_int_oct                          0x080008df   Thumb Code    24  _printf_oct_int_ll.o(.text)
    _printf_ll_oct                           0x080008f7   Thumb Code    12  _printf_oct_int_ll.o(.text)
    _printf_longlong_hex                     0x0800090d   Thumb Code    86  _printf_hex_int_ll_ptr.o(.text)
    _printf_int_hex                          0x08000963   Thumb Code    28  _printf_hex_int_ll_ptr.o(.text)
    _printf_ll_hex                           0x0800097f   Thumb Code    12  _printf_hex_int_ll_ptr.o(.text)
    _printf_hex_ptr                          0x0800098b   Thumb Code    18  _printf_hex_int_ll_ptr.o(.text)
    __printf                                 0x080009a1   Thumb Code   388  __printf_flags_ss_wp.o(.text)
    _localtime_r                             0x08000b29   Thumb Code   178  localtime_internal.o(.text)
    _n$localtime_r                           0x08000b29   Thumb Code     0  localtime_internal.o(.text)
    __aeabi_errno_addr                       0x08000be1   Thumb Code     8  rt_errno_addr_intlibspace.o(.text)
    __errno$intlibspace                      0x08000be1   Thumb Code     0  rt_errno_addr_intlibspace.o(.text)
    __rt_errno_addr$intlibspace              0x08000be1   Thumb Code     0  rt_errno_addr_intlibspace.o(.text)
    _ll_udiv10                               0x08000be9   Thumb Code   138  lludiv10.o(.text)
    _printf_int_common                       0x08000c73   Thumb Code   178  _printf_intcommon.o(.text)
    __lib_sel_fp_printf                      0x08000d25   Thumb Code     2  _printf_fp_dec.o(.text)
    _printf_fp_dec_real                      0x08000ed7   Thumb Code   620  _printf_fp_dec.o(.text)
    _printf_fp_hex_real                      0x08001145   Thumb Code   756  _printf_fp_hex.o(.text)
    _printf_cs_common                        0x08001441   Thumb Code    20  _printf_char.o(.text)
    _printf_char                             0x08001455   Thumb Code    16  _printf_char.o(.text)
    _printf_string                           0x08001465   Thumb Code     8  _printf_char.o(.text)
    _printf_lcs_common                       0x0800146d   Thumb Code    20  _printf_wchar.o(.text)
    _printf_wchar                            0x08001481   Thumb Code    16  _printf_wchar.o(.text)
    _printf_wstring                          0x08001491   Thumb Code     8  _printf_wchar.o(.text)
    _wcrtomb                                 0x08001499   Thumb Code    64  _wcrtomb.o(.text)
    __aeabi_memclr4                          0x080014d9   Thumb Code     0  rt_memclr_w.o(.text)
    __aeabi_memclr8                          0x080014d9   Thumb Code     0  rt_memclr_w.o(.text)
    __rt_memclr_w                            0x080014d9   Thumb Code    78  rt_memclr_w.o(.text)
    _memset_w                                0x080014dd   Thumb Code     0  rt_memclr_w.o(.text)
    __user_libspace                          0x08001529   Thumb Code     8  libspace.o(.text)
    __user_perproc_libspace                  0x08001529   Thumb Code     0  libspace.o(.text)
    __user_perthread_libspace                0x08001529   Thumb Code     0  libspace.o(.text)
    __user_setup_stackheap                   0x08001531   Thumb Code    74  sys_stackheap_outer.o(.text)
    __rt_ctype_table                         0x0800157d   Thumb Code    16  rt_ctype_table.o(.text)
    __rt_locale                              0x0800158d   Thumb Code     8  rt_locale_intlibspace.o(.text)
    _printf_fp_infnan                        0x08001595   Thumb Code   112  _printf_fp_infnan.o(.text)
    _btod_etento                             0x08001615   Thumb Code   224  bigflt0.o(.text)
    exit                                     0x080016f9   Thumb Code    18  exit.o(.text)
    __I$use$semihosting                      0x0800170b   Thumb Code     0  use_no_semi.o(.text)
    __use_no_semihosting_swi                 0x0800170b   Thumb Code     2  use_no_semi.o(.text)
    __semihosting_library_function           0x0800170d   Thumb Code     0  indicate_semi.o(.text)
    _sys_exit                                0x0800170d   Thumb Code     8  sys_exit.o(.text)
    _btod_d2e                                0x08001719   Thumb Code    62  btod.o(CL$$btod_d2e)
    _d2e_denorm_low                          0x08001757   Thumb Code    70  btod.o(CL$$btod_d2e_denorm_low)
    _d2e_norm_op1                            0x0800179d   Thumb Code    96  btod.o(CL$$btod_d2e_norm_op1)
    __btod_div_common                        0x080017fd   Thumb Code   696  btod.o(CL$$btod_div_common)
    _e2e                                     0x08001b35   Thumb Code   220  btod.o(CL$$btod_e2e)
    _btod_ediv                               0x08001c11   Thumb Code    42  btod.o(CL$$btod_ediv)
    _btod_emul                               0x08001c3b   Thumb Code    42  btod.o(CL$$btod_emul)
    __btod_mult_common                       0x08001c65   Thumb Code   580  btod.o(CL$$btod_mult_common)
    BKP_ReadBackupRegister                   0x08001ea9   Thumb Code    24  stm32f10x_bkp.o(i.BKP_ReadBackupRegister)
    BKP_WriteBackupRegister                  0x08001ec5   Thumb Code    22  stm32f10x_bkp.o(i.BKP_WriteBackupRegister)
    BusFault_Handler                         0x08001ee1   Thumb Code     4  stm32f10x_it.o(i.BusFault_Handler)
    ChangeRTC_Time                           0x08001ee5   Thumb Code    56  settime.o(i.ChangeRTC_Time)
    DebugMon_Handler                         0x08001f21   Thumb Code     2  stm32f10x_it.o(i.DebugMon_Handler)
    Delay_ms                                 0x08001f23   Thumb Code    24  delay.o(i.Delay_ms)
    Delay_s                                  0x08001f3b   Thumb Code    24  delay.o(i.Delay_s)
    Delay_us                                 0x08001f53   Thumb Code    46  delay.o(i.Delay_us)
    DinoGame                                 0x08001f81   Thumb Code    84  dino.o(i.DinoGame)
    DinoGame_Pos_Init                        0x08001fe9   Thumb Code    24  dino.o(i.DinoGame_Pos_Init)
    Dino_ShowDino                            0x08002015   Thumb Code   220  dino.o(i.Dino_ShowDino)
    Dino_Show_Barrier                        0x08002119   Thumb Code    94  dino.o(i.Dino_Show_Barrier)
    Dino_Show_Ground                         0x08002189   Thumb Code    96  dino.o(i.Dino_Show_Ground)
    Dino_Tick                                0x080021f5   Thumb Code   150  dino.o(i.Dino_Tick)
    Emoji                                    0x080022ad   Thumb Code    28  menu.o(i.Emoji)
    First_Page_Clock                         0x080022cd   Thumb Code   162  menu.o(i.First_Page_Clock)
    GPIO_Init                                0x08002379   Thumb Code   278  stm32f10x_gpio.o(i.GPIO_Init)
    GPIO_ReadInputDataBit                    0x0800248f   Thumb Code    18  stm32f10x_gpio.o(i.GPIO_ReadInputDataBit)
    GPIO_ResetBits                           0x080024a1   Thumb Code     4  stm32f10x_gpio.o(i.GPIO_ResetBits)
    GPIO_SetBits                             0x080024a5   Thumb Code     4  stm32f10x_gpio.o(i.GPIO_SetBits)
    GPIO_WriteBit                            0x080024a9   Thumb Code    10  stm32f10x_gpio.o(i.GPIO_WriteBit)
    Gradienter                               0x080024b5   Thumb Code    28  menu.o(i.Gradienter)
    HardFault_Handler                        0x080024d5   Thumb Code     4  stm32f10x_it.o(i.HardFault_Handler)
    Key_GetNum                               0x080024d9   Thumb Code    24  key.o(i.Key_GetNum)
    Key_GetState                             0x080024f5   Thumb Code    48  key.o(i.Key_GetState)
    Key_Init                                 0x0800252d   Thumb Code    60  key.o(i.Key_Init)
    Key_Tick                                 0x08002571   Thumb Code    40  key.o(i.Key_Tick)
    LED                                      0x080025a5   Thumb Code   194  menu.o(i.LED)
    LED1_OFF                                 0x08002671   Thumb Code    12  led.o(i.LED1_OFF)
    LED1_ON                                  0x08002681   Thumb Code    12  led.o(i.LED1_ON)
    LED_Init                                 0x08002691   Thumb Code    46  led.o(i.LED_Init)
    MPU6050                                  0x080026c5   Thumb Code    60  menu.o(i.MPU6050)
    MPU6050_Calculation                      0x08002705   Thumb Code   612  menu.o(i.MPU6050_Calculation)
    MPU6050_GetData                          0x080029c5   Thumb Code   172  mpu6050.o(i.MPU6050_GetData)
    MPU6050_Init                             0x08002a71   Thumb Code    56  mpu6050.o(i.MPU6050_Init)
    MPU6050_ReadReg                          0x08002aa9   Thumb Code    62  mpu6050.o(i.MPU6050_ReadReg)
    MPU6050_WriteReg                         0x08002ae7   Thumb Code    46  mpu6050.o(i.MPU6050_WriteReg)
    MemManage_Handler                        0x08002b15   Thumb Code     4  stm32f10x_it.o(i.MemManage_Handler)
    Menu                                     0x08002b19   Thumb Code   296  menu.o(i.Menu)
    Menu_Animation                           0x08002c4d   Thumb Code   428  menu.o(i.Menu_Animation)
    MoveToFunction                           0x08002e15   Thumb Code   146  menu.o(i.MoveToFunction)
    MyI2C_Init                               0x08002eb5   Thumb Code    50  myi2c.o(i.MyI2C_Init)
    MyI2C_R_SDA                              0x08002eed   Thumb Code    24  myi2c.o(i.MyI2C_R_SDA)
    MyI2C_ReceiveAck                         0x08002f09   Thumb Code    30  myi2c.o(i.MyI2C_ReceiveAck)
    MyI2C_ReceiveByte                        0x08002f27   Thumb Code    50  myi2c.o(i.MyI2C_ReceiveByte)
    MyI2C_SendAck                            0x08002f59   Thumb Code    24  myi2c.o(i.MyI2C_SendAck)
    MyI2C_SendByte                           0x08002f71   Thumb Code    50  myi2c.o(i.MyI2C_SendByte)
    MyI2C_Start                              0x08002fa3   Thumb Code    28  myi2c.o(i.MyI2C_Start)
    MyI2C_Stop                               0x08002fbf   Thumb Code    22  myi2c.o(i.MyI2C_Stop)
    MyI2C_W_SCL                              0x08002fd5   Thumb Code    24  myi2c.o(i.MyI2C_W_SCL)
    MyI2C_W_SDA                              0x08002ff1   Thumb Code    24  myi2c.o(i.MyI2C_W_SDA)
    MyRTC_Init                               0x0800300d   Thumb Code   114  myrtc.o(i.MyRTC_Init)
    MyRTC_ReadTime                           0x08003081   Thumb Code    68  myrtc.o(i.MyRTC_ReadTime)
    MyRTC_SetTime                            0x080030c9   Thumb Code    70  myrtc.o(i.MyRTC_SetTime)
    NMI_Handler                              0x08003115   Thumb Code     2  stm32f10x_it.o(i.NMI_Handler)
    NVIC_Init                                0x08003119   Thumb Code   100  misc.o(i.NVIC_Init)
    NVIC_PriorityGroupConfig                 0x08003189   Thumb Code    10  misc.o(i.NVIC_PriorityGroupConfig)
    OLED_Clear                               0x0800319d   Thumb Code    36  oled.o(i.OLED_Clear)
    OLED_ClearArea                           0x080031c5   Thumb Code   140  oled.o(i.OLED_ClearArea)
    OLED_DrawCircle                          0x08003255   Thumb Code   352  oled.o(i.OLED_DrawCircle)
    OLED_DrawEllipse                         0x080033b5   Thumb Code   806  oled.o(i.OLED_DrawEllipse)
    OLED_DrawPoint                           0x080036e1   Thumb Code    76  oled.o(i.OLED_DrawPoint)
    OLED_GPIO_Init                           0x08003731   Thumb Code    92  oled.o(i.OLED_GPIO_Init)
    OLED_I2C_SendByte                        0x08003791   Thumb Code    62  oled.o(i.OLED_I2C_SendByte)
    OLED_I2C_Start                           0x080037cf   Thumb Code    28  oled.o(i.OLED_I2C_Start)
    OLED_I2C_Stop                            0x080037eb   Thumb Code    22  oled.o(i.OLED_I2C_Stop)
    OLED_Init                                0x08003801   Thumb Code   154  oled.o(i.OLED_Init)
    OLED_Pow                                 0x0800389b   Thumb Code    20  oled.o(i.OLED_Pow)
    OLED_Printf                              0x080038af   Thumb Code    50  oled.o(i.OLED_Printf)
    OLED_ReverseArea                         0x080038e1   Thumb Code   140  oled.o(i.OLED_ReverseArea)
    OLED_SetCursor                           0x08003971   Thumb Code    34  oled.o(i.OLED_SetCursor)
    OLED_ShowChar                            0x08003995   Thumb Code   108  oled.o(i.OLED_ShowChar)
    OLED_ShowImage                           0x08003a0d   Thumb Code   248  oled.o(i.OLED_ShowImage)
    OLED_ShowNum                             0x08003b09   Thumb Code    76  oled.o(i.OLED_ShowNum)
    OLED_ShowString                          0x08003b55   Thumb Code   262  oled.o(i.OLED_ShowString)
    OLED_Update                              0x08003c65   Thumb Code    36  oled.o(i.OLED_Update)
    OLED_W_SCL                               0x08003c8d   Thumb Code    18  oled.o(i.OLED_W_SCL)
    OLED_W_SDA                               0x08003ca5   Thumb Code    18  oled.o(i.OLED_W_SDA)
    OLED_WriteCommand                        0x08003cbd   Thumb Code    32  oled.o(i.OLED_WriteCommand)
    OLED_WriteData                           0x08003cdd   Thumb Code    46  oled.o(i.OLED_WriteData)
    PWR_BackupAccessCmd                      0x08003d0d   Thumb Code     6  stm32f10x_pwr.o(i.PWR_BackupAccessCmd)
    PendSV_Handler                           0x08003d19   Thumb Code     2  stm32f10x_it.o(i.PendSV_Handler)
    Peripheral_Init                          0x08003d1b   Thumb Code    20  menu.o(i.Peripheral_Init)
    RCC_APB1PeriphClockCmd                   0x08003d31   Thumb Code    26  stm32f10x_rcc.o(i.RCC_APB1PeriphClockCmd)
    RCC_APB2PeriphClockCmd                   0x08003d51   Thumb Code    26  stm32f10x_rcc.o(i.RCC_APB2PeriphClockCmd)
    RCC_GetFlagStatus                        0x08003d71   Thumb Code    56  stm32f10x_rcc.o(i.RCC_GetFlagStatus)
    RCC_LSEConfig                            0x08003dad   Thumb Code    46  stm32f10x_rcc.o(i.RCC_LSEConfig)
    RCC_RTCCLKCmd                            0x08003de1   Thumb Code     6  stm32f10x_rcc.o(i.RCC_RTCCLKCmd)
    RCC_RTCCLKConfig                         0x08003ded   Thumb Code    12  stm32f10x_rcc.o(i.RCC_RTCCLKConfig)
    RTC_EnterConfigMode                      0x08003dfd   Thumb Code    14  stm32f10x_rtc.o(i.RTC_EnterConfigMode)
    RTC_ExitConfigMode                       0x08003e11   Thumb Code    16  stm32f10x_rtc.o(i.RTC_ExitConfigMode)
    RTC_GetCounter                           0x08003e25   Thumb Code    16  stm32f10x_rtc.o(i.RTC_GetCounter)
    RTC_SetCounter                           0x08003e39   Thumb Code    24  stm32f10x_rtc.o(i.RTC_SetCounter)
    RTC_SetPrescaler                         0x08003e55   Thumb Code    26  stm32f10x_rtc.o(i.RTC_SetPrescaler)
    RTC_WaitForLastTask                      0x08003e75   Thumb Code    16  stm32f10x_rtc.o(i.RTC_WaitForLastTask)
    RTC_WaitForSynchro                       0x08003e89   Thumb Code    30  stm32f10x_rtc.o(i.RTC_WaitForSynchro)
    SVC_Handler                              0x08003ead   Thumb Code     2  stm32f10x_it.o(i.SVC_Handler)
    SelectGame                               0x08003eb1   Thumb Code   154  menu.o(i.SelectGame)
    SetDay                                   0x08003f59   Thumb Code   124  settime.o(i.SetDay)
    SetHour                                  0x08003fdd   Thumb Code   124  settime.o(i.SetHour)
    SetMinute                                0x08004061   Thumb Code   124  settime.o(i.SetMinute)
    SetMonth                                 0x080040e5   Thumb Code   124  settime.o(i.SetMonth)
    SetSecond                                0x08004169   Thumb Code   124  settime.o(i.SetSecond)
    SetTimePage                              0x080042d5   Thumb Code   354  settime.o(i.SetTimePage)
    SetYear                                  0x08004441   Thumb Code   104  settime.o(i.SetYear)
    Set_Selection                            0x080044b1   Thumb Code    26  menu.o(i.Set_Selection)
    SettingPage                              0x080044d5   Thumb Code   178  menu.o(i.SettingPage)
    Show_Clock_UI                            0x08004591   Thumb Code    92  menu.o(i.Show_Clock_UI)
    Show_Emoji_UI                            0x0800461d   Thumb Code   248  menu.o(i.Show_Emoji_UI)
    Show_Gradienter_UI                       0x0800471d   Thumb Code    80  menu.o(i.Show_Gradienter_UI)
    Show_LED_UI                              0x08004775   Thumb Code    44  menu.o(i.Show_LED_UI)
    Show_MPU6050_UI                          0x080047ad   Thumb Code    92  menu.o(i.Show_MPU6050_UI)
    Show_SelectGame_UI                       0x0800483d   Thumb Code    36  menu.o(i.Show_SelectGame_UI)
    Show_SetTimePage_FirstUI                 0x0800486d   Thumb Code    78  settime.o(i.Show_SetTimePage_FirstUI)
    Show_SetTimePage_SecondUI                0x080048dd   Thumb Code    62  settime.o(i.Show_SetTimePage_SecondUI)
    Show_SettingPage_UI                      0x08004939   Thumb Code    32  menu.o(i.Show_SettingPage_UI)
    Show_StopWatch_UI                        0x0800496d   Thumb Code    86  menu.o(i.Show_StopWatch_UI)
    StopWatch                                0x080049fd   Thumb Code   222  menu.o(i.StopWatch)
    StopWatch_Tick                           0x08004ae9   Thumb Code   128  menu.o(i.StopWatch_Tick)
    SysTick_Handler                          0x08004b81   Thumb Code     2  stm32f10x_it.o(i.SysTick_Handler)
    SystemInit                               0x08004b85   Thumb Code    78  system_stm32f10x.o(i.SystemInit)
    TIM2_IRQHandler                          0x08004be5   Thumb Code    36  main.o(i.TIM2_IRQHandler)
    TIM_ClearFlag                            0x08004c09   Thumb Code     6  stm32f10x_tim.o(i.TIM_ClearFlag)
    TIM_ClearITPendingBit                    0x08004c0f   Thumb Code     6  stm32f10x_tim.o(i.TIM_ClearITPendingBit)
    TIM_Cmd                                  0x08004c15   Thumb Code    24  stm32f10x_tim.o(i.TIM_Cmd)
    TIM_GetITStatus                          0x08004c2d   Thumb Code    34  stm32f10x_tim.o(i.TIM_GetITStatus)
    TIM_ITConfig                             0x08004c4f   Thumb Code    18  stm32f10x_tim.o(i.TIM_ITConfig)
    TIM_InternalClockConfig                  0x08004c61   Thumb Code    12  stm32f10x_tim.o(i.TIM_InternalClockConfig)
    TIM_TimeBaseInit                         0x08004c6d   Thumb Code   122  stm32f10x_tim.o(i.TIM_TimeBaseInit)
    Timer_Init                               0x08004d11   Thumb Code   124  timer.o(i.Timer_Init)
    UsageFault_Handler                       0x08004d8d   Thumb Code     4  stm32f10x_it.o(i.UsageFault_Handler)
    __ARM_fpclassify                         0x08004d91   Thumb Code    40  fpclassify.o(i.__ARM_fpclassify)
    __ieee754_rem_pio2                       0x08004db9   Thumb Code   828  rred.o(i.__ieee754_rem_pio2)
    __kernel_cos                             0x08005141   Thumb Code   230  cos_i.o(i.__kernel_cos)
    __kernel_poly                            0x0800523d   Thumb Code   170  poly.o(i.__kernel_poly)
    __kernel_sin                             0x080052e9   Thumb Code   224  sin_i.o(i.__kernel_sin)
    __mathlib_dbl_infnan                     0x080053d5   Thumb Code     6  dunder.o(i.__mathlib_dbl_infnan)
    __mathlib_dbl_infnan2                    0x080053db   Thumb Code     4  dunder.o(i.__mathlib_dbl_infnan2)
    __mathlib_dbl_invalid                    0x080053df   Thumb Code    12  dunder.o(i.__mathlib_dbl_invalid)
    __mathlib_dbl_underflow                  0x080053ed   Thumb Code    10  dunder.o(i.__mathlib_dbl_underflow)
    _is_digit                                0x080053fd   Thumb Code    14  __printf_wp.o(i._is_digit)
    atan                                     0x0800540d   Thumb Code   474  atan.o(i.atan)
    atan2                                    0x0800562d   Thumb Code   346  atan2.o(i.atan2)
    isColliding                              0x080057ad   Thumb Code    80  dino.o(i.isColliding)
    main                                     0x08005809   Thumb Code    44  main.o(i.main)
    sin                                      0x08005835   Thumb Code   150  sin.o(i.sin)
    sqrt                                     0x080058d5   Thumb Code    76  sqrt.o(i.sqrt)
    _get_lc_numeric                          0x08005921   Thumb Code    44  lc_numeric_c.o(locale$$code)
    _get_lc_ctype                            0x0800594d   Thumb Code    44  lc_ctype_c.o(locale$$code)
    __aeabi_d2f                              0x08005979   Thumb Code     0  d2f.o(x$fpl$d2f)
    _d2f                                     0x08005979   Thumb Code    98  d2f.o(x$fpl$d2f)
    __aeabi_dadd                             0x080059dd   Thumb Code     0  daddsub_clz.o(x$fpl$dadd)
    _dadd                                    0x080059dd   Thumb Code   332  daddsub_clz.o(x$fpl$dadd)
    __fpl_dcheck_NaN1                        0x08005b2d   Thumb Code    10  dcheck1.o(x$fpl$dcheck1)
    __fpl_dcmp_Inf                           0x08005b3d   Thumb Code    24  dcmpi.o(x$fpl$dcmpinf)
    __aeabi_ddiv                             0x08005b55   Thumb Code     0  ddiv.o(x$fpl$ddiv)
    _ddiv                                    0x08005b55   Thumb Code   552  ddiv.o(x$fpl$ddiv)
    __aeabi_d2iz                             0x08005e05   Thumb Code     0  dfix.o(x$fpl$dfix)
    _dfix                                    0x08005e05   Thumb Code    94  dfix.o(x$fpl$dfix)
    __aeabi_d2uiz                            0x08005e65   Thumb Code     0  dfixu.o(x$fpl$dfixu)
    _dfixu                                   0x08005e65   Thumb Code    90  dfixu.o(x$fpl$dfixu)
    __aeabi_i2d                              0x08005ebf   Thumb Code     0  dflt_clz.o(x$fpl$dflt)
    _dflt                                    0x08005ebf   Thumb Code    46  dflt_clz.o(x$fpl$dflt)
    __aeabi_ui2d                             0x08005eed   Thumb Code     0  dflt_clz.o(x$fpl$dfltu)
    _dfltu                                   0x08005eed   Thumb Code    38  dflt_clz.o(x$fpl$dfltu)
    __aeabi_cdcmple                          0x08005f15   Thumb Code     0  dleqf.o(x$fpl$dleqf)
    _dcmple                                  0x08005f15   Thumb Code   120  dleqf.o(x$fpl$dleqf)
    __fpl_dcmple_InfNaN                      0x08005f77   Thumb Code     0  dleqf.o(x$fpl$dleqf)
    __aeabi_dmul                             0x08005f8d   Thumb Code     0  dmul.o(x$fpl$dmul)
    _dmul                                    0x08005f8d   Thumb Code   332  dmul.o(x$fpl$dmul)
    __fpl_dnaninf                            0x080060e1   Thumb Code   156  dnaninf.o(x$fpl$dnaninf)
    __fpl_dretinf                            0x0800617d   Thumb Code    12  dretinf.o(x$fpl$dretinf)
    __aeabi_cdrcmple                         0x08006189   Thumb Code     0  drleqf.o(x$fpl$drleqf)
    _drcmple                                 0x08006189   Thumb Code   108  drleqf.o(x$fpl$drleqf)
    __aeabi_drsub                            0x080061f5   Thumb Code     0  daddsub_clz.o(x$fpl$drsb)
    _drsb                                    0x080061f5   Thumb Code    22  daddsub_clz.o(x$fpl$drsb)
    _dsqrt                                   0x0800620d   Thumb Code   456  dsqrt_noumaal.o(x$fpl$dsqrt)
    __aeabi_dsub                             0x080063d9   Thumb Code     0  daddsub_clz.o(x$fpl$dsub)
    _dsub                                    0x080063d9   Thumb Code   464  daddsub_clz.o(x$fpl$dsub)
    __aeabi_f2d                              0x080065ad   Thumb Code     0  f2d.o(x$fpl$f2d)
    _f2d                                     0x080065ad   Thumb Code    86  f2d.o(x$fpl$f2d)
    __aeabi_fadd                             0x08006605   Thumb Code     0  faddsub_clz.o(x$fpl$fadd)
    _fadd                                    0x08006605   Thumb Code   196  faddsub_clz.o(x$fpl$fadd)
    __fpl_fcmp_Inf                           0x080066c9   Thumb Code    24  fcmpi.o(x$fpl$fcmpinf)
    __aeabi_fdiv                             0x080066e1   Thumb Code     0  fdiv.o(x$fpl$fdiv)
    _fdiv                                    0x080066e1   Thumb Code   384  fdiv.o(x$fpl$fdiv)
    __aeabi_f2iz                             0x08006865   Thumb Code     0  ffix.o(x$fpl$ffix)
    _ffix                                    0x08006865   Thumb Code    54  ffix.o(x$fpl$ffix)
    __aeabi_i2f                              0x0800689d   Thumb Code     0  fflt_clz.o(x$fpl$fflt)
    _fflt                                    0x0800689d   Thumb Code    48  fflt_clz.o(x$fpl$fflt)
    __aeabi_cfcmple                          0x080068cd   Thumb Code     0  fleqf.o(x$fpl$fleqf)
    _fcmple                                  0x080068cd   Thumb Code   104  fleqf.o(x$fpl$fleqf)
    __fpl_fcmple_InfNaN                      0x0800691f   Thumb Code     0  fleqf.o(x$fpl$fleqf)
    __aeabi_fmul                             0x08006935   Thumb Code     0  fmul.o(x$fpl$fmul)
    _fmul                                    0x08006935   Thumb Code   258  fmul.o(x$fpl$fmul)
    __fpl_fnaninf                            0x08006a37   Thumb Code   140  fnaninf.o(x$fpl$fnaninf)
    __fpl_fretinf                            0x08006ac3   Thumb Code    10  fretinf.o(x$fpl$fretinf)
    __aeabi_cfrcmple                         0x08006acd   Thumb Code     0  frleqf.o(x$fpl$frleqf)
    _frcmple                                 0x08006acd   Thumb Code    98  frleqf.o(x$fpl$frleqf)
    __aeabi_fsub                             0x08006b31   Thumb Code     0  faddsub_clz.o(x$fpl$fsub)
    _fsub                                    0x08006b31   Thumb Code   234  faddsub_clz.o(x$fpl$fsub)
    _printf_fp_dec                           0x08006c1b   Thumb Code     4  printf1.o(x$fpl$printf1)
    _printf_fp_hex                           0x08006c1f   Thumb Code     4  printf2.o(x$fpl$printf2)
    __fpl_return_NaN                         0x08006c23   Thumb Code   100  retnan.o(x$fpl$retnan)
    __ARM_scalbn                             0x08006c87   Thumb Code    92  scalbn.o(x$fpl$scalbn)
    __fpl_cmpreturn                          0x08006ce3   Thumb Code    48  trapv.o(x$fpl$trapveneer)
    OLED_F8x16                               0x08006d12   Data        1520  oled_data.o(.constdata)
    __I$use$fp                               0x08006d12   Number         0  usenofp.o(x$fpl$usenofp)
    OLED_F6x8                                0x08007302   Data         570  oled_data.o(.constdata)
    OLED_F12x24                              0x0800753c   Data        3420  oled_data.o(.constdata)
    OLED_CF16x16                             0x08008298   Data        1050  oled_data.o(.constdata)
    Diode                                    0x080086b2   Data          32  oled_data.o(.constdata)
    Return                                   0x080086d2   Data          32  oled_data.o(.constdata)
    Menu_Graph                               0x080086f2   Data        1024  oled_data.o(.constdata)
    Frame                                    0x08008af2   Data         264  oled_data.o(.constdata)
    Ground                                   0x08008bfa   Data         256  oled_data.o(.constdata)
    Barrier                                  0x08008cfa   Data         144  oled_data.o(.constdata)
    Cloud                                    0x08008d8a   Data          16  oled_data.o(.constdata)
    Dino                                     0x08008d9a   Data         144  oled_data.o(.constdata)
    Eyebrow                                  0x08008e2a   Data          64  oled_data.o(.constdata)
    Mouth                                    0x08008e6a   Data          60  oled_data.o(.constdata)
    Battery                                  0x08008ea6   Data          32  oled_data.o(.constdata)
    _monlen                                  0x08008f09   Data          12  _monlen.o(.constdata)
    __mathlib_zero                           0x08008fe0   Data           8  qnan.o(.constdata)
    Region$$Table$$Base                      0x08009194   Number         0  anon$$obj.o(Region$$Table)
    Region$$Table$$Limit                     0x080091b4   Number         0  anon$$obj.o(Region$$Table)
    __ctype                                  0x080091dd   Data           0  lc_ctype_c.o(locale$$data)
    MyRTC_Time                               0x20000000   Data          24  myrtc.o(.data)
    Key_Num                                  0x20000018   Data           1  key.o(.data)
    KeyNum                                   0x20000020   Data           1  menu.o(.data)
    clkflag                                  0x20000024   Data           4  menu.o(.data)
    settingflag                              0x20000028   Data           4  menu.o(.data)
    menu_flag                                0x2000002c   Data           4  menu.o(.data)
    move_flag                                0x20000030   Data           1  menu.o(.data)
    pre_Selection                            0x20000031   Data           1  menu.o(.data)
    new_Selection                            0x20000032   Data           1  menu.o(.data)
    x_pre                                    0x20000033   Data           1  menu.o(.data)
    Speed                                    0x20000034   Data           1  menu.o(.data)
    StopWatch_flag                           0x20000035   Data           1  menu.o(.data)
    BackStopWatch_flag                       0x20000036   Data           1  menu.o(.data)
    hour                                     0x20000037   Data           1  menu.o(.data)
    minute                                   0x20000038   Data           1  menu.o(.data)
    second                                   0x20000039   Data           1  menu.o(.data)
    LEDflag                                  0x2000003a   Data           1  menu.o(.data)
    PI                                       0x20000040   Data           8  menu.o(.data)
    Roll                                     0x20000048   Data           4  menu.o(.data)
    Pitch                                    0x2000004c   Data           4  menu.o(.data)
    Yaw                                      0x20000050   Data           4  menu.o(.data)
    Delta_t                                  0x20000054   Data           4  menu.o(.data)
    Kp                                       0x20000058   Data           4  menu.o(.data)
    ax                                       0x2000005c   Data           2  menu.o(.data)
    ay                                       0x2000005e   Data           2  menu.o(.data)
    az                                       0x20000060   Data           2  menu.o(.data)
    gx                                       0x20000062   Data           2  menu.o(.data)
    gy                                       0x20000064   Data           2  menu.o(.data)
    gz                                       0x20000066   Data           2  menu.o(.data)
    ax_f                                     0x20000068   Data           4  menu.o(.data)
    ay_f                                     0x2000006c   Data           4  menu.o(.data)
    az_f                                     0x20000070   Data           4  menu.o(.data)
    gx_f                                     0x20000074   Data           4  menu.o(.data)
    gy_f                                     0x20000078   Data           4  menu.o(.data)
    gz_f                                     0x2000007c   Data           4  menu.o(.data)
    pitch_a                                  0x20000080   Data           4  menu.o(.data)
    roll_a                                   0x20000084   Data           4  menu.o(.data)
    game_flag                                0x20000088   Data           1  menu.o(.data)
    SelectionCount                           0x20000089   Data           1  menu.o(.data)
    KeyNum_SetTime                           0x2000008c   Data           1  settime.o(.data)
    setTimeflag                              0x20000090   Data           4  settime.o(.data)
    Score                                    0x20000094   Data           2  dino.o(.data)
    GroundCount                              0x20000096   Data           1  dino.o(.data)
    Cloud_pos                                0x20000097   Data           1  dino.o(.data)
    barrier_flag                             0x20000098   Data           1  dino.o(.data)
    barrier_count                            0x20000099   Data           1  dino.o(.data)
    barrier                                  0x2000009a   Data           4  dino.o(.data)
    dino_jump_flag                           0x2000009e   Data           1  dino.o(.data)
    jump_t                                   0x200000a0   Data           2  dino.o(.data)
    Jump_Pos                                 0x200000a2   Data           1  dino.o(.data)
    dino                                     0x200000a3   Data           4  dino.o(.data)
    OLED_DisplayBuf                          0x200000ac   Data        1024  oled.o(.bss)
    _random_number_data                      0x200004ac   Data         228  rand.o(.bss)
    __libspace_start                         0x200005bc   Data          96  libspace.o(.bss)
    __temporary_stack_top$libspace           0x2000061c   Data           0  libspace.o(.bss)



==============================================================================

Memory Map of the image

  Image Entry point : 0x080000ed

  Load Region LR_IROM1 (Base: 0x08000000, Size: 0x0000938c, Max: 0x00010000, ABSOLUTE)

    Execution Region ER_IROM1 (Exec base: 0x08000000, Load base: 0x08000000, Size: 0x000092e0, Max: 0x00010000, ABSOLUTE)

    Exec Addr    Load Addr    Size         Type   Attr      Idx    E Section Name        Object

    0x08000000   0x08000000   0x000000ec   Data   RO            3    RESET               startup_stm32f10x_md.o
    0x080000ec   0x080000ec   0x00000008   Code   RO         4136  * !!!main             c_w.l(__main.o)
    0x080000f4   0x080000f4   0x00000034   Code   RO         4618    !!!scatter          c_w.l(__scatter.o)
    0x08000128   0x08000128   0x0000001a   Code   RO         4620    !!handler_copy      c_w.l(__scatter_copy.o)
    0x08000142   0x08000142   0x00000002   PAD
    0x08000144   0x08000144   0x0000001c   Code   RO         4622    !!handler_zi        c_w.l(__scatter_zi.o)
    0x08000160   0x08000160   0x00000000   Code   RO         4308    .ARM.Collect$$_printf_percent$$00000000  c_w.l(_printf_percent.o)
    0x08000160   0x08000160   0x00000006   Code   RO         4297    .ARM.Collect$$_printf_percent$$00000001  c_w.l(_printf_n.o)
    0x08000166   0x08000166   0x00000006   Code   RO         4299    .ARM.Collect$$_printf_percent$$00000002  c_w.l(_printf_p.o)
    0x0800016c   0x0800016c   0x00000006   Code   RO         4304    .ARM.Collect$$_printf_percent$$00000003  c_w.l(_printf_f.o)
    0x08000172   0x08000172   0x00000006   Code   RO         4305    .ARM.Collect$$_printf_percent$$00000004  c_w.l(_printf_e.o)
    0x08000178   0x08000178   0x00000006   Code   RO         4306    .ARM.Collect$$_printf_percent$$00000005  c_w.l(_printf_g.o)
    0x0800017e   0x0800017e   0x00000006   Code   RO         4307    .ARM.Collect$$_printf_percent$$00000006  c_w.l(_printf_a.o)
    0x08000184   0x08000184   0x0000000a   Code   RO         4312    .ARM.Collect$$_printf_percent$$00000007  c_w.l(_printf_ll.o)
    0x0800018e   0x0800018e   0x00000006   Code   RO         4301    .ARM.Collect$$_printf_percent$$00000008  c_w.l(_printf_i.o)
    0x08000194   0x08000194   0x00000006   Code   RO         4302    .ARM.Collect$$_printf_percent$$00000009  c_w.l(_printf_d.o)
    0x0800019a   0x0800019a   0x00000006   Code   RO         4303    .ARM.Collect$$_printf_percent$$0000000A  c_w.l(_printf_u.o)
    0x080001a0   0x080001a0   0x00000006   Code   RO         4300    .ARM.Collect$$_printf_percent$$0000000B  c_w.l(_printf_o.o)
    0x080001a6   0x080001a6   0x00000006   Code   RO         4298    .ARM.Collect$$_printf_percent$$0000000C  c_w.l(_printf_x.o)
    0x080001ac   0x080001ac   0x00000006   Code   RO         4309    .ARM.Collect$$_printf_percent$$0000000D  c_w.l(_printf_lli.o)
    0x080001b2   0x080001b2   0x00000006   Code   RO         4310    .ARM.Collect$$_printf_percent$$0000000E  c_w.l(_printf_lld.o)
    0x080001b8   0x080001b8   0x00000006   Code   RO         4311    .ARM.Collect$$_printf_percent$$0000000F  c_w.l(_printf_llu.o)
    0x080001be   0x080001be   0x00000006   Code   RO         4316    .ARM.Collect$$_printf_percent$$00000010  c_w.l(_printf_llo.o)
    0x080001c4   0x080001c4   0x00000006   Code   RO         4317    .ARM.Collect$$_printf_percent$$00000011  c_w.l(_printf_llx.o)
    0x080001ca   0x080001ca   0x0000000a   Code   RO         4313    .ARM.Collect$$_printf_percent$$00000012  c_w.l(_printf_l.o)
    0x080001d4   0x080001d4   0x00000006   Code   RO         4295    .ARM.Collect$$_printf_percent$$00000013  c_w.l(_printf_c.o)
    0x080001da   0x080001da   0x00000006   Code   RO         4296    .ARM.Collect$$_printf_percent$$00000014  c_w.l(_printf_s.o)
    0x080001e0   0x080001e0   0x00000006   Code   RO         4314    .ARM.Collect$$_printf_percent$$00000015  c_w.l(_printf_lc.o)
    0x080001e6   0x080001e6   0x00000006   Code   RO         4315    .ARM.Collect$$_printf_percent$$00000016  c_w.l(_printf_ls.o)
    0x080001ec   0x080001ec   0x00000004   Code   RO         4465    .ARM.Collect$$_printf_percent$$00000017  c_w.l(_printf_percent_end.o)
    0x080001f0   0x080001f0   0x00000002   Code   RO         4533    .ARM.Collect$$libinit$$00000000  c_w.l(libinit.o)
    0x080001f2   0x080001f2   0x00000000   Code   RO         4322    .ARM.Collect$$libinit$$00000002  c_w.l(libinit2.o)
    0x080001f2   0x080001f2   0x00000000   Code   RO         4324    .ARM.Collect$$libinit$$00000004  c_w.l(libinit2.o)
    0x080001f2   0x080001f2   0x00000000   Code   RO         4327    .ARM.Collect$$libinit$$0000000A  c_w.l(libinit2.o)
    0x080001f2   0x080001f2   0x00000000   Code   RO         4329    .ARM.Collect$$libinit$$0000000C  c_w.l(libinit2.o)
    0x080001f2   0x080001f2   0x00000004   Code   RO         4330    .ARM.Collect$$libinit$$0000000D  c_w.l(libinit2.o)
    0x080001f6   0x080001f6   0x00000000   Code   RO         4331    .ARM.Collect$$libinit$$0000000E  c_w.l(libinit2.o)
    0x080001f6   0x080001f6   0x00000006   Code   RO         4332    .ARM.Collect$$libinit$$0000000F  c_w.l(libinit2.o)
    0x080001fc   0x080001fc   0x00000000   Code   RO         4334    .ARM.Collect$$libinit$$00000011  c_w.l(libinit2.o)
    0x080001fc   0x080001fc   0x0000000c   Code   RO         4335    .ARM.Collect$$libinit$$00000012  c_w.l(libinit2.o)
    0x08000208   0x08000208   0x00000000   Code   RO         4336    .ARM.Collect$$libinit$$00000013  c_w.l(libinit2.o)
    0x08000208   0x08000208   0x00000000   Code   RO         4338    .ARM.Collect$$libinit$$00000015  c_w.l(libinit2.o)
    0x08000208   0x08000208   0x0000000a   Code   RO         4339    .ARM.Collect$$libinit$$00000016  c_w.l(libinit2.o)
    0x08000212   0x08000212   0x00000000   Code   RO         4340    .ARM.Collect$$libinit$$00000017  c_w.l(libinit2.o)
    0x08000212   0x08000212   0x00000000   Code   RO         4342    .ARM.Collect$$libinit$$00000019  c_w.l(libinit2.o)
    0x08000212   0x08000212   0x00000000   Code   RO         4344    .ARM.Collect$$libinit$$0000001B  c_w.l(libinit2.o)
    0x08000212   0x08000212   0x00000000   Code   RO         4346    .ARM.Collect$$libinit$$0000001D  c_w.l(libinit2.o)
    0x08000212   0x08000212   0x00000000   Code   RO         4348    .ARM.Collect$$libinit$$0000001F  c_w.l(libinit2.o)
    0x08000212   0x08000212   0x00000000   Code   RO         4350    .ARM.Collect$$libinit$$00000021  c_w.l(libinit2.o)
    0x08000212   0x08000212   0x00000000   Code   RO         4352    .ARM.Collect$$libinit$$00000023  c_w.l(libinit2.o)
    0x08000212   0x08000212   0x00000000   Code   RO         4354    .ARM.Collect$$libinit$$00000025  c_w.l(libinit2.o)
    0x08000212   0x08000212   0x00000000   Code   RO         4358    .ARM.Collect$$libinit$$0000002C  c_w.l(libinit2.o)
    0x08000212   0x08000212   0x00000000   Code   RO         4360    .ARM.Collect$$libinit$$0000002E  c_w.l(libinit2.o)
    0x08000212   0x08000212   0x00000000   Code   RO         4362    .ARM.Collect$$libinit$$00000030  c_w.l(libinit2.o)
    0x08000212   0x08000212   0x00000000   Code   RO         4364    .ARM.Collect$$libinit$$00000032  c_w.l(libinit2.o)
    0x08000212   0x08000212   0x00000002   Code   RO         4365    .ARM.Collect$$libinit$$00000033  c_w.l(libinit2.o)
    0x08000214   0x08000214   0x00000002   Code   RO         4579    .ARM.Collect$$libshutdown$$00000000  c_w.l(libshutdown.o)
    0x08000216   0x08000216   0x00000000   Code   RO         4585    .ARM.Collect$$libshutdown$$00000002  c_w.l(libshutdown2.o)
    0x08000216   0x08000216   0x00000000   Code   RO         4587    .ARM.Collect$$libshutdown$$00000004  c_w.l(libshutdown2.o)
    0x08000216   0x08000216   0x00000000   Code   RO         4590    .ARM.Collect$$libshutdown$$00000007  c_w.l(libshutdown2.o)
    0x08000216   0x08000216   0x00000000   Code   RO         4593    .ARM.Collect$$libshutdown$$0000000A  c_w.l(libshutdown2.o)
    0x08000216   0x08000216   0x00000000   Code   RO         4595    .ARM.Collect$$libshutdown$$0000000C  c_w.l(libshutdown2.o)
    0x08000216   0x08000216   0x00000000   Code   RO         4598    .ARM.Collect$$libshutdown$$0000000F  c_w.l(libshutdown2.o)
    0x08000216   0x08000216   0x00000002   Code   RO         4599    .ARM.Collect$$libshutdown$$00000010  c_w.l(libshutdown2.o)
    0x08000218   0x08000218   0x00000000   Code   RO         4224    .ARM.Collect$$rtentry$$00000000  c_w.l(__rtentry.o)
    0x08000218   0x08000218   0x00000000   Code   RO         4431    .ARM.Collect$$rtentry$$00000002  c_w.l(__rtentry2.o)
    0x08000218   0x08000218   0x00000006   Code   RO         4443    .ARM.Collect$$rtentry$$00000004  c_w.l(__rtentry4.o)
    0x0800021e   0x0800021e   0x00000000   Code   RO         4433    .ARM.Collect$$rtentry$$00000009  c_w.l(__rtentry2.o)
    0x0800021e   0x0800021e   0x00000004   Code   RO         4434    .ARM.Collect$$rtentry$$0000000A  c_w.l(__rtentry2.o)
    0x08000222   0x08000222   0x00000000   Code   RO         4436    .ARM.Collect$$rtentry$$0000000C  c_w.l(__rtentry2.o)
    0x08000222   0x08000222   0x00000008   Code   RO         4437    .ARM.Collect$$rtentry$$0000000D  c_w.l(__rtentry2.o)
    0x0800022a   0x0800022a   0x00000002   Code   RO         4540    .ARM.Collect$$rtexit$$00000000  c_w.l(rtexit.o)
    0x0800022c   0x0800022c   0x00000000   Code   RO         4557    .ARM.Collect$$rtexit$$00000002  c_w.l(rtexit2.o)
    0x0800022c   0x0800022c   0x00000004   Code   RO         4558    .ARM.Collect$$rtexit$$00000003  c_w.l(rtexit2.o)
    0x08000230   0x08000230   0x00000006   Code   RO         4559    .ARM.Collect$$rtexit$$00000004  c_w.l(rtexit2.o)
    0x08000236   0x08000236   0x00000002   PAD
    0x08000238   0x08000238   0x00000034   Code   RO         4120    .emb_text           c_w.l(rand.o)
    0x0800026c   0x0800026c   0x00000040   Code   RO            4    .text               startup_stm32f10x_md.o
    0x080002ac   0x080002ac   0x00000024   Code   RO         4118    .text               c_w.l(vsprintf.o)
    0x080002d0   0x080002d0   0x0000003c   Code   RO         4121    .text               c_w.l(rand.o)
    0x0800030c   0x0800030c   0x00000064   Code   RO         4125    .text               c_w.l(rt_memcpy_w.o)
    0x08000370   0x08000370   0x00000080   Code   RO         4127    .text               c_w.l(strcmpv7m.o)
    0x080003f0   0x080003f0   0x0000000c   Code   RO         4129    .text               c_w.l(localtime.o)
    0x080003fc   0x080003fc   0x000001ac   Code   RO         4132    .text               c_w.l(mktime.o)
    0x080005a8   0x080005a8   0x00000006   Code   RO         4134    .text               c_w.l(heapauxi.o)
    0x080005ae   0x080005ae   0x00000016   Code   RO         4225    .text               c_w.l(_rserrno.o)
    0x080005c4   0x080005c4   0x0000004e   Code   RO         4229    .text               c_w.l(_printf_pad.o)
    0x08000612   0x08000612   0x00000024   Code   RO         4231    .text               c_w.l(_printf_truncate.o)
    0x08000636   0x08000636   0x00000052   Code   RO         4233    .text               c_w.l(_printf_str.o)
    0x08000688   0x08000688   0x00000078   Code   RO         4235    .text               c_w.l(_printf_dec.o)
    0x08000700   0x08000700   0x00000028   Code   RO         4237    .text               c_w.l(_printf_charcount.o)
    0x08000728   0x08000728   0x00000030   Code   RO         4239    .text               c_w.l(_printf_char_common.o)
    0x08000758   0x08000758   0x0000000a   Code   RO         4241    .text               c_w.l(_sputc.o)
    0x08000762   0x08000762   0x00000002   PAD
    0x08000764   0x08000764   0x000000bc   Code   RO         4243    .text               c_w.l(_printf_wctomb.o)
    0x08000820   0x08000820   0x0000007c   Code   RO         4246    .text               c_w.l(_printf_longlong_dec.o)
    0x0800089c   0x0800089c   0x00000070   Code   RO         4252    .text               c_w.l(_printf_oct_int_ll.o)
    0x0800090c   0x0800090c   0x00000094   Code   RO         4272    .text               c_w.l(_printf_hex_int_ll_ptr.o)
    0x080009a0   0x080009a0   0x00000188   Code   RO         4292    .text               c_w.l(__printf_flags_ss_wp.o)
    0x08000b28   0x08000b28   0x000000b8   Code   RO         4319    .text               c_w.l(localtime_internal.o)
    0x08000be0   0x08000be0   0x00000008   Code   RO         4448    .text               c_w.l(rt_errno_addr_intlibspace.o)
    0x08000be8   0x08000be8   0x0000008a   Code   RO         4450    .text               c_w.l(lludiv10.o)
    0x08000c72   0x08000c72   0x000000b2   Code   RO         4452    .text               c_w.l(_printf_intcommon.o)
    0x08000d24   0x08000d24   0x0000041e   Code   RO         4454    .text               c_w.l(_printf_fp_dec.o)
    0x08001142   0x08001142   0x00000002   PAD
    0x08001144   0x08001144   0x000002fc   Code   RO         4456    .text               c_w.l(_printf_fp_hex.o)
    0x08001440   0x08001440   0x0000002c   Code   RO         4461    .text               c_w.l(_printf_char.o)
    0x0800146c   0x0800146c   0x0000002c   Code   RO         4463    .text               c_w.l(_printf_wchar.o)
    0x08001498   0x08001498   0x00000040   Code   RO         4466    .text               c_w.l(_wcrtomb.o)
    0x080014d8   0x080014d8   0x0000004e   Code   RO         4468    .text               c_w.l(rt_memclr_w.o)
    0x08001526   0x08001526   0x00000002   PAD
    0x08001528   0x08001528   0x00000008   Code   RO         4480    .text               c_w.l(libspace.o)
    0x08001530   0x08001530   0x0000004a   Code   RO         4483    .text               c_w.l(sys_stackheap_outer.o)
    0x0800157a   0x0800157a   0x00000002   PAD
    0x0800157c   0x0800157c   0x00000010   Code   RO         4485    .text               c_w.l(rt_ctype_table.o)
    0x0800158c   0x0800158c   0x00000008   Code   RO         4490    .text               c_w.l(rt_locale_intlibspace.o)
    0x08001594   0x08001594   0x00000080   Code   RO         4492    .text               c_w.l(_printf_fp_infnan.o)
    0x08001614   0x08001614   0x000000e4   Code   RO         4494    .text               c_w.l(bigflt0.o)
    0x080016f8   0x080016f8   0x00000012   Code   RO         4522    .text               c_w.l(exit.o)
    0x0800170a   0x0800170a   0x00000002   Code   RO         4553    .text               c_w.l(use_no_semi.o)
    0x0800170c   0x0800170c   0x00000000   Code   RO         4555    .text               c_w.l(indicate_semi.o)
    0x0800170c   0x0800170c   0x0000000c   Code   RO         4571    .text               c_w.l(sys_exit.o)
    0x08001718   0x08001718   0x0000003e   Code   RO         4497    CL$$btod_d2e        c_w.l(btod.o)
    0x08001756   0x08001756   0x00000046   Code   RO         4499    CL$$btod_d2e_denorm_low  c_w.l(btod.o)
    0x0800179c   0x0800179c   0x00000060   Code   RO         4498    CL$$btod_d2e_norm_op1  c_w.l(btod.o)
    0x080017fc   0x080017fc   0x00000338   Code   RO         4507    CL$$btod_div_common  c_w.l(btod.o)
    0x08001b34   0x08001b34   0x000000dc   Code   RO         4504    CL$$btod_e2e        c_w.l(btod.o)
    0x08001c10   0x08001c10   0x0000002a   Code   RO         4501    CL$$btod_ediv       c_w.l(btod.o)
    0x08001c3a   0x08001c3a   0x0000002a   Code   RO         4500    CL$$btod_emul       c_w.l(btod.o)
    0x08001c64   0x08001c64   0x00000244   Code   RO         4506    CL$$btod_mult_common  c_w.l(btod.o)
    0x08001ea8   0x08001ea8   0x0000001c   Code   RO          431    i.BKP_ReadBackupRegister  stm32f10x_bkp.o
    0x08001ec4   0x08001ec4   0x0000001c   Code   RO          435    i.BKP_WriteBackupRegister  stm32f10x_bkp.o
    0x08001ee0   0x08001ee0   0x00000004   Code   RO         4053    i.BusFault_Handler  stm32f10x_it.o
    0x08001ee4   0x08001ee4   0x0000003c   Code   RO         3783    i.ChangeRTC_Time    settime.o
    0x08001f20   0x08001f20   0x00000002   Code   RO         4054    i.DebugMon_Handler  stm32f10x_it.o
    0x08001f22   0x08001f22   0x00000018   Code   RO         3196    i.Delay_ms          delay.o
    0x08001f3a   0x08001f3a   0x00000018   Code   RO         3197    i.Delay_s           delay.o
    0x08001f52   0x08001f52   0x0000002e   Code   RO         3198    i.Delay_us          delay.o
    0x08001f80   0x08001f80   0x00000068   Code   RO         3960    i.DinoGame          dino.o
    0x08001fe8   0x08001fe8   0x0000002c   Code   RO         3961    i.DinoGame_Pos_Init  dino.o
    0x08002014   0x08002014   0x00000104   Code   RO         3962    i.Dino_ShowDino     dino.o
    0x08002118   0x08002118   0x00000070   Code   RO         3963    i.Dino_Show_Barrier  dino.o
    0x08002188   0x08002188   0x0000006c   Code   RO         3964    i.Dino_Show_Ground  dino.o
    0x080021f4   0x080021f4   0x000000b8   Code   RO         3965    i.Dino_Tick         dino.o
    0x080022ac   0x080022ac   0x00000020   Code   RO         3346    i.Emoji             menu.o
    0x080022cc   0x080022cc   0x000000ac   Code   RO         3347    i.First_Page_Clock  menu.o
    0x08002378   0x08002378   0x00000116   Code   RO         1347    i.GPIO_Init         stm32f10x_gpio.o
    0x0800248e   0x0800248e   0x00000012   Code   RO         1351    i.GPIO_ReadInputDataBit  stm32f10x_gpio.o
    0x080024a0   0x080024a0   0x00000004   Code   RO         1354    i.GPIO_ResetBits    stm32f10x_gpio.o
    0x080024a4   0x080024a4   0x00000004   Code   RO         1355    i.GPIO_SetBits      stm32f10x_gpio.o
    0x080024a8   0x080024a8   0x0000000a   Code   RO         1358    i.GPIO_WriteBit     stm32f10x_gpio.o
    0x080024b2   0x080024b2   0x00000002   PAD
    0x080024b4   0x080024b4   0x00000020   Code   RO         3348    i.Gradienter        menu.o
    0x080024d4   0x080024d4   0x00000004   Code   RO         4055    i.HardFault_Handler  stm32f10x_it.o
    0x080024d8   0x080024d8   0x0000001c   Code   RO         3310    i.Key_GetNum        key.o
    0x080024f4   0x080024f4   0x00000038   Code   RO         3311    i.Key_GetState      key.o
    0x0800252c   0x0800252c   0x00000044   Code   RO         3312    i.Key_Init          key.o
    0x08002570   0x08002570   0x00000034   Code   RO         3313    i.Key_Tick          key.o
    0x080025a4   0x080025a4   0x000000cc   Code   RO         3349    i.LED               menu.o
    0x08002670   0x08002670   0x00000010   Code   RO         3262    i.LED1_OFF          led.o
    0x08002680   0x08002680   0x00000010   Code   RO         3263    i.LED1_ON           led.o
    0x08002690   0x08002690   0x00000034   Code   RO         3268    i.LED_Init          led.o
    0x080026c4   0x080026c4   0x00000040   Code   RO         3350    i.MPU6050           menu.o
    0x08002704   0x08002704   0x000002c0   Code   RO         3351    i.MPU6050_Calculation  menu.o
    0x080029c4   0x080029c4   0x000000ac   Code   RO         3852    i.MPU6050_GetData   mpu6050.o
    0x08002a70   0x08002a70   0x00000038   Code   RO         3854    i.MPU6050_Init      mpu6050.o
    0x08002aa8   0x08002aa8   0x0000003e   Code   RO         3855    i.MPU6050_ReadReg   mpu6050.o
    0x08002ae6   0x08002ae6   0x0000002e   Code   RO         3856    i.MPU6050_WriteReg  mpu6050.o
    0x08002b14   0x08002b14   0x00000004   Code   RO         4056    i.MemManage_Handler  stm32f10x_it.o
    0x08002b18   0x08002b18   0x00000134   Code   RO         3352    i.Menu              menu.o
    0x08002c4c   0x08002c4c   0x000001c8   Code   RO         3353    i.Menu_Animation    menu.o
    0x08002e14   0x08002e14   0x000000a0   Code   RO         3354    i.MoveToFunction    menu.o
    0x08002eb4   0x08002eb4   0x00000038   Code   RO         3894    i.MyI2C_Init        myi2c.o
    0x08002eec   0x08002eec   0x0000001c   Code   RO         3895    i.MyI2C_R_SDA       myi2c.o
    0x08002f08   0x08002f08   0x0000001e   Code   RO         3896    i.MyI2C_ReceiveAck  myi2c.o
    0x08002f26   0x08002f26   0x00000032   Code   RO         3897    i.MyI2C_ReceiveByte  myi2c.o
    0x08002f58   0x08002f58   0x00000018   Code   RO         3898    i.MyI2C_SendAck     myi2c.o
    0x08002f70   0x08002f70   0x00000032   Code   RO         3899    i.MyI2C_SendByte    myi2c.o
    0x08002fa2   0x08002fa2   0x0000001c   Code   RO         3900    i.MyI2C_Start       myi2c.o
    0x08002fbe   0x08002fbe   0x00000016   Code   RO         3901    i.MyI2C_Stop        myi2c.o
    0x08002fd4   0x08002fd4   0x0000001c   Code   RO         3902    i.MyI2C_W_SCL       myi2c.o
    0x08002ff0   0x08002ff0   0x0000001c   Code   RO         3903    i.MyI2C_W_SDA       myi2c.o
    0x0800300c   0x0800300c   0x00000072   Code   RO         3220    i.MyRTC_Init        myrtc.o
    0x0800307e   0x0800307e   0x00000002   PAD
    0x08003080   0x08003080   0x00000048   Code   RO         3221    i.MyRTC_ReadTime    myrtc.o
    0x080030c8   0x080030c8   0x0000004c   Code   RO         3222    i.MyRTC_SetTime     myrtc.o
    0x08003114   0x08003114   0x00000002   Code   RO         4057    i.NMI_Handler       stm32f10x_it.o
    0x08003116   0x08003116   0x00000002   PAD
    0x08003118   0x08003118   0x00000070   Code   RO          137    i.NVIC_Init         misc.o
    0x08003188   0x08003188   0x00000014   Code   RO          138    i.NVIC_PriorityGroupConfig  misc.o
    0x0800319c   0x0800319c   0x00000028   Code   RO         3533    i.OLED_Clear        oled.o
    0x080031c4   0x080031c4   0x00000090   Code   RO         3534    i.OLED_ClearArea    oled.o
    0x08003254   0x08003254   0x00000160   Code   RO         3536    i.OLED_DrawCircle   oled.o
    0x080033b4   0x080033b4   0x0000032c   Code   RO         3537    i.OLED_DrawEllipse  oled.o
    0x080036e0   0x080036e0   0x00000050   Code   RO         3539    i.OLED_DrawPoint    oled.o
    0x08003730   0x08003730   0x00000060   Code   RO         3542    i.OLED_GPIO_Init    oled.o
    0x08003790   0x08003790   0x0000003e   Code   RO         3544    i.OLED_I2C_SendByte  oled.o
    0x080037ce   0x080037ce   0x0000001c   Code   RO         3545    i.OLED_I2C_Start    oled.o
    0x080037ea   0x080037ea   0x00000016   Code   RO         3546    i.OLED_I2C_Stop     oled.o
    0x08003800   0x08003800   0x0000009a   Code   RO         3547    i.OLED_Init         oled.o
    0x0800389a   0x0800389a   0x00000014   Code   RO         3549    i.OLED_Pow          oled.o
    0x080038ae   0x080038ae   0x00000032   Code   RO         3550    i.OLED_Printf       oled.o
    0x080038e0   0x080038e0   0x00000090   Code   RO         3552    i.OLED_ReverseArea  oled.o
    0x08003970   0x08003970   0x00000022   Code   RO         3553    i.OLED_SetCursor    oled.o
    0x08003992   0x08003992   0x00000002   PAD
    0x08003994   0x08003994   0x00000078   Code   RO         3555    i.OLED_ShowChar     oled.o
    0x08003a0c   0x08003a0c   0x000000fc   Code   RO         3558    i.OLED_ShowImage    oled.o
    0x08003b08   0x08003b08   0x0000004c   Code   RO         3559    i.OLED_ShowNum      oled.o
    0x08003b54   0x08003b54   0x00000110   Code   RO         3561    i.OLED_ShowString   oled.o
    0x08003c64   0x08003c64   0x00000028   Code   RO         3562    i.OLED_Update       oled.o
    0x08003c8c   0x08003c8c   0x00000018   Code   RO         3564    i.OLED_W_SCL        oled.o
    0x08003ca4   0x08003ca4   0x00000018   Code   RO         3565    i.OLED_W_SDA        oled.o
    0x08003cbc   0x08003cbc   0x00000020   Code   RO         3566    i.OLED_WriteCommand  oled.o
    0x08003cdc   0x08003cdc   0x0000002e   Code   RO         3567    i.OLED_WriteData    oled.o
    0x08003d0a   0x08003d0a   0x00000002   PAD
    0x08003d0c   0x08003d0c   0x0000000c   Code   RO         1710    i.PWR_BackupAccessCmd  stm32f10x_pwr.o
    0x08003d18   0x08003d18   0x00000002   Code   RO         4058    i.PendSV_Handler    stm32f10x_it.o
    0x08003d1a   0x08003d1a   0x00000014   Code   RO         3355    i.Peripheral_Init   menu.o
    0x08003d2e   0x08003d2e   0x00000002   PAD
    0x08003d30   0x08003d30   0x00000020   Code   RO         1775    i.RCC_APB1PeriphClockCmd  stm32f10x_rcc.o
    0x08003d50   0x08003d50   0x00000020   Code   RO         1777    i.RCC_APB2PeriphClockCmd  stm32f10x_rcc.o
    0x08003d70   0x08003d70   0x0000003c   Code   RO         1786    i.RCC_GetFlagStatus  stm32f10x_rcc.o
    0x08003dac   0x08003dac   0x00000034   Code   RO         1793    i.RCC_LSEConfig     stm32f10x_rcc.o
    0x08003de0   0x08003de0   0x0000000c   Code   RO         1800    i.RCC_RTCCLKCmd     stm32f10x_rcc.o
    0x08003dec   0x08003dec   0x00000010   Code   RO         1801    i.RCC_RTCCLKConfig  stm32f10x_rcc.o
    0x08003dfc   0x08003dfc   0x00000014   Code   RO         1978    i.RTC_EnterConfigMode  stm32f10x_rtc.o
    0x08003e10   0x08003e10   0x00000014   Code   RO         1979    i.RTC_ExitConfigMode  stm32f10x_rtc.o
    0x08003e24   0x08003e24   0x00000014   Code   RO         1980    i.RTC_GetCounter    stm32f10x_rtc.o
    0x08003e38   0x08003e38   0x0000001c   Code   RO         1986    i.RTC_SetCounter    stm32f10x_rtc.o
    0x08003e54   0x08003e54   0x00000020   Code   RO         1987    i.RTC_SetPrescaler  stm32f10x_rtc.o
    0x08003e74   0x08003e74   0x00000014   Code   RO         1988    i.RTC_WaitForLastTask  stm32f10x_rtc.o
    0x08003e88   0x08003e88   0x00000024   Code   RO         1989    i.RTC_WaitForSynchro  stm32f10x_rtc.o
    0x08003eac   0x08003eac   0x00000002   Code   RO         4059    i.SVC_Handler       stm32f10x_it.o
    0x08003eae   0x08003eae   0x00000002   PAD
    0x08003eb0   0x08003eb0   0x000000a8   Code   RO         3356    i.SelectGame        menu.o
    0x08003f58   0x08003f58   0x00000084   Code   RO         3784    i.SetDay            settime.o
    0x08003fdc   0x08003fdc   0x00000084   Code   RO         3785    i.SetHour           settime.o
    0x08004060   0x08004060   0x00000084   Code   RO         3786    i.SetMinute         settime.o
    0x080040e4   0x080040e4   0x00000084   Code   RO         3787    i.SetMonth          settime.o
    0x08004168   0x08004168   0x00000084   Code   RO         3788    i.SetSecond         settime.o
    0x080041ec   0x080041ec   0x00000008   Code   RO           24    i.SetSysClock       system_stm32f10x.o
    0x080041f4   0x080041f4   0x000000e0   Code   RO           25    i.SetSysClockTo72   system_stm32f10x.o
    0x080042d4   0x080042d4   0x0000016c   Code   RO         3789    i.SetTimePage       settime.o
    0x08004440   0x08004440   0x00000070   Code   RO         3790    i.SetYear           settime.o
    0x080044b0   0x080044b0   0x00000024   Code   RO         3357    i.Set_Selection     menu.o
    0x080044d4   0x080044d4   0x000000bc   Code   RO         3358    i.SettingPage       menu.o
    0x08004590   0x08004590   0x0000008c   Code   RO         3359    i.Show_Clock_UI     menu.o
    0x0800461c   0x0800461c   0x00000100   Code   RO         3360    i.Show_Emoji_UI     menu.o
    0x0800471c   0x0800471c   0x00000058   Code   RO         3361    i.Show_Gradienter_UI  menu.o
    0x08004774   0x08004774   0x00000038   Code   RO         3362    i.Show_LED_UI       menu.o
    0x080047ac   0x080047ac   0x00000090   Code   RO         3364    i.Show_MPU6050_UI   menu.o
    0x0800483c   0x0800483c   0x00000030   Code   RO         3365    i.Show_SelectGame_UI  menu.o
    0x0800486c   0x0800486c   0x00000070   Code   RO         3791    i.Show_SetTimePage_FirstUI  settime.o
    0x080048dc   0x080048dc   0x0000005c   Code   RO         3792    i.Show_SetTimePage_SecondUI  settime.o
    0x08004938   0x08004938   0x00000034   Code   RO         3366    i.Show_SettingPage_UI  menu.o
    0x0800496c   0x0800496c   0x00000090   Code   RO         3367    i.Show_StopWatch_UI  menu.o
    0x080049fc   0x080049fc   0x000000ec   Code   RO         3368    i.StopWatch         menu.o
    0x08004ae8   0x08004ae8   0x00000098   Code   RO         3369    i.StopWatch_Tick    menu.o
    0x08004b80   0x08004b80   0x00000002   Code   RO         4060    i.SysTick_Handler   stm32f10x_it.o
    0x08004b82   0x08004b82   0x00000002   PAD
    0x08004b84   0x08004b84   0x00000060   Code   RO           27    i.SystemInit        system_stm32f10x.o
    0x08004be4   0x08004be4   0x00000024   Code   RO         4032    i.TIM2_IRQHandler   main.o
    0x08004c08   0x08004c08   0x00000006   Code   RO         2415    i.TIM_ClearFlag     stm32f10x_tim.o
    0x08004c0e   0x08004c0e   0x00000006   Code   RO         2416    i.TIM_ClearITPendingBit  stm32f10x_tim.o
    0x08004c14   0x08004c14   0x00000018   Code   RO         2421    i.TIM_Cmd           stm32f10x_tim.o
    0x08004c2c   0x08004c2c   0x00000022   Code   RO         2442    i.TIM_GetITStatus   stm32f10x_tim.o
    0x08004c4e   0x08004c4e   0x00000012   Code   RO         2446    i.TIM_ITConfig      stm32f10x_tim.o
    0x08004c60   0x08004c60   0x0000000c   Code   RO         2448    i.TIM_InternalClockConfig  stm32f10x_tim.o
    0x08004c6c   0x08004c6c   0x000000a4   Code   RO         2492    i.TIM_TimeBaseInit  stm32f10x_tim.o
    0x08004d10   0x08004d10   0x0000007c   Code   RO         3250    i.Timer_Init        timer.o
    0x08004d8c   0x08004d8c   0x00000004   Code   RO         4061    i.UsageFault_Handler  stm32f10x_it.o
    0x08004d90   0x08004d90   0x00000028   Code   RO         4476    i.__ARM_fpclassify  m_ws.l(fpclassify.o)
    0x08004db8   0x08004db8   0x00000388   Code   RO         4419    i.__ieee754_rem_pio2  m_ws.l(rred.o)
    0x08005140   0x08005140   0x000000fc   Code   RO         4401    i.__kernel_cos      m_ws.l(cos_i.o)
    0x0800523c   0x0800523c   0x000000aa   Code   RO         4478    i.__kernel_poly     m_ws.l(poly.o)
    0x080052e6   0x080052e6   0x00000002   PAD
    0x080052e8   0x080052e8   0x000000ec   Code   RO         4424    i.__kernel_sin      m_ws.l(sin_i.o)
    0x080053d4   0x080053d4   0x00000006   Code   RO         4405    i.__mathlib_dbl_infnan  m_ws.l(dunder.o)
    0x080053da   0x080053da   0x00000004   Code   RO         4406    i.__mathlib_dbl_infnan2  m_ws.l(dunder.o)
    0x080053de   0x080053de   0x0000000c   Code   RO         4407    i.__mathlib_dbl_invalid  m_ws.l(dunder.o)
    0x080053ea   0x080053ea   0x00000002   PAD
    0x080053ec   0x080053ec   0x00000010   Code   RO         4410    i.__mathlib_dbl_underflow  m_ws.l(dunder.o)
    0x080053fc   0x080053fc   0x0000000e   Code   RO         4285    i._is_digit         c_w.l(__printf_wp.o)
    0x0800540a   0x0800540a   0x00000002   PAD
    0x0800540c   0x0800540c   0x00000220   Code   RO         4392    i.atan              m_ws.l(atan.o)
    0x0800562c   0x0800562c   0x00000180   Code   RO         4199    i.atan2             m_ws.l(atan2.o)
    0x080057ac   0x080057ac   0x0000005c   Code   RO         3966    i.isColliding       dino.o
    0x08005808   0x08005808   0x0000002c   Code   RO         4033    i.main              main.o
    0x08005834   0x08005834   0x000000a0   Code   RO         4209    i.sin               m_ws.l(sin.o)
    0x080058d4   0x080058d4   0x0000004c   Code   RO         4217    i.sqrt              m_ws.l(sqrt.o)
    0x08005920   0x08005920   0x0000002c   Code   RO         4520    locale$$code        c_w.l(lc_numeric_c.o)
    0x0800594c   0x0800594c   0x0000002c   Code   RO         4545    locale$$code        c_w.l(lc_ctype_c.o)
    0x08005978   0x08005978   0x00000062   Code   RO         4138    x$fpl$d2f           fz_ws.l(d2f.o)
    0x080059da   0x080059da   0x00000002   PAD
    0x080059dc   0x080059dc   0x00000150   Code   RO         4140    x$fpl$dadd          fz_ws.l(daddsub_clz.o)
    0x08005b2c   0x08005b2c   0x00000010   Code   RO         4534    x$fpl$dcheck1       fz_ws.l(dcheck1.o)
    0x08005b3c   0x08005b3c   0x00000018   Code   RO         4366    x$fpl$dcmpinf       fz_ws.l(dcmpi.o)
    0x08005b54   0x08005b54   0x000002b0   Code   RO         4147    x$fpl$ddiv          fz_ws.l(ddiv.o)
    0x08005e04   0x08005e04   0x0000005e   Code   RO         4150    x$fpl$dfix          fz_ws.l(dfix.o)
    0x08005e62   0x08005e62   0x00000002   PAD
    0x08005e64   0x08005e64   0x0000005a   Code   RO         4154    x$fpl$dfixu         fz_ws.l(dfixu.o)
    0x08005ebe   0x08005ebe   0x0000002e   Code   RO         4159    x$fpl$dflt          fz_ws.l(dflt_clz.o)
    0x08005eec   0x08005eec   0x00000026   Code   RO         4158    x$fpl$dfltu         fz_ws.l(dflt_clz.o)
    0x08005f12   0x08005f12   0x00000002   PAD
    0x08005f14   0x08005f14   0x00000078   Code   RO         4164    x$fpl$dleqf         fz_ws.l(dleqf.o)
    0x08005f8c   0x08005f8c   0x00000154   Code   RO         4166    x$fpl$dmul          fz_ws.l(dmul.o)
    0x080060e0   0x080060e0   0x0000009c   Code   RO         4368    x$fpl$dnaninf       fz_ws.l(dnaninf.o)
    0x0800617c   0x0800617c   0x0000000c   Code   RO         4370    x$fpl$dretinf       fz_ws.l(dretinf.o)
    0x08006188   0x08006188   0x0000006c   Code   RO         4168    x$fpl$drleqf        fz_ws.l(drleqf.o)
    0x080061f4   0x080061f4   0x00000016   Code   RO         4141    x$fpl$drsb          fz_ws.l(daddsub_clz.o)
    0x0800620a   0x0800620a   0x00000002   PAD
    0x0800620c   0x0800620c   0x000001cc   Code   RO         4374    x$fpl$dsqrt         fz_ws.l(dsqrt_noumaal.o)
    0x080063d8   0x080063d8   0x000001d4   Code   RO         4142    x$fpl$dsub          fz_ws.l(daddsub_clz.o)
    0x080065ac   0x080065ac   0x00000056   Code   RO         4170    x$fpl$f2d           fz_ws.l(f2d.o)
    0x08006602   0x08006602   0x00000002   PAD
    0x08006604   0x08006604   0x000000c4   Code   RO         4172    x$fpl$fadd          fz_ws.l(faddsub_clz.o)
    0x080066c8   0x080066c8   0x00000018   Code   RO         4376    x$fpl$fcmpinf       fz_ws.l(fcmpi.o)
    0x080066e0   0x080066e0   0x00000184   Code   RO         4179    x$fpl$fdiv          fz_ws.l(fdiv.o)
    0x08006864   0x08006864   0x00000036   Code   RO         4182    x$fpl$ffix          fz_ws.l(ffix.o)
    0x0800689a   0x0800689a   0x00000002   PAD
    0x0800689c   0x0800689c   0x00000030   Code   RO         4187    x$fpl$fflt          fz_ws.l(fflt_clz.o)
    0x080068cc   0x080068cc   0x00000068   Code   RO         4192    x$fpl$fleqf         fz_ws.l(fleqf.o)
    0x08006934   0x08006934   0x00000102   Code   RO         4194    x$fpl$fmul          fz_ws.l(fmul.o)
    0x08006a36   0x08006a36   0x0000008c   Code   RO         4378    x$fpl$fnaninf       fz_ws.l(fnaninf.o)
    0x08006ac2   0x08006ac2   0x0000000a   Code   RO         4380    x$fpl$fretinf       fz_ws.l(fretinf.o)
    0x08006acc   0x08006acc   0x00000062   Code   RO         4196    x$fpl$frleqf        fz_ws.l(frleqf.o)
    0x08006b2e   0x08006b2e   0x00000002   PAD
    0x08006b30   0x08006b30   0x000000ea   Code   RO         4174    x$fpl$fsub          fz_ws.l(faddsub_clz.o)
    0x08006c1a   0x08006c1a   0x00000004   Code   RO         4382    x$fpl$printf1       fz_ws.l(printf1.o)
    0x08006c1e   0x08006c1e   0x00000004   Code   RO         4384    x$fpl$printf2       fz_ws.l(printf2.o)
    0x08006c22   0x08006c22   0x00000064   Code   RO         4551    x$fpl$retnan        fz_ws.l(retnan.o)
    0x08006c86   0x08006c86   0x0000005c   Code   RO         4474    x$fpl$scalbn        fz_ws.l(scalbn.o)
    0x08006ce2   0x08006ce2   0x00000030   Code   RO         4569    x$fpl$trapveneer    fz_ws.l(trapv.o)
    0x08006d12   0x08006d12   0x00000000   Code   RO         4390    x$fpl$usenofp       fz_ws.l(usenofp.o)
    0x08006d12   0x08006d12   0x000021b4   Data   RO         3771    .constdata          oled_data.o
    0x08008ec6   0x08008ec6   0x00000002   PAD
    0x08008ec8   0x08008ec8   0x00000008   Data   RO         4244    .constdata          c_w.l(_printf_wctomb.o)
    0x08008ed0   0x08008ed0   0x00000028   Data   RO         4273    .constdata          c_w.l(_printf_hex_int_ll_ptr.o)
    0x08008ef8   0x08008ef8   0x00000011   Data   RO         4293    .constdata          c_w.l(__printf_flags_ss_wp.o)
    0x08008f09   0x08008f09   0x0000000c   Data   RO         4318    .constdata          c_w.l(_monlen.o)
    0x08008f15   0x08008f15   0x00000003   PAD
    0x08008f18   0x08008f18   0x00000098   Data   RO         4393    .constdata          m_ws.l(atan.o)
    0x08008fb0   0x08008fb0   0x00000030   Data   RO         4402    .constdata          m_ws.l(cos_i.o)
    0x08008fe0   0x08008fe0   0x00000008   Data   RO         4418    .constdata          m_ws.l(qnan.o)
    0x08008fe8   0x08008fe8   0x000000c8   Data   RO         4421    .constdata          m_ws.l(rred.o)
    0x080090b0   0x080090b0   0x00000028   Data   RO         4425    .constdata          m_ws.l(sin_i.o)
    0x080090d8   0x080090d8   0x00000026   Data   RO         4457    .constdata          c_w.l(_printf_fp_hex.o)
    0x080090fe   0x080090fe   0x00000002   PAD
    0x08009100   0x08009100   0x00000094   Data   RO         4495    .constdata          c_w.l(bigflt0.o)
    0x08009194   0x08009194   0x00000020   Data   RO         4616    Region$$Table       anon$$obj.o
    0x080091b4   0x080091b4   0x0000001c   Data   RO         4519    locale$$data        c_w.l(lc_numeric_c.o)
    0x080091d0   0x080091d0   0x00000110   Data   RO         4544    locale$$data        c_w.l(lc_ctype_c.o)


    Execution Region RW_IRAM1 (Exec base: 0x20000000, Load base: 0x080092e0, Size: 0x00000c20, Max: 0x00005000, ABSOLUTE)

    Exec Addr    Load Addr    Size         Type   Attr      Idx    E Section Name        Object

    0x20000000   0x080092e0   0x00000018   Data   RW         3223    .data               myrtc.o
    0x20000018   0x080092f8   0x00000003   Data   RW         3314    .data               key.o
    0x2000001b   0x080092fb   0x00000005   PAD
    0x20000020   0x08009300   0x0000006b   Data   RW         3370    .data               menu.o
    0x2000008b   0x0800936b   0x00000001   PAD
    0x2000008c   0x0800936c   0x00000008   Data   RW         3793    .data               settime.o
    0x20000094   0x08009374   0x00000015   Data   RW         3967    .data               dino.o
    0x200000a9   0x08009389   0x00000003   PAD
    0x200000ac        -       0x00000400   Zero   RW         3569    .bss                oled.o
    0x200004ac        -       0x000000e4   Zero   RW         4122    .bss                c_w.l(rand.o)
    0x20000590        -       0x0000002c   Zero   RW         4130    .bss                c_w.l(localtime.o)
    0x200005bc        -       0x00000060   Zero   RW         4481    .bss                c_w.l(libspace.o)
    0x2000061c   0x08009389   0x00000004   PAD
    0x20000620        -       0x00000200   Zero   RW            2    HEAP                startup_stm32f10x_md.o
    0x20000820        -       0x00000400   Zero   RW            1    STACK               startup_stm32f10x_md.o


==============================================================================

Image component sizes


      Code (inc. data)   RO Data    RW Data    ZI Data      Debug   Object Name

         0          0          0          0          0       4508   core_cm3.o
        94          0          0          0          0       1392   delay.o
       904        156          0         21          0       4997   dino.o
       204         32          0          3          0       2176   key.o
        84         14          0          0          0       1288   led.o
        80          0          0          0          0        929   main.o
      3860        468          0        107          0      13596   menu.o
       132         22          0          0          0     204743   misc.o
       336          0          0          0          0       2750   mpu6050.o
       344         18          0          0          0       4822   myi2c.o
       262         10          0         24          0       3007   myrtc.o
      2924         68          0          0       1024      15508   oled.o
         0          0       8628          0          0       1582   oled_data.o
      1400        134          0          8          0       5587   settime.o
        64         26        236          0       1536        820   startup_stm32f10x_md.o
         0          0          0          0          0       1656   stm32f10x_adc.o
        56         10          0          0          0       2079   stm32f10x_bkp.o
       314          0          0          0          0      12320   stm32f10x_gpio.o
        26          0          0          0          0       3722   stm32f10x_it.o
        12          6          0          0          0        474   stm32f10x_pwr.o
       204         32          0          0          0       3133   stm32f10x_rcc.o
       176         34          0          0          0       3263   stm32f10x_rtc.o
       264         42          0          0          0      24608   stm32f10x_tim.o
       328         28          0          0          0      30473   system_stm32f10x.o
       124          0          0          0          0        545   timer.o

    ----------------------------------------------------------------------
     12208       1100       8898        172       2560     349978   Object Totals
         0          0         32          0          0          0   (incl. Generated)
        16          0          2          9          0          0   (incl. Padding)

    ----------------------------------------------------------------------

      Code (inc. data)   RO Data    RW Data    ZI Data      Debug   Library Member Name

         8          0          0          0          0         68   __main.o
       392          4         17          0          0         92   __printf_flags_ss_wp.o
        14          0          0          0          0         68   __printf_wp.o
         0          0          0          0          0          0   __rtentry.o
        12          0          0          0          0          0   __rtentry2.o
         6          0          0          0          0          0   __rtentry4.o
        52          8          0          0          0          0   __scatter.o
        26          0          0          0          0          0   __scatter_copy.o
        28          0          0          0          0          0   __scatter_zi.o
         0          0         12          0          0          0   _monlen.o
         6          0          0          0          0          0   _printf_a.o
         6          0          0          0          0          0   _printf_c.o
        44          0          0          0          0        108   _printf_char.o
        48          6          0          0          0         96   _printf_char_common.o
        40          0          0          0          0         68   _printf_charcount.o
         6          0          0          0          0          0   _printf_d.o
       120         16          0          0          0         92   _printf_dec.o
         6          0          0          0          0          0   _printf_e.o
         6          0          0          0          0          0   _printf_f.o
      1054          0          0          0          0        216   _printf_fp_dec.o
       764          8         38          0          0        100   _printf_fp_hex.o
       128         16          0          0          0         84   _printf_fp_infnan.o
         6          0          0          0          0          0   _printf_g.o
       148          4         40          0          0        160   _printf_hex_int_ll_ptr.o
         6          0          0          0          0          0   _printf_i.o
       178          0          0          0          0         88   _printf_intcommon.o
        10          0          0          0          0          0   _printf_l.o
         6          0          0          0          0          0   _printf_lc.o
        10          0          0          0          0          0   _printf_ll.o
         6          0          0          0          0          0   _printf_lld.o
         6          0          0          0          0          0   _printf_lli.o
         6          0          0          0          0          0   _printf_llo.o
         6          0          0          0          0          0   _printf_llu.o
         6          0          0          0          0          0   _printf_llx.o
       124         16          0          0          0         92   _printf_longlong_dec.o
         6          0          0          0          0          0   _printf_ls.o
         6          0          0          0          0          0   _printf_n.o
         6          0          0          0          0          0   _printf_o.o
       112         10          0          0          0        124   _printf_oct_int_ll.o
         6          0          0          0          0          0   _printf_p.o
        78          0          0          0          0        108   _printf_pad.o
         0          0          0          0          0          0   _printf_percent.o
         4          0          0          0          0          0   _printf_percent_end.o
         6          0          0          0          0          0   _printf_s.o
        82          0          0          0          0         80   _printf_str.o
        36          0          0          0          0         84   _printf_truncate.o
         6          0          0          0          0          0   _printf_u.o
        44          0          0          0          0        108   _printf_wchar.o
       188          6          8          0          0         92   _printf_wctomb.o
         6          0          0          0          0          0   _printf_x.o
        22          0          0          0          0        100   _rserrno.o
        10          0          0          0          0         68   _sputc.o
        64          0          0          0          0         92   _wcrtomb.o
       228          4        148          0          0         96   bigflt0.o
      1936        128          0          0          0        672   btod.o
        18          0          0          0          0         80   exit.o
         6          0          0          0          0        152   heapauxi.o
         0          0          0          0          0          0   indicate_semi.o
        44         10        272          0          0         76   lc_ctype_c.o
        44         10         28          0          0         76   lc_numeric_c.o
         2          0          0          0          0          0   libinit.o
        34          0          0          0          0          0   libinit2.o
         2          0          0          0          0          0   libshutdown.o
         2          0          0          0          0          0   libshutdown2.o
         8          4          0          0         96         68   libspace.o
       138          0          0          0          0         80   lludiv10.o
        12          6          0          0         44         68   localtime.o
       184          6          0          0          0         80   localtime_internal.o
       428         10          0          0          0        116   mktime.o
       112         18          0          0        228        160   rand.o
        16          4          0          0          0         76   rt_ctype_table.o
         8          4          0          0          0         68   rt_errno_addr_intlibspace.o
         8          4          0          0          0         68   rt_locale_intlibspace.o
        78          0          0          0          0         80   rt_memclr_w.o
       100          0          0          0          0         80   rt_memcpy_w.o
         2          0          0          0          0          0   rtexit.o
        10          0          0          0          0          0   rtexit2.o
       128          0          0          0          0         68   strcmpv7m.o
        12          4          0          0          0         68   sys_exit.o
        74          0          0          0          0         80   sys_stackheap_outer.o
         2          0          0          0          0         68   use_no_semi.o
        36          4          0          0          0         76   vsprintf.o
        98          4          0          0          0         92   d2f.o
       826         16          0          0          0        348   daddsub_clz.o
        16          4          0          0          0         68   dcheck1.o
        24          0          0          0          0         68   dcmpi.o
       688        140          0          0          0        208   ddiv.o
        94          4          0          0          0         92   dfix.o
        90          4          0          0          0         92   dfixu.o
        84          0          0          0          0        136   dflt_clz.o
       120          4          0          0          0         92   dleqf.o
       340         12          0          0          0        104   dmul.o
       156          4          0          0          0         92   dnaninf.o
        12          0          0          0          0         68   dretinf.o
       108          0          0          0          0         80   drleqf.o
       460         56          0          0          0        120   dsqrt_noumaal.o
        86          4          0          0          0         84   f2d.o
       430          8          0          0          0        168   faddsub_clz.o
        24          0          0          0          0         68   fcmpi.o
       388         76          0          0          0         96   fdiv.o
        54          4          0          0          0         84   ffix.o
        48          0          0          0          0         68   fflt_clz.o
       104          4          0          0          0         84   fleqf.o
       258          4          0          0          0         84   fmul.o
       140          4          0          0          0         84   fnaninf.o
        10          0          0          0          0         68   fretinf.o
        98          0          0          0          0         68   frleqf.o
         4          0          0          0          0         68   printf1.o
         4          0          0          0          0         68   printf2.o
       100          0          0          0          0         68   retnan.o
        92          0          0          0          0         68   scalbn.o
        48          0          0          0          0         68   trapv.o
         0          0          0          0          0          0   usenofp.o
       544         70        152          0          0        124   atan.o
       384         38          0          0          0        144   atan2.o
       252         22         48          0          0        124   cos_i.o
        38          6          0          0          0        272   dunder.o
        40          0          0          0          0         68   fpclassify.o
       170          0          0          0          0         96   poly.o
         0          0          8          0          0          0   qnan.o
       904         76        200          0          0        140   rred.o
       160         10          0          0          0        108   sin.o
       236         12         40          0          0        128   sin_i.o
        76          0          0          0          0         84   sqrt.o

    ----------------------------------------------------------------------
     15478        896       1016          0        372       8888   Library Totals
        32          0          5          0          4          0   (incl. Padding)

    ----------------------------------------------------------------------

      Code (inc. data)   RO Data    RW Data    ZI Data      Debug   Library Name

      7638        310        563          0        368       4644   c_w.l
      5004        352          0          0          0       2956   fz_ws.l
      2804        234        448          0          0       1288   m_ws.l

    ----------------------------------------------------------------------
     15478        896       1016          0        372       8888   Library Totals

    ----------------------------------------------------------------------

==============================================================================


      Code (inc. data)   RO Data    RW Data    ZI Data      Debug   

     27686       1996       9914        172       2932     347162   Grand Totals
     27686       1996       9914        172       2932     347162   ELF Image Totals
     27686       1996       9914        172          0          0   ROM Totals

==============================================================================

    Total RO  Size (Code + RO Data)                37600 (  36.72kB)
    Total RW  Size (RW Data + ZI Data)              3104 (   3.03kB)
    Total ROM Size (Code + RO Data + RW Data)      37772 (  36.89kB)

==============================================================================

